Archive member included because of file (symbol)

contiki-wismote.a(contiki-wismote)
                              obj_wismote/contiki-wismote-main.o (init_platform)
contiki-wismote.a(button-sensor.o)
                              border-router.co (button_sensor)
contiki-wismote.a(node-id.o)  obj_wismote/contiki-wismote-main.o (node_id)
contiki-wismote.a(sensors.o)  border-router.co (sensors_event)
contiki-wismote.a(cc2520.o)   obj_wismote/contiki-wismote-main.o (cc2520_set_channel)
contiki-wismote.a(cc2520-arch.o)
                              contiki-wismote.a(cc2520.o) (cc2520_arch_init)
contiki-wismote.a(uart1.o)    obj_wismote/contiki-wismote-main.o (uart1_active)
contiki-wismote.a(slip_uart1.o)
                              obj_wismote/slip-bridge.o (slip_arch_writeb)
contiki-wismote.a(slip.o)     obj_wismote/slip-bridge.o (slip_process)
contiki-wismote.a(msp430.o)   obj_wismote/contiki-wismote-main.o (msp430_cpu_init)
contiki-wismote.a(clock.o)    obj_wismote/contiki-wismote-main.o (clock_init)
contiki-wismote.a(leds.o)     obj_wismote/contiki-wismote-main.o (leds_init)
contiki-wismote.a(leds-arch.o)
                              contiki-wismote.a(leds.o) (leds_arch_init)
contiki-wismote.a(watchdog.o)
                              obj_wismote/contiki-wismote-main.o (watchdog_start)
contiki-wismote.a(rtimer-arch.o)
                              obj_wismote/contiki-wismote-main.o (rtimer_arch_now)
contiki-wismote.a(autostart.o)
                              obj_wismote/contiki-wismote-main.o (autostart_start)
contiki-wismote.a(ctimer.o)   obj_wismote/contiki-wismote-main.o (ctimer_init)
contiki-wismote.a(energest.o)
                              obj_wismote/contiki-wismote-main.o (energest_init)
contiki-wismote.a(etimer.o)   contiki-wismote.a(clock.o) (etimer_request_poll)
contiki-wismote.a(process.o)  border-router.co (process_current)
contiki-wismote.a(rtimer.o)   obj_wismote/contiki-wismote-main.o (rtimer_init)
contiki-wismote.a(timer.o)    obj_wismote/httpd-simple.o (timer_set)
contiki-wismote.a(list.o)     contiki-wismote.a(ctimer.o) (list_init)
contiki-wismote.a(memb.o)     obj_wismote/httpd-simple.o (memb_init)
contiki-wismote.a(linkaddr.o)
                              obj_wismote/contiki-wismote-main.o (linkaddr_copy)
contiki-wismote.a(nbr-table.o)
                              border-router.co (nbr_table_next)
contiki-wismote.a(packetbuf.o)
                              contiki-wismote.a(cc2520.o) (packetbuf_set_datalen)
contiki-wismote.a(queuebuf.o)
                              obj_wismote/contiki-wismote-main.o (queuebuf_init)
contiki-wismote.a(psock.o)    border-router.co (psock_send)
contiki-wismote.a(tcpip.o)    obj_wismote/httpd-simple.o (tcp_listen)
contiki-wismote.a(uip-debug.o)
                              border-router.co (uip_debug_ipaddr_print)
contiki-wismote.a(sicslowpan.o)
                              obj_wismote/contiki-wismote-main.o (sicslowpan_driver)
contiki-wismote.a(uip6.o)     border-router.co (uip_aligned_buf)
contiki-wismote.a(uip-ds6.o)  contiki-wismote.a(tcpip.o) (uip_ds6_is_addr_onlink)
contiki-wismote.a(uip-ds6-nbr.o)
                              border-router.co (ds6_neighbors)
contiki-wismote.a(uip-ds6-route.o)
                              contiki-wismote.a(uip-ds6.o) (uip_ds6_route_init)
contiki-wismote.a(uip-gw-fwd.o)
                              contiki-wismote.a(uip-ds6.o) (uip_gw_fwd_init)
contiki-wismote.a(uip-icmp6.o)
                              contiki-wismote.a(uip6.o) (uip_icmp6_input)
contiki-wismote.a(csma.o)     border-router.co (csma_driver)
contiki-wismote.a(framer-802154.o)
                              contiki-wismote.a(sicslowpan.o) (framer_802154)
contiki-wismote.a(framer.o)   contiki-wismote.a(framer-802154.o) (framer_canonical_create_and_secure)
contiki-wismote.a(mac.o)      contiki-wismote.a(csma.o) (mac_call_sent_callback)
contiki-wismote.a(nullrdc.o)  obj_wismote/contiki-wismote-main.o (nullrdc_driver)
contiki-wismote.a(rpl.o)      contiki-wismote.a(uip-ds6-nbr.o) (rpl_link_neighbor_callback)
contiki-wismote.a(rpl-dag.o)  contiki-wismote.a(rpl.o) (rpl_dag_init)
contiki-wismote.a(rpl-ext-header.)
                              contiki-wismote.a(uip6.o) (rpl_verify_header)
contiki-wismote.a(rpl-icmp6.o)
                              contiki-wismote.a(rpl.o) (dis_output)
contiki-wismote.a(rpl-mrhof.o)
                              contiki-wismote.a(rpl.o) (rpl_mrhof)
contiki-wismote.a(rpl-timers.o)
                              contiki-wismote.a(rpl.o) (rpl_reset_periodic_timer)
contiki-wismote.a(nullsec.o)  contiki-wismote.a(sicslowpan.o) (nullsec_driver)
contiki-wismote.a(spi.o)      contiki-wismote.a(cc2520-arch.o) (spi_init)
contiki-wismote.a(stimer.o)   contiki-wismote.a(uip-ds6.o) (stimer_set)
contiki-wismote.a(random.o)   contiki-wismote.a(uip-ds6.o) (random_rand)
contiki-wismote.a(frame802154.o)
                              contiki-wismote.a(framer-802154.o) (frame802154_hdrlen)
contiki-wismote.a(mac-sequence.o)
[...]
Memory Configuration

Name             Origin             Length             Attributes
sfr              0x00000000         0x00000010
peripheral_8bit  0x00000010         0x000000f0
peripheral_16bit 0x00000100         0x00000100
bsl              0x00001000         0x00000800
infomem          0x00001800         0x00000200
infod            0x00001800         0x00000080
infoc            0x00001880         0x00000080
infob            0x00001900         0x00000080
infoa            0x00001980         0x00000080
ram              0x00001c00         0x00004000         xw
rom              0x00005c00         0x0000a380         xr
vectors          0x0000ff80         0x00000080
far_rom          0x00010000         0x00035c00
ram2             0x00000000         0x00000000         xw
ram_mirror       0x00000000         0x00000000         xw
usbram           0x00000000         0x00000000         xw
*default*        0x00000000         0xffffffff

Linker script and memory map

LOAD /usr/local/msp430/bin/../lib/gcc/msp430/4.7.0/mcpu-430x/mmpy-16/msr20/mc20/crt0ivtbl64.o
LOAD border-router.co
LOAD obj_wismote/slip-bridge.o
LOAD obj_wismote/httpd-simple.o
LOAD obj_wismote/contiki-wismote-main.o
LOAD contiki-wismote.a
LOAD /usr/local/msp430/bin/../lib/gcc/msp430/4.7.0/mcpu-430x/mmpy-16/msr20/mc20/libgcc.a
LOAD /usr/local/msp430/bin/../lib/gcc/msp430/4.7.0/../../../../msp430/lib/mcpu-430x/mmpy-16/msr20/mc20/libc.a
LOAD /usr/local/msp430/bin/../lib/gcc/msp430/4.7.0/mcpu-430x/mmpy-16/msr20/mc20/libgcc.a
LOAD /usr/local/msp430/bin/../lib/gcc/msp430/4.7.0/mcpu-430x/mmpy-16/msr20/mc20/libcrt0.a
                0x00000080                PROVIDE (__info_segment_size, 0x80)
                0x00001800                PROVIDE (__infod, 0x1800)
                0x00001880                PROVIDE (__infoc, 0x1880)
                0x00001900                PROVIDE (__infob, 0x1900)
                0x00001980                PROVIDE (__infoa, 0x1980)
                0x00000700                __ADC12CTL0_L = 0x700
                0x00000701                __ADC12CTL0_H = 0x701
                0x00000700                __ADC12CTL0 = 0x700
                0x00000702                __ADC12CTL1_L = 0x702
                0x00000703                __ADC12CTL1_H = 0x703
                0x00000702                __ADC12CTL1 = 0x702
                0x00000704                __ADC12CTL2_L = 0x704
                0x00000705                __ADC12CTL2_H = 0x705
                0x00000704                __ADC12CTL2 = 0x704
                0x0000070a                __ADC12IFG_L = 0x70a
                0x0000070b                __ADC12IFG_H = 0x70b
                0x0000070a                __ADC12IFG = 0x70a
                0x0000070c                __ADC12IE_L = 0x70c
                0x0000070d                __ADC12IE_H = 0x70d
                0x0000070c                __ADC12IE = 0x70c
                0x0000070e                __ADC12IV_L = 0x70e
                0x0000070f                __ADC12IV_H = 0x70f
                0x0000070e                __ADC12IV = 0x70e
                0x00000720                __ADC12MEM0_L = 0x720
                0x00000721                __ADC12MEM0_H = 0x721
                0x00000720                __ADC12MEM0 = 0x720
                0x00000722                __ADC12MEM1_L = 0x722
                0x00000723                __ADC12MEM1_H = 0x723
                0x00000722                __ADC12MEM1 = 0x722
                0x00000724                __ADC12MEM2_L = 0x724
                0x00000725                __ADC12MEM2_H = 0x725
                0x00000724                __ADC12MEM2 = 0x724
                0x00000726                __ADC12MEM3_L = 0x726
                0x00000727                __ADC12MEM3_H = 0x727
                0x00000726                __ADC12MEM3 = 0x726
                0x00000728                __ADC12MEM4_L = 0x728
                0x00000729                __ADC12MEM4_H = 0x729
                0x00000728                __ADC12MEM4 = 0x728
                0x0000072a                __ADC12MEM5_L = 0x72a
                0x0000072b                __ADC12MEM5_H = 0x72b
                0x0000072a                __ADC12MEM5 = 0x72a
                0x0000072c                __ADC12MEM6_L = 0x72c
                0x0000072d                __ADC12MEM6_H = 0x72d
                0x0000072c                __ADC12MEM6 = 0x72c
                0x0000072e                __ADC12MEM7_L = 0x72e
                0x0000072f                __ADC12MEM7_H = 0x72f
                0x0000072e                __ADC12MEM7 = 0x72e
                0x00000730                __ADC12MEM8_L = 0x730
                0x00000731                __ADC12MEM8_H = 0x731
                0x00000730                __ADC12MEM8 = 0x730
                0x00000732                __ADC12MEM9_L = 0x732
                0x00000733                __ADC12MEM9_H = 0x733
                0x00000732                __ADC12MEM9 = 0x732
                0x00000734                __ADC12MEM10_L = 0x734
                0x00000735                __ADC12MEM10_H = 0x735
                0x00000734                __ADC12MEM10 = 0x734
                0x00000736                __ADC12MEM11_L = 0x736
                0x00000737                __ADC12MEM11_H = 0x737
                0x00000736                __ADC12MEM11 = 0x736
                0x00000738                __ADC12MEM12_L = 0x738
                0x00000739                __ADC12MEM12_H = 0x739
                0x00000738                __ADC12MEM12 = 0x738
                0x0000073a                __ADC12MEM13_L = 0x73a
                0x0000073b                __ADC12MEM13_H = 0x73b
                0x0000073a                __ADC12MEM13 = 0x73a
                0x0000073c                __ADC12MEM14_L = 0x73c
                0x0000073d                __ADC12MEM14_H = 0x73d
                0x0000073c                __ADC12MEM14 = 0x73c
                0x0000073e                __ADC12MEM15_L = 0x73e
                0x0000073f                __ADC12MEM15_H = 0x73f
                0x0000073e                __ADC12MEM15 = 0x73e
                0x00000710                __ADC12MCTL0 = 0x710
                0x00000711                __ADC12MCTL1 = 0x711
                0x00000712                __ADC12MCTL2 = 0x712
                0x00000713                __ADC12MCTL3 = 0x713
                0x00000714                __ADC12MCTL4 = 0x714
                0x00000715                __ADC12MCTL5 = 0x715
                0x00000716                __ADC12MCTL6 = 0x716
                0x00000717                __ADC12MCTL7 = 0x717
                0x00000718                __ADC12MCTL8 = 0x718
                0x00000719                __ADC12MCTL9 = 0x719
                0x0000071a                __ADC12MCTL10 = 0x71a
                0x0000071b                __ADC12MCTL11 = 0x71b
                0x0000071c                __ADC12MCTL12 = 0x71c
                0x0000071d                __ADC12MCTL13 = 0x71d
                0x0000071e                __ADC12MCTL14 = 0x71e
                0x0000071f                __ADC12MCTL15 = 0x71f
                0x00000150                __CRCDI_L = 0x150
                0x00000151                __CRCDI_H = 0x151
                0x00000150                __CRCDI = 0x150
                0x00000154                __CRCINIRES_L = 0x154
                0x00000155                __CRCINIRES_H = 0x155
                0x00000154                __CRCINIRES = 0x154
                0x00000500                __DMACTL0_L = 0x500
                0x00000501                __DMACTL0_H = 0x501
                0x00000500                __DMACTL0 = 0x500
                0x00000502                __DMACTL1_L = 0x502
                0x00000503                __DMACTL1_H = 0x503
                0x00000502                __DMACTL1 = 0x502
                0x00000504                __DMACTL2_L = 0x504
                0x00000505                __DMACTL2_H = 0x505
                0x00000504                __DMACTL2 = 0x504
                0x00000506                __DMACTL3_L = 0x506
                0x00000507                __DMACTL3_H = 0x507
                0x00000506                __DMACTL3 = 0x506
                0x00000508                __DMACTL4_L = 0x508
                0x00000509                __DMACTL4_H = 0x509
                0x00000508                __DMACTL4 = 0x508
                0x0000050e                __DMAIV_L = 0x50e
                0x0000050f                __DMAIV_H = 0x50f
                0x0000050e                __DMAIV = 0x50e
                0x00000510                __DMA0CTL_L = 0x510
                0x00000511                __DMA0CTL_H = 0x511
                0x00000510                __DMA0CTL = 0x510
                0x00000512                __DMA0SA = 0x512
                0x00000516                __DMA0DA = 0x516
                0x0000051a                __DMA0SZ = 0x51a
                0x00000520                __DMA1CTL_L = 0x520
                0x00000521                __DMA1CTL_H = 0x521
                0x00000520                __DMA1CTL = 0x520
                0x00000522                __DMA1SA = 0x522
                0x00000526                __DMA1DA = 0x526
                0x0000052a                __DMA1SZ = 0x52a
                0x00000530                __DMA2CTL_L = 0x530
                0x00000531                __DMA2CTL_H = 0x531
                0x00000530                __DMA2CTL = 0x530
                0x00000532                __DMA2SA = 0x532
                0x00000536                __DMA2DA = 0x536
                0x0000053a                __DMA2SZ = 0x53a
                0x00000140                __FCTL1_L = 0x140
                0x00000141                __FCTL1_H = 0x141
                0x00000140                __FCTL1 = 0x140
                0x00000144                __FCTL3_L = 0x144
                0x00000145                __FCTL3_H = 0x145
                0x00000144                __FCTL3 = 0x144
                0x00000146                __FCTL4_L = 0x146
                0x00000147                __FCTL4_H = 0x147
                0x00000146                __FCTL4 = 0x146
                0x000004c0                __MPY_L = 0x4c0
                0x000004c1                __MPY_H = 0x4c1
                0x000004c0                __MPY = 0x4c0
                0x000004c2                __MPYS_L = 0x4c2
                0x000004c3                __MPYS_H = 0x4c3
                0x000004c2                __MPYS = 0x4c2
                0x000004c4                __MAC_L = 0x4c4
                0x000004c5                __MAC_H = 0x4c5
                0x000004c4                __MAC = 0x4c4
                0x000004c6                __MACS_L = 0x4c6
                0x000004c7                __MACS_H = 0x4c7
                0x000004c6                __MACS = 0x4c6
                0x000004c8                __OP2_L = 0x4c8
                0x000004c9                __OP2_H = 0x4c9
                0x000004c8                __OP2 = 0x4c8
                0x000004ca                __RESLO_L = 0x4ca
                0x000004cb                __RESLO_H = 0x4cb
                0x000004ca                __RESLO = 0x4ca
                0x000004cc                __RESHI_L = 0x4cc
                0x000004cd                __RESHI_H = 0x4cd
                0x000004cc                __RESHI = 0x4cc
                0x000004ce                __SUMEXT_L = 0x4ce
                0x000004cf                __SUMEXT_H = 0x4cf
                0x000004ce                __SUMEXT = 0x4ce
                0x000004d0                __MPY32L_L = 0x4d0
                0x000004d1                __MPY32L_H = 0x4d1
                0x000004d0                __MPY32L = 0x4d0
                0x000004d2                __MPY32H_L = 0x4d2
                0x000004d3                __MPY32H_H = 0x4d3
                0x000004d2                __MPY32H = 0x4d2
                0x000004d4                __MPYS32L_L = 0x4d4
                0x000004d5                __MPYS32L_H = 0x4d5
                0x000004d4                __MPYS32L = 0x4d4
                0x000004d6                __MPYS32H_L = 0x4d6
                0x000004d7                __MPYS32H_H = 0x4d7
                0x000004d6                __MPYS32H = 0x4d6
                0x000004d8                __MAC32L_L = 0x4d8
                0x000004d9                __MAC32L_H = 0x4d9
                0x000004d8                __MAC32L = 0x4d8
                0x000004da                __MAC32H_L = 0x4da
                0x000004db                __MAC32H_H = 0x4db
                0x000004da                __MAC32H = 0x4da
                0x000004dc                __MACS32L_L = 0x4dc
                0x000004dd                __MACS32L_H = 0x4dd
                0x000004dc                __MACS32L = 0x4dc
                0x000004de                __MACS32H_L = 0x4de
                0x000004df                __MACS32H_H = 0x4df
                0x000004de                __MACS32H = 0x4de
                0x000004e0                __OP2L_L = 0x4e0
                0x000004e1                __OP2L_H = 0x4e1
                0x000004e0                __OP2L = 0x4e0
                0x000004e2                __OP2H_L = 0x4e2
                0x000004e3                __OP2H_H = 0x4e3
                0x000004e2                __OP2H = 0x4e2
                0x000004e4                __RES0_L = 0x4e4
                0x000004e5                __RES0_H = 0x4e5
                0x000004e4                __RES0 = 0x4e4
                0x000004e6                __RES1_L = 0x4e6
                0x000004e7                __RES1_H = 0x4e7
                0x000004e6                __RES1 = 0x4e6
                0x000004e8                __RES2_L = 0x4e8
                0x000004e9                __RES2_H = 0x4e9
                0x000004e8                __RES2 = 0x4e8
                0x000004ea                __RES3_L = 0x4ea
                0x000004eb                __RES3_H = 0x4eb
                0x000004ea                __RES3 = 0x4ea
                0x000004ec                __MPY32CTL0_L = 0x4ec
                0x000004ed                __MPY32CTL0_H = 0x4ed
                0x000004ec                __MPY32CTL0 = 0x4ec
                0x00000200                __PAIN_L = 0x200
                0x00000201                __PAIN_H = 0x201
                0x00000200                __PAIN = 0x200
                0x00000202                __PAOUT_L = 0x202
                0x00000203                __PAOUT_H = 0x203
                0x00000202                __PAOUT = 0x202
                0x00000204                __PADIR_L = 0x204
                0x00000205                __PADIR_H = 0x205
                0x00000204                __PADIR = 0x204
                0x00000206                __PAREN_L = 0x206
                0x00000207                __PAREN_H = 0x207
                0x00000206                __PAREN = 0x206
                0x00000208                __PADS_L = 0x208
                0x00000209                __PADS_H = 0x209
                0x00000208                __PADS = 0x208
                0x0000020a                __PASEL_L = 0x20a
                0x0000020b                __PASEL_H = 0x20b
                0x0000020a                __PASEL = 0x20a
                0x00000218                __PAIES_L = 0x218
                0x00000219                __PAIES_H = 0x219
                0x00000218                __PAIES = 0x218
                0x0000021a                __PAIE_L = 0x21a
                0x0000021b                __PAIE_H = 0x21b
                0x0000021a                __PAIE = 0x21a
                0x0000021c                __PAIFG_L = 0x21c
                0x0000021d                __PAIFG_H = 0x21d
                0x0000021c                __PAIFG = 0x21c
                0x0000020e                __P1IV = 0x20e
                0x0000021e                __P2IV = 0x21e
                0x00000220                __PBIN_L = 0x220
                0x00000221                __PBIN_H = 0x221
                0x00000220                __PBIN = 0x220
                0x00000222                __PBOUT_L = 0x222
                0x00000223                __PBOUT_H = 0x223
                0x00000222                __PBOUT = 0x222
                0x00000224                __PBDIR_L = 0x224
                0x00000225                __PBDIR_H = 0x225
                0x00000224                __PBDIR = 0x224
                0x00000226                __PBREN_L = 0x226
                0x00000227                __PBREN_H = 0x227
                0x00000226                __PBREN = 0x226
                0x00000228                __PBDS_L = 0x228
                0x00000229                __PBDS_H = 0x229
                0x00000228                __PBDS = 0x228
                0x0000022a                __PBSEL_L = 0x22a
                0x0000022b                __PBSEL_H = 0x22b
                0x0000022a                __PBSEL = 0x22a
                0x00000240                __PCIN_L = 0x240
                0x00000241                __PCIN_H = 0x241
                0x00000240                __PCIN = 0x240
                0x00000242                __PCOUT_L = 0x242
                0x00000243                __PCOUT_H = 0x243
                0x00000242                __PCOUT = 0x242
                0x00000244                __PCDIR_L = 0x244
                0x00000245                __PCDIR_H = 0x245
                0x00000244                __PCDIR = 0x244
                0x00000246                __PCREN_L = 0x246
                0x00000247                __PCREN_H = 0x247
                0x00000246                __PCREN = 0x246
                0x00000248                __PCDS_L = 0x248
                0x00000249                __PCDS_H = 0x249
                0x00000248                __PCDS = 0x248
                0x0000024a                __PCSEL_L = 0x24a
                0x0000024b                __PCSEL_H = 0x24b
                0x0000024a                __PCSEL = 0x24a
                0x00000260                __PDIN_L = 0x260
                0x00000261                __PDIN_H = 0x261
                0x00000260                __PDIN = 0x260
                0x00000262                __PDOUT_L = 0x262
                0x00000263                __PDOUT_H = 0x263
                0x00000262                __PDOUT = 0x262
                0x00000264                __PDDIR_L = 0x264
                0x00000265                __PDDIR_H = 0x265
                0x00000264                __PDDIR = 0x264
                0x00000266                __PDREN_L = 0x266
                0x00000267                __PDREN_H = 0x267
                0x00000266                __PDREN = 0x266
                0x00000268                __PDDS_L = 0x268
                0x00000269                __PDDS_H = 0x269
                0x00000268                __PDDS = 0x268
                0x0000026a                __PDSEL_L = 0x26a
                0x0000026b                __PDSEL_H = 0x26b
                0x0000026a                __PDSEL = 0x26a
                0x00000280                __PEIN_L = 0x280
                0x00000281                __PEIN_H = 0x281
                0x00000280                __PEIN = 0x280
                0x00000282                __PEOUT_L = 0x282
                0x00000283                __PEOUT_H = 0x283
                0x00000282                __PEOUT = 0x282
                0x00000284                __PEDIR_L = 0x284
                0x00000285                __PEDIR_H = 0x285
                0x00000284                __PEDIR = 0x284
                0x00000286                __PEREN_L = 0x286
                0x00000287                __PEREN_H = 0x287
                0x00000286                __PEREN = 0x286
                0x00000288                __PEDS_L = 0x288
                0x00000289                __PEDS_H = 0x289
                0x00000288                __PEDS = 0x288
                0x0000028a                __PESEL_L = 0x28a
                0x0000028b                __PESEL_H = 0x28b
                0x0000028a                __PESEL = 0x28a
                0x000002a0                __PFIN_L = 0x2a0
                0x000002a1                __PFIN_H = 0x2a1
                0x000002a0                __PFIN = 0x2a0
                0x000002a2                __PFOUT_L = 0x2a2
                0x000002a3                __PFOUT_H = 0x2a3
                0x000002a2                __PFOUT = 0x2a2
                0x000002a4                __PFDIR_L = 0x2a4
                0x000002a5                __PFDIR_H = 0x2a5
                0x000002a4                __PFDIR = 0x2a4
                0x000002a6                __PFREN_L = 0x2a6
                0x000002a7                __PFREN_H = 0x2a7
                0x000002a6                __PFREN = 0x2a6
                0x000002a8                __PFDS_L = 0x2a8
                0x000002a9                __PFDS_H = 0x2a9
                0x000002a8                __PFDS = 0x2a8
                0x000002aa                __PFSEL_L = 0x2aa
                0x000002ab                __PFSEL_H = 0x2ab
                0x000002aa                __PFSEL = 0x2aa
                0x00000320                __PJIN_L = 0x320
                0x00000321                __PJIN_H = 0x321
                0x00000320                __PJIN = 0x320
                0x00000322                __PJOUT_L = 0x322
                0x00000323                __PJOUT_H = 0x323
                0x00000322                __PJOUT = 0x322
                0x00000324                __PJDIR_L = 0x324
                0x00000325                __PJDIR_H = 0x325
                0x00000324                __PJDIR = 0x324
                0x00000326                __PJREN_L = 0x326
                0x00000327                __PJREN_H = 0x327
                0x00000326                __PJREN = 0x326
                0x00000328                __PJDS_L = 0x328
                0x00000329                __PJDS_H = 0x329
                0x00000328                __PJDS = 0x328
                0x00000120                __PMMCTL0_L = 0x120
                0x00000121                __PMMCTL0_H = 0x121
                0x00000120                __PMMCTL0 = 0x120
                0x00000122                __PMMCTL1_L = 0x122
                0x00000123                __PMMCTL1_H = 0x123
                0x00000122                __PMMCTL1 = 0x122
                0x00000124                __SVSMHCTL_L = 0x124
                0x00000125                __SVSMHCTL_H = 0x125
                0x00000124                __SVSMHCTL = 0x124
                0x00000126                __SVSMLCTL_L = 0x126
                0x00000127                __SVSMLCTL_H = 0x127
                0x00000126                __SVSMLCTL = 0x126
                0x00000128                __SVSMIO_L = 0x128
                0x00000129                __SVSMIO_H = 0x129
                0x00000128                __SVSMIO = 0x128
                0x0000012c                __PMMIFG_L = 0x12c
                0x0000012d                __PMMIFG_H = 0x12d
                0x0000012c                __PMMIFG = 0x12c
                0x0000012e                __PMMRIE_L = 0x12e
                0x0000012f                __PMMRIE_H = 0x12f
                0x0000012e                __PMMRIE = 0x12e
                0x00000158                __RCCTL0_L = 0x158
                0x00000159                __RCCTL0_H = 0x159
                0x00000158                __RCCTL0 = 0x158
                0x000004a0                __RTCCTL01_L = 0x4a0
                0x000004a1                __RTCCTL01_H = 0x4a1
                0x000004a0                __RTCCTL01 = 0x4a0
                0x000004a2                __RTCCTL23_L = 0x4a2
                0x000004a3                __RTCCTL23_H = 0x4a3
                0x000004a2                __RTCCTL23 = 0x4a2
                0x000004a8                __RTCPS0CTL_L = 0x4a8
                0x000004a9                __RTCPS0CTL_H = 0x4a9
                0x000004a8                __RTCPS0CTL = 0x4a8
                0x000004aa                __RTCPS1CTL_L = 0x4aa
                0x000004ab                __RTCPS1CTL_H = 0x4ab
                0x000004aa                __RTCPS1CTL = 0x4aa
                0x000004ac                __RTCPS_L = 0x4ac
                0x000004ad                __RTCPS_H = 0x4ad
                0x000004ac                __RTCPS = 0x4ac
                0x000004ae                __RTCIV = 0x4ae
                0x000004b0                __RTCTIM0_L = 0x4b0
                0x000004b1                __RTCTIM0_H = 0x4b1
                0x000004b0                __RTCTIM0 = 0x4b0
                0x000004b2                __RTCTIM1_L = 0x4b2
                0x000004b3                __RTCTIM1_H = 0x4b3
                0x000004b2                __RTCTIM1 = 0x4b2
                0x000004b4                __RTCDATE_L = 0x4b4
                0x000004b5                __RTCDATE_H = 0x4b5
                0x000004b4                __RTCDATE = 0x4b4
                0x000004b6                __RTCYEAR_L = 0x4b6
                0x000004b7                __RTCYEAR_H = 0x4b7
                0x000004b6                __RTCYEAR = 0x4b6
                0x000004b8                __RTCAMINHR_L = 0x4b8
                0x000004b9                __RTCAMINHR_H = 0x4b9
                0x000004b8                __RTCAMINHR = 0x4b8
                0x000004ba                __RTCADOWDAY_L = 0x4ba
                0x000004bb                __RTCADOWDAY_H = 0x4bb
                0x000004ba                __RTCADOWDAY = 0x4ba
                0x00000100                __SFRIE1_L = 0x100
                0x00000101                __SFRIE1_H = 0x101
                0x00000100                __SFRIE1 = 0x100
                0x00000102                __SFRIFG1_L = 0x102
                0x00000103                __SFRIFG1_H = 0x103
                0x00000102                __SFRIFG1 = 0x102
                0x00000104                __SFRRPCR_L = 0x104
                0x00000105                __SFRRPCR_H = 0x105
                0x00000104                __SFRRPCR = 0x104
                0x00000180                __SYSCTL_L = 0x180
                0x00000181                __SYSCTL_H = 0x181
                0x00000180                __SYSCTL = 0x180
                0x00000182                __SYSBSLC_L = 0x182
                0x00000183                __SYSBSLC_H = 0x183
                0x00000182                __SYSBSLC = 0x182
                0x00000186                __SYSJMBC_L = 0x186
                0x00000187                __SYSJMBC_H = 0x187
                0x00000186                __SYSJMBC = 0x186
                0x00000188                __SYSJMBI0_L = 0x188
                0x00000189                __SYSJMBI0_H = 0x189
                0x00000188                __SYSJMBI0 = 0x188
                0x0000018a                __SYSJMBI1_L = 0x18a
                0x0000018b                __SYSJMBI1_H = 0x18b
                0x0000018a                __SYSJMBI1 = 0x18a
                0x0000018c                __SYSJMBO0_L = 0x18c
                0x0000018d                __SYSJMBO0_H = 0x18d
                0x0000018c                __SYSJMBO0 = 0x18c
                0x0000018e                __SYSJMBO1_L = 0x18e
                0x0000018f                __SYSJMBO1_H = 0x18f
                0x0000018e                __SYSJMBO1 = 0x18e
                0x0000019a                __SYSUNIV_L = 0x19a
                0x0000019b                __SYSUNIV_H = 0x19b
                0x0000019a                __SYSUNIV = 0x19a
                0x0000019c                __SYSSNIV_L = 0x19c
                0x0000019d                __SYSSNIV_H = 0x19d
                0x0000019c                __SYSSNIV = 0x19c
                0x0000019e                __SYSRSTIV_L = 0x19e
                0x0000019f                __SYSRSTIV_H = 0x19f
                0x0000019e                __SYSRSTIV = 0x19e
                0x00000340                __TA0CTL = 0x340
                0x00000342                __TA0CCTL0 = 0x342
                0x00000344                __TA0CCTL1 = 0x344
                0x00000346                __TA0CCTL2 = 0x346
                0x00000348                __TA0CCTL3 = 0x348
                0x0000034a                __TA0CCTL4 = 0x34a
                0x00000350                __TA0R = 0x350
                0x00000352                __TA0CCR0 = 0x352
                0x00000354                __TA0CCR1 = 0x354
                0x00000356                __TA0CCR2 = 0x356
                0x00000358                __TA0CCR3 = 0x358
                0x0000035a                __TA0CCR4 = 0x35a
                0x0000036e                __TA0IV = 0x36e
                0x00000360                __TA0EX0 = 0x360
                0x00000380                __TA1CTL = 0x380
                0x00000382                __TA1CCTL0 = 0x382
                0x00000384                __TA1CCTL1 = 0x384
                0x00000386                __TA1CCTL2 = 0x386
                0x00000390                __TA1R = 0x390
                0x00000392                __TA1CCR0 = 0x392
                0x00000394                __TA1CCR1 = 0x394
                0x00000396                __TA1CCR2 = 0x396
                0x000003ae                __TA1IV = 0x3ae
                0x000003a0                __TA1EX0 = 0x3a0
                0x000003c0                __TB0CTL = 0x3c0
                0x000003c2                __TB0CCTL0 = 0x3c2
                0x000003c4                __TB0CCTL1 = 0x3c4
                0x000003c6                __TB0CCTL2 = 0x3c6
                0x000003c8                __TB0CCTL3 = 0x3c8
                0x000003ca                __TB0CCTL4 = 0x3ca
                0x000003cc                __TB0CCTL5 = 0x3cc
                0x000003ce                __TB0CCTL6 = 0x3ce
                0x000003d0                __TB0R = 0x3d0
                0x000003d2                __TB0CCR0 = 0x3d2
                0x000003d4                __TB0CCR1 = 0x3d4
                0x000003d6                __TB0CCR2 = 0x3d6
                0x000003d8                __TB0CCR3 = 0x3d8
                0x000003da                __TB0CCR4 = 0x3da
                0x000003dc                __TB0CCR5 = 0x3dc
                0x000003de                __TB0CCR6 = 0x3de
                0x000003e0                __TB0EX0 = 0x3e0
                0x000003ee                __TB0IV = 0x3ee
                0x00000160                __UCSCTL0_L = 0x160
                0x00000161                __UCSCTL0_H = 0x161
                0x00000160                __UCSCTL0 = 0x160
                0x00000162                __UCSCTL1_L = 0x162
                0x00000163                __UCSCTL1_H = 0x163
                0x00000162                __UCSCTL1 = 0x162
                0x00000164                __UCSCTL2_L = 0x164
                0x00000165                __UCSCTL2_H = 0x165
                0x00000164                __UCSCTL2 = 0x164
                0x00000166                __UCSCTL3_L = 0x166
                0x00000167                __UCSCTL3_H = 0x167
                0x00000166                __UCSCTL3 = 0x166
                0x00000168                __UCSCTL4_L = 0x168
                0x00000169                __UCSCTL4_H = 0x169
                0x00000168                __UCSCTL4 = 0x168
                0x0000016a                __UCSCTL5_L = 0x16a
                0x0000016b                __UCSCTL5_H = 0x16b
                0x0000016a                __UCSCTL5 = 0x16a
                0x0000016c                __UCSCTL6_L = 0x16c
                0x0000016d                __UCSCTL6_H = 0x16d
                0x0000016c                __UCSCTL6 = 0x16c
                0x0000016e                __UCSCTL7_L = 0x16e
                0x0000016f                __UCSCTL7_H = 0x16f
                0x0000016e                __UCSCTL7 = 0x16e
                0x00000170                __UCSCTL8_L = 0x170
                0x00000171                __UCSCTL8_H = 0x171
                0x00000170                __UCSCTL8 = 0x170
                0x000005c0                __UCA0CTLW0_L = 0x5c0
                0x000005c1                __UCA0CTLW0_H = 0x5c1
                0x000005c0                __UCA0CTLW0 = 0x5c0
                0x000005c6                __UCA0BRW_L = 0x5c6
                0x000005c7                __UCA0BRW_H = 0x5c7
                0x000005c6                __UCA0BRW = 0x5c6
                0x000005c8                __UCA0MCTL = 0x5c8
                0x000005ca                __UCA0STAT = 0x5ca
                0x000005cc                __UCA0RXBUF = 0x5cc
                0x000005ce                __UCA0TXBUF = 0x5ce
                0x000005d0                __UCA0ABCTL = 0x5d0
                0x000005d2                __UCA0IRCTL_L = 0x5d2
                0x000005d3                __UCA0IRCTL_H = 0x5d3
                0x000005d2                __UCA0IRCTL = 0x5d2
                0x000005dc                __UCA0ICTL_L = 0x5dc
                0x000005dd                __UCA0ICTL_H = 0x5dd
                0x000005dc                __UCA0ICTL = 0x5dc
                0x000005de                __UCA0IV = 0x5de
                0x000005e0                __UCB0CTLW0_L = 0x5e0
                0x000005e1                __UCB0CTLW0_H = 0x5e1
                0x000005e0                __UCB0CTLW0 = 0x5e0
                0x000005e6                __UCB0BRW_L = 0x5e6
                0x000005e7                __UCB0BRW_H = 0x5e7
                0x000005e6                __UCB0BRW = 0x5e6
                0x000005ea                __UCB0STAT = 0x5ea
                0x000005ec                __UCB0RXBUF = 0x5ec
                0x000005ee                __UCB0TXBUF = 0x5ee
                0x000005f0                __UCB0I2COA_L = 0x5f0
                0x000005f1                __UCB0I2COA_H = 0x5f1
                0x000005f0                __UCB0I2COA = 0x5f0
                0x000005f2                __UCB0I2CSA_L = 0x5f2
                0x000005f3                __UCB0I2CSA_H = 0x5f3
                0x000005f2                __UCB0I2CSA = 0x5f2
                0x000005fc                __UCB0ICTL_L = 0x5fc
                0x000005fd                __UCB0ICTL_H = 0x5fd
                0x000005fc                __UCB0ICTL = 0x5fc
                0x000005fe                __UCB0IV = 0x5fe
                0x00000600                __UCA1CTLW0_L = 0x600
                0x00000601                __UCA1CTLW0_H = 0x601
                0x00000600                __UCA1CTLW0 = 0x600
                0x00000606                __UCA1BRW_L = 0x606
                0x00000607                __UCA1BRW_H = 0x607
                0x00000606                __UCA1BRW = 0x606
                0x00000608                __UCA1MCTL = 0x608
                0x0000060a                __UCA1STAT = 0x60a
                0x0000060c                __UCA1RXBUF = 0x60c
                0x0000060e                __UCA1TXBUF = 0x60e
                0x00000610                __UCA1ABCTL = 0x610
                0x00000612                __UCA1IRCTL_L = 0x612
                0x00000613                __UCA1IRCTL_H = 0x613
                0x00000612                __UCA1IRCTL = 0x612
                0x0000061c                __UCA1ICTL_L = 0x61c
                0x0000061d                __UCA1ICTL_H = 0x61d
                0x0000061c                __UCA1ICTL = 0x61c
                0x0000061e                __UCA1IV = 0x61e
                0x00000620                __UCB1CTLW0_L = 0x620
                0x00000621                __UCB1CTLW0_H = 0x621
                0x00000620                __UCB1CTLW0 = 0x620
                0x00000626                __UCB1BRW_L = 0x626
                0x00000627                __UCB1BRW_H = 0x627
                0x00000626                __UCB1BRW = 0x626
                0x0000062a                __UCB1STAT = 0x62a
                0x0000062c                __UCB1RXBUF = 0x62c
                0x0000062e                __UCB1TXBUF = 0x62e
                0x00000630                __UCB1I2COA_L = 0x630
                0x00000631                __UCB1I2COA_H = 0x631
                0x00000630                __UCB1I2COA = 0x630
                0x00000632                __UCB1I2CSA_L = 0x632
                0x00000633                __UCB1I2CSA_H = 0x633
                0x00000632                __UCB1I2CSA = 0x632
                0x0000063c                __UCB1ICTL_L = 0x63c
                0x0000063d                __UCB1ICTL_H = 0x63d
                0x0000063c                __UCB1ICTL = 0x63c
                0x0000063e                __UCB1IV = 0x63e
                0x0000015c                __WDTCTL_L = 0x15c
                0x0000015d                __WDTCTL_H = 0x15d
                0x0000015c                __WDTCTL = 0x15c

.hash
 *(.hash)

.dynsym
 *(.dynsym)

.dynstr
 *(.dynstr)

.gnu.version
 *(.gnu.version)

.gnu.version_d
 *(.gnu.version_d)

.gnu.version_r
 *(.gnu.version_r)

.rel.init
 *(.rel.init)

.rela.init
 *(.rela.init)

.rel.fini
 *(.rel.fini)

.rela.fini
 *(.rela.fini)

.rel.text
 *(.rel.text .rel.text.* .rel.gnu.linkonce.t.*)

.rela.text
 *(.rela.text .rela.text.* .rela.gnu.linkonce.t.*)

.rel.rodata
 *(.rel.rodata .rel.rodata.* .rel.gnu.linkonce.r.*)

.rela.rodata
 *(.rela.rodata .rela.rodata.* .rela.gnu.linkonce.r.*)

.rel.data
 *(.rel.data .rel.data.* .rel.gnu.linkonce.d.*)

.rela.data
 *(.rela.data .rela.data.* .rela.gnu.linkonce.d.*)

.rel.bss
 *(.rel.bss .rel.bss.* .rel.gnu.linkonce.b.*)

.rela.bss
 *(.rela.bss .rela.bss.* .rela.gnu.linkonce.b.*)

.rel.ctors
 *(.rel.ctors)

.rela.ctors
 *(.rela.ctors)

.rel.dtors
 *(.rel.dtors)

.rela.dtors
 *(.rela.dtors)

.rel.got
 *(.rel.got)

.rela.got
 *(.rela.got)

.rel.plt
 *(.rel.plt)

.rela.plt
 *(.rela.plt)

.text           0x00005c00     0x13cc
                0x00005c00                . = ALIGN (0x2)
 *(.init .init.*)
 *(.init0)
 .init0         0x00005c00        0x0 /usr/local/msp430/bin/../lib/gcc/msp430/4.7.0/mcpu-430x/mmpy-16/msr20/mc20/libcrt0.a(_reset_vector__.o)
                0x00005c00                _reset_vector__
 *(.init1)
 .init1         0x00005c00        0xc /usr/local/msp430/bin/../lib/gcc/msp430/4.7.0/mcpu-430x/mmpy-16/msr20/mc20/libcrt0.a(__watchdog_support.o)
                0x00005c00                __watchdog_support
 *(.init2)
 .init2         0x00005c0c        0x4 /usr/local/msp430/bin/../lib/gcc/msp430/4.7.0/mcpu-430x/mmpy-16/msr20/mc20/libcrt0.a(__init_stack.o)
                0x00005c0c                __init_stack
 *(.init3)
 .init3         0x00005c10        0x0 /usr/local/msp430/bin/../lib/gcc/msp430/4.7.0/mcpu-430x/mmpy-16/msr20/mc20/libcrt0.a(__low_level_init.o)
                0x00005c10                __low_level_init
 *(.init4)
 .init4         0x00005c10       0x18 /usr/local/msp430/bin/../lib/gcc/msp430/4.7.0/mcpu-430x/mmpy-16/msr20/mc20/libcrt0.a(_copy_data.o)
                0x00005c10                __do_copy_data
 .init4         0x00005c28       0x16 /usr/local/msp430/bin/../lib/gcc/msp430/4.7.0/mcpu-430x/mmpy-16/msr20/mc20/libcrt0.a(_clear_bss.o)
                0x00005c28                __do_clear_bss
 *(.init5)
 *(.init6)
 *(.init7)
 *(.init8)
 *(.init9)
 .init9         0x00005c3e      0x32a obj_wismote/contiki-wismote-main.o
                0x00005c3e                main
 *(.fini9)
 .fini9         0x00005f68        0x0 /usr/local/msp430/bin/../lib/gcc/msp430/4.7.0/mcpu-430x/mmpy-16/msr20/mc20/libcrt0.a(__stop_progExec__.o)
                0x00005f68                __stop_progExec__
 *(.fini8)
 *(.fini7)
 *(.fini6)
 *(.fini5)
 *(.fini4)
 *(.fini3)
 *(.fini2)
 *(.fini1)
 *(.fini0)
 .fini0         0x00005f68        0x6 /usr/local/msp430/bin/../lib/gcc/msp430/4.7.0/mcpu-430x/mmpy-16/msr20/mc20/libcrt0.a(_endless_loop__.o)
                0x00005f68                _endless_loop__
 *(.fini .fini.*)
                0x00005f6e                . = ALIGN (0x2)
                0x00005f6e                __ctors_start = .
 *(.ctors)
                0x00005f6e                __ctors_end = .
                0x00005f6e                __dtors_start = .
 *(.dtors)
                0x00005f6e                __dtors_end = .
                0x00005f6e                . = ALIGN (0x2)
 *(.text .text.* .gnu.linkonce.t.*)
 .text          0x00005f6e        0x4 /usr/local/msp430/bin/../lib/gcc/msp430/4.7.0/mcpu-430x/mmpy-16/msr20/mc20/crt0ivtbl64.o
                0x00005f6e                __isr_37
                0x00005f6e                __isr_51
                0x00005f6e                __isr_57
                0x00005f6e                __isr_33
                0x00005f6e                __isr_32
                0x00005f6e                __isr_54
                0x00005f6e                __isr_59
                0x00005f6e                __isr_39
                0x00005f6e                __isr_53
                0x00005f6e                __isr_41
                0x00005f6e                __isr_60
                0x00005f6e                __isr_36
                0x00005f6e                __isr_34
                0x00005f6e                __isr_44
                0x00005f6e                __isr_61
                0x00005f6e                __isr_55
                0x00005f6e                __isr_43
                0x00005f6e                __isr_50
                0x00005f6e                __isr_56
                0x00005f6e                __isr_38
                0x00005f6e                __isr_35
                0x00005f6e                __isr_45
                0x00005f6e                __isr_62
                0x00005f6e                __isr_52
                0x00005f6e                __isr_40
 .text.libgcc   0x00005f72       0x22 /usr/local/msp430/bin/../lib/gcc/msp430/4.7.0/mcpu-430x/mmpy-16/msr20/mc20/libgcc.a(_udivmod16.o)
                0x00005f72                __udivhi3
                0x00005f72                __ext_udivmod16
                0x00005f8c                __umodhi3
 .text.libgcc   0x00005f94       0x3a /usr/local/msp430/bin/../lib/gcc/msp430/4.7.0/mcpu-430x/mmpy-16/msr20/mc20/libgcc.a(_divmod16.o)
                0x00005f94                __ext_divmod16
                0x00005f94                __divhi3
                0x00005fc6                __modhi3
 .text.libgcc   0x00005fce       0x38 /usr/local/msp430/bin/../lib/gcc/msp430/4.7.0/mcpu-430x/mmpy-16/msr20/mc20/libgcc.a(_udivmod32.o)
                0x00005fce                __udivsi3
                0x00005fce                __ext_udivmod32
                0x00005ffc                __umodsi3
 .text.printf   0x00006006       0x10 /usr/local/msp430/bin/../lib/gcc/msp430/4.7.0/../../../../msp430/lib/mcpu-430x/mmpy-16/msr20/mc20/libc.a(printf.o)
                0x00006006                printf
 .text.append   0x00006016       0x22 /usr/local/msp430/bin/../lib/gcc/msp430/4.7.0/../../../../msp430/lib/mcpu-430x/mmpy-16/msr20/mc20/libc.a(sprintf.o)
 .text.call_vuprintf
                0x00006038       0x36 /usr/local/msp430/bin/../lib/gcc/msp430/4.7.0/../../../../msp430/lib/mcpu-430x/mmpy-16/msr20/mc20/libc.a(sprintf.o)
 .text.snprintf
                0x0000606e       0x1c /usr/local/msp430/bin/../lib/gcc/msp430/4.7.0/../../../../msp430/lib/mcpu-430x/mmpy-16/msr20/mc20/libc.a(sprintf.o)
                0x0000606e                snprintf
 .text.print_field
                0x0000608a      0x176 /usr/local/msp430/bin/../lib/gcc/msp430/4.7.0/../../../../msp430/lib/mcpu-430x/mmpy-16/msr20/mc20/libc.a(vuprintf.o)
 .text.vuprintf
                0x00006200      0x74c /usr/local/msp430/bin/../lib/gcc/msp430/4.7.0/../../../../msp430/lib/mcpu-430x/mmpy-16/msr20/mc20/libc.a(vuprintf.o)
                0x00006200                vuprintf
 .text.puts     0x0000694c       0x2c /usr/local/msp430/bin/../lib/gcc/msp430/4.7.0/../../../../msp430/lib/mcpu-430x/mmpy-16/msr20/mc20/libc.a(puts.o)
                0x0000694c                puts
 .text.rand     0x00006978       0x26 /usr/local/msp430/bin/../lib/gcc/msp430/4.7.0/../../../../msp430/lib/mcpu-430x/mmpy-16/msr20/mc20/libc.a(rand.o)
                0x00006978                rand
 .text.strncmp  0x0000699e       0x2a /usr/local/msp430/bin/../lib/gcc/msp430/4.7.0/../../../../msp430/lib/mcpu-430x/mmpy-16/msr20/mc20/libc.a(strncmp.o)
                0x0000699e                strncmp
 .text.memcmp   0x000069c8       0x2c /usr/local/msp430/bin/../lib/gcc/msp430/4.7.0/../../../../msp430/lib/mcpu-430x/mmpy-16/msr20/mc20/libc.a(memcmp.o)
                0x000069c8                memcmp
 .text.strcpy   0x000069f4       0x14 /usr/local/msp430/bin/../lib/gcc/msp430/4.7.0/../../../../msp430/lib/mcpu-430x/mmpy-16/msr20/mc20/libc.a(strcpy.o)
                0x000069f4                strcpy
 .text.strncpy  0x00006a08       0x2a /usr/local/msp430/bin/../lib/gcc/msp430/4.7.0/../../../../msp430/lib/mcpu-430x/mmpy-16/msr20/mc20/libc.a(strncpy.o)
                0x00006a08                strncpy
 .text.memcpy   0x00006a32       0xe8 /usr/local/msp430/bin/../lib/gcc/msp430/4.7.0/../../../../msp430/lib/mcpu-430x/mmpy-16/msr20/mc20/libc.a(memcpy.o)
                0x00006a32                memcpy
 .text.memmove  0x00006b1a       0xe8 /usr/local/msp430/bin/../lib/gcc/msp430/4.7.0/../../../../msp430/lib/mcpu-430x/mmpy-16/msr20/mc20/libc.a(memmove.o)
                0x00006b1a                memmove
 .text.memset   0x00006c02       0x5c /usr/local/msp430/bin/../lib/gcc/msp430/4.7.0/../../../../msp430/lib/mcpu-430x/mmpy-16/msr20/mc20/libc.a(memset.o)
                0x00006c02                memset
 .text.libgcc   0x00006c5e       0x26 /usr/local/msp430/bin/../lib/gcc/msp430/4.7.0/mcpu-430x/mmpy-16/msr20/mc20/libgcc.a(_mulsi3.o)
                0x00006c5e                __mulsi3
 .text.libgcc   0x00006c84       0xbc /usr/local/msp430/bin/../lib/gcc/msp430/4.7.0/mcpu-430x/mmpy-16/msr20/mc20/libgcc.a(_udivmod64.o)
                0x00006c84                __xabi_udivmod64
                0x00006cd6                __udivdi3
                0x00006cf0                __umoddi3
                0x00006d12                __udivmoddi4
 .text.crt0     0x00006d40        0x2 /usr/local/msp430/bin/../lib/gcc/msp430/4.7.0/mcpu-430x/mmpy-16/msr20/mc20/libcrt0.a(_unexpected_.o)
                0x00006d40                _unexpected_
 *(.near.text .near.text.*)
 .near.text.irq_p2
                0x00006d42       0x74 contiki-wismote.a(button-sensor.o)
                0x00006d42                irq_p2
                0x00006d42                __isr_42
 .near.text.cc2520_port1_interrupt
                0x00006db6       0x4e contiki-wismote.a(cc2520-arch.o)
                0x00006db6                __isr_47
                0x00006db6                cc2520_port1_interrupt
 .near.text.uart1_rx_interrupt
                0x00006e04       0x6c contiki-wismote.a(uart1.o)
                0x00006e04                __isr_46
                0x00006e04                uart1_rx_interrupt
 .near.text.timera1
                0x00006e70       0xfa contiki-wismote.a(clock.o)
                0x00006e70                __isr_48
                0x00006e70                timera1
 .near.text.watchdog_interrupt
                0x00006f6a        0x6 contiki-wismote.a(watchdog.o)
                0x00006f6a                watchdog_interrupt
                0x00006f6a                __isr_58
 .near.text.timera0
                0x00006f70       0x5c contiki-wismote.a(rtimer-arch.o)
                0x00006f70                __isr_49
                0x00006f70                timera0

.rodata         0x00006fcc      0xc97
                0x00006fcc                . = ALIGN (0x2)
 *(.rodata .rodata.* .gnu.linkonce.r.*)
 .rodata.ipaddr_add
                0x00006fcc        0x8 border-router.co
 .rodata.generate_routes
                0x00006fd4       0x80 border-router.co
 .rodata.process_thread_border_router_process
                0x00007054       0x17 border-router.co
 *fill*         0x0000706b        0x1 00
 .rodata.autostart_processes
                0x0000706c        0x6 border-router.co
                0x0000706c                autostart_processes
 .rodata        0x00007072       0x21 border-router.co
 .rodata.slip_input_callback
                0x00007093       0x77 obj_wismote/slip-bridge.o
 .rodata.output
                0x0000710a       0x3a obj_wismote/slip-bridge.o
 .rodata.rpl_interface
                0x00007144        0x8 obj_wismote/slip-bridge.o
                0x00007144                rpl_interface
 .rodata.handle_output
                0x0000714c       0x59 obj_wismote/httpd-simple.o
 .rodata.http_get
                0x000071a5        0x5 obj_wismote/httpd-simple.o
                0x000071a5                http_get
 .rodata.http_header_404
                0x000071aa       0x5d obj_wismote/httpd-simple.o
                0x000071aa                http_header_404
 .rodata.http_header_200
                0x00007207       0x56 obj_wismote/httpd-simple.o
                0x00007207                http_header_200
 .rodata.http_content_type_html
                0x0000725d       0x1c obj_wismote/httpd-simple.o
                0x0000725d                http_content_type_html
 .rodata        0x00007279      0x10b obj_wismote/contiki-wismote-main.o
 .rodata        0x00007384        0x7 contiki-wismote.a(button-sensor.o)
 *fill*         0x0000738b        0x1 00
 .rodata.button_sensor
                0x0000738c        0xe contiki-wismote.a(button-sensor.o)
                0x0000738c                button_sensor
 .rodata        0x0000739a        0x8 contiki-wismote.a(sensors.o)
 .rodata.cc2520_driver
                0x000073a2       0x38 contiki-wismote.a(cc2520.o)
                0x000073a2                cc2520_driver
 .rodata        0x000073da        0xe contiki-wismote.a(cc2520.o)
 .rodata.process_thread_slip_process
                0x000073e8       0x15 contiki-wismote.a(slip.o)
 .rodata        0x000073fd        0xc contiki-wismote.a(slip.o)
 .rodata        0x00007409        0xf contiki-wismote.a(ctimer.o)
 .rodata        0x00007418        0xc contiki-wismote.a(etimer.o)
 .rodata.linkaddr_null
                0x00007424        0x8 contiki-wismote.a(linkaddr.o)
                0x00007424                linkaddr_null
 .rodata.tcpip_ipv6_output
                0x0000742c       0x6a contiki-wismote.a(tcpip.o)
 .rodata.process_thread_tcpip_process
                0x00007496       0x34 contiki-wismote.a(tcpip.o)
 .rodata        0x000074ca        0xd contiki-wismote.a(tcpip.o)
 .rodata.uip_debug_ipaddr_print
                0x000074d7       0x15 contiki-wismote.a(uip-debug.o)
 .rodata        0x000074ec        0xb contiki-wismote.a(sicslowpan.o)
 *fill*         0x000074f7        0x1 00
 .rodata.sicslowpan_driver
                0x000074f8        0xa contiki-wismote.a(sicslowpan.o)
                0x000074f8                sicslowpan_driver
 .rodata.llprefix
                0x00007502        0x2 contiki-wismote.a(sicslowpan.o)
                0x00007502                llprefix
 .rodata.unc_mxconf
                0x00007504        0x4 contiki-wismote.a(sicslowpan.o)
                0x00007504                unc_mxconf
 .rodata.unc_ctxconf
                0x00007508        0x4 contiki-wismote.a(sicslowpan.o)
                0x00007508                unc_ctxconf
 .rodata.unc_llconf
                0x0000750c        0x4 contiki-wismote.a(sicslowpan.o)
                0x0000750c                unc_llconf
 .rodata.ttl_values
                0x00007510        0x4 contiki-wismote.a(sicslowpan.o)
 .rodata.upper_layer_chksum
                0x00007514       0x27 contiki-wismote.a(uip6.o)
 .rodata.ext_hdr_options_process
                0x0000753b       0x6e contiki-wismote.a(uip6.o)
 .rodata.remove_ext_hdr
                0x000075a9       0x6c contiki-wismote.a(uip6.o)
 *fill*         0x00007615        0x3 00
 .rodata.uip_process
                0x00007618      0x3d8 contiki-wismote.a(uip6.o)
 .rodata.uip_ds6_prefix_add
                0x000079f0       0x6d contiki-wismote.a(uip-ds6.o)
 .rodata.uip_ds6_addr_add
                0x00007a5d       0x55 contiki-wismote.a(uip-ds6.o)
 .rodata.rs_rtx_time
                0x00007ab2       0x16 contiki-wismote.a(uip-ds6.o)
 .rodata.uip_ds6_compute_reachable_time
                0x00007ac8       0x1a contiki-wismote.a(uip-ds6.o)
 .rodata.uip_ds6_init
                0x00007ae2       0x1d contiki-wismote.a(uip-ds6.o)
 .rodata.gw_create_ethheader
                0x00007aff       0x22 contiki-wismote.a(uip-gw-fwd.o)
 .rodata        0x00007b21        0x6 contiki-wismote.a(uip-gw-fwd.o)
 .rodata.uip_gw_create_na
                0x00007b27       0x18 contiki-wismote.a(uip-gw-fwd.o)
 .rodata.gw_icmp6_input
                0x00007b3f       0xa7 contiki-wismote.a(uip-gw-fwd.o)
 .rodata        0x00007be6        0x5 contiki-wismote.a(csma.o)
 *fill*         0x00007beb        0x1 00
 .rodata.csma_driver
                0x00007bec       0x1a contiki-wismote.a(csma.o)
                0x00007bec                csma_driver
 .rodata.framer_802154
                0x00007c06       0x10 contiki-wismote.a(framer-802154.o)
                0x00007c06                framer_802154
 .rodata        0x00007c16        0x8 contiki-wismote.a(nullrdc.o)
 .rodata.nullrdc_driver
                0x00007c1e       0x1e contiki-wismote.a(nullrdc.o)
                0x00007c1e                nullrdc_driver
 .rodata        0x00007c3c        0x8 contiki-wismote.a(nullsec.o)
 .rodata.nullsec_driver
                0x00007c44       0x16 contiki-wismote.a(nullsec.o)
                0x00007c44                nullsec_driver
 .rodata.CSWTCH.5
                0x00007c5a        0x2 contiki-wismote.a(frame802154.o)
 .rodata.vuprintf
                0x00007c5c        0x7 /usr/local/msp430/bin/../lib/gcc/msp430/4.7.0/../../../../msp430/lib/mcpu-430x/mmpy-16/msr20/mc20/libc.a(vuprintf.o)
 *(.near.rodata .near.rodata.*)
                0x00007c64                . = ALIGN (0x2)
                0x00007c64                _etext = .

.data           0x00001c00      0x130 load address 0x00007c64
                0x00001c00                . = ALIGN (0x2)
                0x00001c00                __data_start = .
 *(.data .data.* .gnu.linkonce.d.*)
 .data.webserver_nogui_process
                0x00001c00        0xc border-router.co
                0x00001c00                webserver_nogui_process
 .data.border_router_process
                0x00001c0c        0xc border-router.co
                0x00001c0c                border_router_process
 .data.conns    0x00001c18        0x8 obj_wismote/httpd-simple.o
 .data.sensors  0x00001c20        0x4 contiki-wismote.a(contiki-wismote)
                0x00001c20                sensors
 .data.sensors_process
                0x00001c24        0xc contiki-wismote.a(sensors.o)
                0x00001c24                sensors_process
 .data.cc2520_process
                0x00001c30        0xc contiki-wismote.a(cc2520.o)
                0x00001c30                cc2520_process
 .data.slip_process
                0x00001c3c        0xc contiki-wismote.a(slip.o)
                0x00001c3c                slip_process
 .data.cur_break
                0x00001c48        0x2 contiki-wismote.a(msp430.o)
 .data.ctimer_process
                0x00001c4a        0xc contiki-wismote.a(ctimer.o)
                0x00001c4a                ctimer_process
 .data.etimer_process
                0x00001c56        0xc contiki-wismote.a(etimer.o)
                0x00001c56                etimer_process
 .data.neighbor_addr_mem
                0x00001c62        0x8 contiki-wismote.a(nbr-table.o)
 .data.buframmem
                0x00001c6a        0x8 contiki-wismote.a(queuebuf.o)
 .data.bufmem   0x00001c72        0x8 contiki-wismote.a(queuebuf.o)
 .data.refbufmem
                0x00001c7a        0x8 contiki-wismote.a(queuebuf.o)
 .data.tcpip_process
                0x00001c82        0xc contiki-wismote.a(tcpip.o)
                0x00001c82                tcpip_process
 .data.ds6_neighbors
                0x00001c8e        0x2 contiki-wismote.a(uip-ds6-nbr.o)
                0x00001c8e                ds6_neighbors
 .data.ds6_neighbors_struct
                0x00001c90        0xa contiki-wismote.a(uip-ds6-nbr.o)
 .data.nbr_routes
                0x00001c9a        0x2 contiki-wismote.a(uip-ds6-route.o)
                0x00001c9a                nbr_routes
 .data.routememb
                0x00001c9c        0x8 contiki-wismote.a(uip-ds6-route.o)
 .data.defaultroutermemb
                0x00001ca4        0x8 contiki-wismote.a(uip-ds6-route.o)
 .data.neighborroutememb
                0x00001cac        0x8 contiki-wismote.a(uip-ds6-route.o)
 .data.nbr_routes_struct
                0x00001cb4        0xa contiki-wismote.a(uip-ds6-route.o)
 .data.echo_request_handler
                0x00001cbe        0x8 contiki-wismote.a(uip-icmp6.o)
 .data.echo_reply_handler
                0x00001cc6        0x8 contiki-wismote.a(uip-icmp6.o)
 .data.neighbor_memb
                0x00001cce        0x8 contiki-wismote.a(csma.o)
 .data.packet_memb
                0x00001cd6        0x8 contiki-wismote.a(csma.o)
 .data.metadata_memb
                0x00001cde        0x8 contiki-wismote.a(csma.o)
 .data.rpl_parents_struct
                0x00001ce6        0xa contiki-wismote.a(rpl-dag.o)
 .data.dao_sequence
                0x00001cf0        0x1 contiki-wismote.a(rpl-icmp6.o)
 *fill*         0x00001cf1        0x1 00
 .data.dis_handler
                0x00001cf2        0x8 contiki-wismote.a(rpl-icmp6.o)
 .data.dio_handler
                0x00001cfa        0x8 contiki-wismote.a(rpl-icmp6.o)
 .data.dao_handler
                0x00001d02        0x8 contiki-wismote.a(rpl-icmp6.o)
 .data.dao_ack_handler
                0x00001d0a        0x8 contiki-wismote.a(rpl-icmp6.o)
 .data.rpl_mrhof
                0x00001d12       0x1a contiki-wismote.a(rpl-mrhof.o)
                0x00001d12                rpl_mrhof
 .data.next     0x00001d2c        0x4 /usr/local/msp430/bin/../lib/gcc/msp430/4.7.0/../../../../msp430/lib/mcpu-430x/mmpy-16/msr20/mc20/libc.a(rand.o)
 *(.near.data .near.data.*)
                0x00001d30                . = ALIGN (0x2)
                0x00001d30                _edata = .
                0x00007c64                __data_load_start = LOADADDR (.data)
                0x00000130                __data_size = SIZEOF (.data)

.bss            0x00001d30     0x1cf6 load address 0x00007d94
                0x00001d30                __bss_start = .
 *(.bss .bss.*)
 .bss.prefix_set
                0x00001d30        0x1 border-router.co
 *fill*         0x00001d31        0x1 00
 .bss.et.4917   0x00001d32        0xc border-router.co
 .bss.server_conn
                0x00001d3e        0x2 border-router.co
 .bss.blen      0x00001d40        0x2 border-router.co
 .bss.buf       0x00001d42      0x100 border-router.co
 .bss.nbr.4878  0x00001e42        0x2 border-router.co
 .bss.r.4877    0x00001e44        0x2 border-router.co
 .bss.prefix    0x00001e46       0x10 border-router.co
 .bss.debug_frame.3013
                0x00001e56        0x1 obj_wismote/slip-bridge.o
 *fill*         0x00001e57        0x1 00
 .bss.last_sender
                0x00001e58       0x10 obj_wismote/slip-bridge.o
 .bss.conns_memb_count
                0x00001e68        0x2 obj_wismote/httpd-simple.o
 .bss.conns_memb_mem
                0x00001e6a       0xb0 obj_wismote/httpd-simple.o
 .bss.irq_energest.4214
                0x00001f1a        0x4 obj_wismote/contiki-wismote-main.o
 .bss.debouncetimer
                0x00001f1e        0x8 contiki-wismote.a(button-sensor.o)
 .bss.node_id   0x00001f26        0x2 contiki-wismote.a(node-id.o)
                0x00001f26                node_id
 .bss.num_sensors
                0x00001f28        0x1 contiki-wismote.a(sensors.o)
 *fill*         0x00001f29        0x1 00
 .bss.i.2434    0x00001f2a        0x2 contiki-wismote.a(sensors.o)
 .bss.events.2435
                0x00001f2c        0x2 contiki-wismote.a(sensors.o)
 .bss.last_packet_timestamp
                0x00001f2e        0x2 contiki-wismote.a(cc2520.o)
 .bss.receive_on
                0x00001f30        0x1 contiki-wismote.a(cc2520.o)
 .bss.locked    0x00001f31        0x1 contiki-wismote.a(cc2520.o)
 .bss.lock_off  0x00001f32        0x1 contiki-wismote.a(cc2520.o)
 .bss.lock_on   0x00001f33        0x1 contiki-wismote.a(cc2520.o)
 .bss.channel   0x00001f34        0x2 contiki-wismote.a(cc2520.o)
 .bss.transmitting
                0x00001f36        0x1 contiki-wismote.a(uart1.o)
 *fill*         0x00001f37        0x1 00
 .bss.uart1_input_handler
                0x00001f38        0x4 contiki-wismote.a(uart1.o)
 .bss.input_callback
                0x00001f3c        0x4 contiki-wismote.a(slip.o)
 .bss.state     0x00001f40        0x1 contiki-wismote.a(slip.o)
 *fill*         0x00001f41        0x1 00
 .bss.pkt_end   0x00001f42        0x2 contiki-wismote.a(slip.o)
 .bss.end       0x00001f44        0x2 contiki-wismote.a(slip.o)
 .bss.begin     0x00001f46        0x2 contiki-wismote.a(slip.o)
 .bss.rxbuf     0x00001f48       0x9c contiki-wismote.a(slip.o)
 .bss.last_tar  0x00001fe4        0x2 contiki-wismote.a(clock.o)
 .bss.count     0x00001fe6        0x4 contiki-wismote.a(clock.o)
 .bss.seconds   0x00001fea        0x4 contiki-wismote.a(clock.o)
 .bss.leds      0x00001fee        0x1 contiki-wismote.a(leds.o)
 *fill*         0x00001fef        0x1 00
 .bss.counter   0x00001ff0        0x2 contiki-wismote.a(watchdog.o)
 .bss.initialized
                0x00001ff2        0x1 contiki-wismote.a(ctimer.o)
 *fill*         0x00001ff3        0x1 00
 .bss.ctimer_list_list
                0x00001ff4        0x2 contiki-wismote.a(ctimer.o)
 .bss.timerlist
                0x00001ff6        0x2 contiki-wismote.a(etimer.o)
 .bss.next_expiration
                0x00001ff8        0x4 contiki-wismote.a(etimer.o)
 .bss.poll_requested
                0x00001ffc        0x1 contiki-wismote.a(process.o)
 *fill*         0x00001ffd        0x1 00
 .bss.process_current
                0x00001ffe        0x2 contiki-wismote.a(process.o)
                0x00001ffe                process_current
 .bss.process_list
                0x00002000        0x2 contiki-wismote.a(process.o)
                0x00002000                process_list
 .bss.lastevent
                0x00002002        0x1 contiki-wismote.a(process.o)
 .bss.fevent    0x00002003        0x1 contiki-wismote.a(process.o)
 .bss.nevents   0x00002004        0x1 contiki-wismote.a(process.o)
 *fill*         0x00002005        0x1 00
 .bss.events    0x00002006       0x30 contiki-wismote.a(process.o)
 .bss.ev.2213   0x00002036        0x1 contiki-wismote.a(process.o)
 *fill*         0x00002037        0x1 00
 .bss.data.2214
                0x00002038        0x2 contiki-wismote.a(process.o)
 .bss.receiver.2215
                0x0000203a        0x2 contiki-wismote.a(process.o)
 .bss.p.2216    0x0000203c        0x2 contiki-wismote.a(process.o)
 .bss.snum.2231
                0x0000203e        0x1 contiki-wismote.a(process.o)
 *fill*         0x0000203f        0x1 00
 .bss.next_rtimer
                0x00002040        0x2 contiki-wismote.a(rtimer.o)
 .bss.num_tables
                0x00002042        0x2 contiki-wismote.a(nbr-table.o)
 .bss.all_tables
                0x00002044       0x10 contiki-wismote.a(nbr-table.o)
 .bss.used_map  0x00002054       0x1e contiki-wismote.a(nbr-table.o)
 .bss.nbr_table_keys_list
                0x00002072        0x2 contiki-wismote.a(nbr-table.o)
 .bss.locked_map
                0x00002074       0x1e contiki-wismote.a(nbr-table.o)
 .bss.neighbor_addr_mem_memb_count
                0x00002092       0x1e contiki-wismote.a(nbr-table.o)
 .bss.neighbor_addr_mem_memb_mem
                0x000020b0      0x12c contiki-wismote.a(nbr-table.o)
 .bss.bufptr    0x000021dc        0x2 contiki-wismote.a(packetbuf.o)
 .bss.buflen    0x000021de        0x2 contiki-wismote.a(packetbuf.o)
 .bss.hdrptr    0x000021e0        0x1 contiki-wismote.a(packetbuf.o)
 *fill*         0x000021e1        0x1 00
 .bss.packetbufptr
                0x000021e2        0x2 contiki-wismote.a(packetbuf.o)
 .bss.packetbuf_aligned
                0x000021e4       0xb2 contiki-wismote.a(packetbuf.o)
 .bss.buframmem_memb_count
                0x00002296        0x4 contiki-wismote.a(queuebuf.o)
 .bss.buframmem_memb_mem
                0x0000229a      0x358 contiki-wismote.a(queuebuf.o)
 .bss.bufmem_memb_count
                0x000025f2        0x4 contiki-wismote.a(queuebuf.o)
 .bss.bufmem_memb_mem
                0x000025f6        0x8 contiki-wismote.a(queuebuf.o)
 .bss.refbufmem_memb_count
                0x000025fe        0x2 contiki-wismote.a(queuebuf.o)
 .bss.refbufmem_memb_mem
                0x00002600       0x6c contiki-wismote.a(queuebuf.o)
 .bss.outputfunc
                0x0000266c        0x4 contiki-wismote.a(tcpip.o)
 .bss.s         0x00002670       0x22 contiki-wismote.a(tcpip.o)
 .bss.i.4668    0x00002692        0x1 contiki-wismote.a(tcpip.o)
 .bss.i.4760    0x00002693        0x1 contiki-wismote.a(tcpip.o)
 .bss.periodic  0x00002694        0xc contiki-wismote.a(tcpip.o)
 .bss.i.4700    0x000026a0        0x1 contiki-wismote.a(tcpip.o)
 .bss.i.4748    0x000026a1        0x1 contiki-wismote.a(tcpip.o)
 .bss.callback  0x000026a2        0x2 contiki-wismote.a(sicslowpan.o)
 .bss.addr_contexts
                0x000026a4       0x14 contiki-wismote.a(sicslowpan.o)
 .bss.uncomp_hdr_len
                0x000026b8        0x1 contiki-wismote.a(sicslowpan.o)
 .bss.packetbuf_hdr_len
                0x000026b9        0x1 contiki-wismote.a(sicslowpan.o)
 .bss.packetbuf_ptr
                0x000026ba        0x2 contiki-wismote.a(sicslowpan.o)
 .bss.my_tag    0x000026bc        0x2 contiki-wismote.a(sicslowpan.o)
 .bss.packetbuf_payload_len
                0x000026be        0x2 contiki-wismote.a(sicslowpan.o)
 .bss.last_tx_status
                0x000026c0        0x2 contiki-wismote.a(sicslowpan.o)
 .bss.hc06_ptr  0x000026c2        0x2 contiki-wismote.a(sicslowpan.o)
 .bss.context   0x000026c4        0x2 contiki-wismote.a(sicslowpan.o)
 .bss.last_rssi
                0x000026c6        0x2 contiki-wismote.a(sicslowpan.o)
 .bss.reass_timer
                0x000026c8        0x8 contiki-wismote.a(sicslowpan.o)
 .bss.sicslowpan_len
                0x000026d0        0x2 contiki-wismote.a(sicslowpan.o)
 .bss.processed_ip_in_len
                0x000026d2        0x2 contiki-wismote.a(sicslowpan.o)
 .bss.reass_tag
                0x000026d4        0x2 contiki-wismote.a(sicslowpan.o)
 .bss.sicslowpan_aligned_buf
                0x000026d6       0x8c contiki-wismote.a(sicslowpan.o)
 .bss.uip_ext_opt_offset
                0x00002762        0x1 contiki-wismote.a(uip6.o)
                0x00002762                uip_ext_opt_offset
 .bss.uip_ext_len
                0x00002763        0x1 contiki-wismote.a(uip6.o)
                0x00002763                uip_ext_len
 .bss.uip_ext_bitmap
                0x00002764        0x1 contiki-wismote.a(uip6.o)
                0x00002764                uip_ext_bitmap
 .bss.c         0x00002765        0x1 contiki-wismote.a(uip6.o)
 .bss.lastport  0x00002766        0x2 contiki-wismote.a(uip6.o)
 .bss.iss       0x00002768        0x4 contiki-wismote.a(uip6.o)
 .bss.tmp16     0x0000276c        0x2 contiki-wismote.a(uip6.o)
 .bss.opt       0x0000276e        0x1 contiki-wismote.a(uip6.o)
 *fill*         0x0000276f        0x1 00
 .bss.loc_fipaddr
                0x00002770       0x10 contiki-wismote.a(uip-ds6.o)
 .bss.locaddr   0x00002780        0x2 contiki-wismote.a(uip-ds6.o)
 .bss.locprefix
                0x00002782        0x2 contiki-wismote.a(uip-ds6.o)
 .bss.locmaddr  0x00002784        0x2 contiki-wismote.a(uip-ds6.o)
 .bss._ds6_neighbors_mem
                0x00002786      0x30c contiki-wismote.a(uip-ds6-nbr.o)
 .bss.notificationlist_list
                0x00002a92        0x2 contiki-wismote.a(uip-ds6-route.o)
 .bss.defaultrouterlist_list
                0x00002a94        0x2 contiki-wismote.a(uip-ds6-route.o)
 .bss.routelist_list
                0x00002a96        0x2 contiki-wismote.a(uip-ds6-route.o)
 .bss.num_routes
                0x00002a98        0x2 contiki-wismote.a(uip-ds6-route.o)
 .bss.routememb_memb_count
                0x00002a9a       0x1e contiki-wismote.a(uip-ds6-route.o)
 .bss.routememb_memb_mem
                0x00002ab8      0x384 contiki-wismote.a(uip-ds6-route.o)
 .bss.defaultroutermemb_memb_count
                0x00002e3c        0x2 contiki-wismote.a(uip-ds6-route.o)
 .bss.defaultroutermemb_memb_mem
                0x00002e3e       0x38 contiki-wismote.a(uip-ds6-route.o)
 .bss.neighborroutememb_memb_count
                0x00002e76       0x1e contiki-wismote.a(uip-ds6-route.o)
 .bss.neighborroutememb_memb_mem
                0x00002e94       0x78 contiki-wismote.a(uip-ds6-route.o)
 .bss._nbr_routes_mem
                0x00002f0c       0x78 contiki-wismote.a(uip-ds6-route.o)
 .bss.incoming_if
                0x00002f84        0x2 contiki-wismote.a(uip-gw-fwd.o)
                0x00002f84                incoming_if
 .bss.brigde_table
                0x00002f86      0x21e contiki-wismote.a(uip-gw-fwd.o)
 .bss.rtobtained
                0x000031a4        0x1 contiki-wismote.a(uip-gw-fwd.o)
 *fill*         0x000031a5        0x1 00
 .bss.nd6_opt_llao
                0x000031a6        0x2 contiki-wismote.a(uip-gw-fwd.o)
 .bss.nd6_opt_offset
                0x000031a8        0x1 contiki-wismote.a(uip-gw-fwd.o)
 *fill*         0x000031a9        0x1 00
 .bss.addr      0x000031aa        0x2 contiki-wismote.a(uip-gw-fwd.o)
 .bss.input_handler_list_list
                0x000031ac        0x2 contiki-wismote.a(uip-icmp6.o)
 .bss.tmp_ipaddr
                0x000031ae       0x10 contiki-wismote.a(uip-icmp6.o)
 .bss.echo_reply_callback_list_list
                0x000031be        0x2 contiki-wismote.a(uip-icmp6.o)
 .bss.initialized.3230
                0x000031c0        0x1 contiki-wismote.a(csma.o)
 *fill*         0x000031c1        0x1 00
 .bss.seqno.3231
                0x000031c2        0x2 contiki-wismote.a(csma.o)
 .bss.neighbor_list_list
                0x000031c4        0x2 contiki-wismote.a(csma.o)
 .bss.neighbor_memb_memb_count
                0x000031c6        0x2 contiki-wismote.a(csma.o)
 .bss.neighbor_memb_memb_mem
                0x000031c8       0x50 contiki-wismote.a(csma.o)
 .bss.packet_memb_memb_count
                0x00003218        0x4 contiki-wismote.a(csma.o)
 .bss.packet_memb_memb_mem
                0x0000321c       0x18 contiki-wismote.a(csma.o)
 .bss.metadata_memb_memb_count
                0x00003234        0x4 contiki-wismote.a(csma.o)
 .bss.metadata_memb_memb_mem
                0x00003238       0x20 contiki-wismote.a(csma.o)
 .bss.initialized
                0x00003258        0x1 contiki-wismote.a(framer-802154.o)
 .bss.mac_dsn   0x00003259        0x1 contiki-wismote.a(framer-802154.o)
 .bss.mode      0x0000325a        0x2 contiki-wismote.a(rpl.o)
 .bss._rpl_parents_mem
                0x0000325c      0x12c contiki-wismote.a(rpl-dag.o)
 .bss.nbr       0x00003388        0x2 contiki-wismote.a(rpl-icmp6.o)
 .bss.next_dis  0x0000338a        0x2 contiki-wismote.a(rpl-timers.o)
 .bss.periodic_timer
                0x0000338c       0x16 contiki-wismote.a(rpl-timers.o)
 .bss.discount  0x000033a2        0x1 contiki-wismote.a(rpl-timers.o)
 .bss.dio_send_ok
                0x000033a3        0x1 contiki-wismote.a(rpl-timers.o)
 .bss.received_seqnos
                0x000033a4       0xa0 contiki-wismote.a(mac-sequence.o)
 .bss.destination_
                0x00003444        0x2 /usr/local/msp430/bin/../lib/gcc/msp430/4.7.0/../../../../msp430/lib/mcpu-430x/mmpy-16/msr20/mc20/libc.a(sprintf.o)
 .bss.available_
                0x00003446        0x2 /usr/local/msp430/bin/../lib/gcc/msp430/4.7.0/../../../../msp430/lib/mcpu-430x/mmpy-16/msr20/mc20/libc.a(sprintf.o)
 *(.near.bss .near.bss.*)
 *(COMMON)
 COMMON         0x00003448        0x2 contiki-wismote.a(contiki-wismote)
                0x00003448                sensors_flags
 COMMON         0x0000344a        0x1 contiki-wismote.a(sensors.o)
                0x0000344a                sensors_event
 *fill*         0x0000344b        0x1 00
 COMMON         0x0000344c       0x13 contiki-wismote.a(cc2520.o)
                0x0000344c                cc2520_sfd_counter
                0x0000344e                cc2520_sfd_start_time
                0x00003450                cc2520_sfd_end_time
                0x00003452                cc2520_time_of_departure
                0x00003454                cc2520_packets_seen
                0x00003456                cc2520_packets_read
                0x00003458                cc2520_last_rssi
                0x0000345a                cc2520_time_of_arrival
                0x0000345c                cc2520_authority_level_of_sender
                0x0000345e                cc2520_last_correlation
 COMMON         0x0000345f        0x1 contiki-wismote.a(slip.o)
                0x0000345f                slip_active
 COMMON         0x00003460        0x2 contiki-wismote.a(msp430.o)
                0x00003460                msp430_dco_required
 COMMON         0x00003462       0x56 contiki-wismote.a(energest.o)
                0x00003462                energest_total_time
                0x00003492                energest_total_count
                0x00003494                energest_current_mode
                0x000034a0                energest_current_time
 COMMON         0x000034b8        0x1 contiki-wismote.a(process.o)
                0x000034b8                process_maxevents
 *fill*         0x000034b9        0x1 00
 COMMON         0x000034ba        0x8 contiki-wismote.a(linkaddr.o)
                0x000034ba                linkaddr_node_addr
 COMMON         0x000034c2       0x54 contiki-wismote.a(packetbuf.o)
                0x000034c2                packetbuf_addrs
                0x000034e2                packetbuf_attrs
 COMMON         0x00003516        0x1 contiki-wismote.a(tcpip.o)
                0x00003516                tcpip_event
 *fill*         0x00003517        0x1 00
 COMMON         0x00003518        0x8 contiki-wismote.a(sicslowpan.o)
                0x00003518                frag_sender
 COMMON         0x00003520      0x2a0 contiki-wismote.a(uip6.o)
                0x00003520                uip_len
                0x00003522                uip_sappdata
                0x00003524                uip_acc32
                0x00003528                uip_lladdr
                0x00003530                uip_aligned_buf
                0x000035bc                uip_flags
                0x000035be                uip_next_hdr
                0x000035c0                uip_udp_conn
                0x000035c2                uip_appdata
                0x000035c4                uip_conn
                0x000035c6                uip_conns
                0x00003676                uip_listenports
                0x00003686                uip_slen
                0x00003688                uip_udp_conns
 COMMON         0x000037c0      0x164 contiki-wismote.a(uip-ds6.o)
                0x000037c0                uip_ds6_if
                0x000038ac                uip_ds6_netif_addr_list_offset
                0x000038ad                uip_ds6_addr_size
                0x000038ae                uip_ds6_prefix_list
                0x00003908                uip_ds6_timer_periodic
                0x00003914                ra_solicited_addr
 COMMON         0x00003924       0x2a contiki-wismote.a(uip-gw-fwd.o)
                0x00003924                eth_lladdr_id
                0x0000392a                eth_llheader
                0x00003938                routeripaddr
                0x00003948                eth_router_lladdr_id
 COMMON         0x0000394e       0xd0 contiki-wismote.a(rpl-dag.o)
                0x0000394e                default_instance
                0x00003950                instance_table
 COMMON         0x00003a1e        0x8 contiki-wismote.a(rpl-timers.o)
                0x00003a1e                uip_ds6_timer_dis
                0x00003a26                . = ALIGN (0x2)
                0x00003a26                __bss_end = .
                0x00001cf6                __bss_size = SIZEOF (.bss)

.noinit         0x00003a26        0x2 load address 0x00007d94
                0x00003a26                . = ALIGN (0x2)
                0x00003a26                __noinit_start = .
 *(.noinit .noinit.*)
 .noinit.crt0   0x00003a26        0x2 /usr/local/msp430/bin/../lib/gcc/msp430/4.7.0/mcpu-430x/mmpy-16/msr20/mc20/libcrt0.a(__watchdog_support.o)
                0x00003a26                __wdt_clear_value
                0x00003a28                . = ALIGN (0x2)
                0x00003a28                __noinit_end = .
                0x00003a28                . = ALIGN (0x2)
                0x00003a28                _end = .

.infomem        0x00001800        0x0
                0x00001800                . = ALIGN (0x2)
 *(.infomem .infomem.*)

.infomemnobits  0x00001800        0x0
                0x00001800                . = ALIGN (0x2)
 *(.infomemnobits .infomemnobits.*)

.infoa          0x00001980        0x0
                0x00001980                . = ALIGN (0x2)
 *(.infoa .infoa.*)

.infob          0x00001900        0x0
                0x00001900                . = ALIGN (0x2)
 *(.infob .infob.*)

.infoc          0x00001880        0x0
                0x00001880                . = ALIGN (0x2)
 *(.infoc .infoc.*)

.infod          0x00001800        0x0
                0x00001800                . = ALIGN (0x2)
 *(.infod .infod.*)

.vectors        0x0000ff80       0x80
                0x0000ff80                __vectors_start = .
 *(.vectors*)
 .vectors       0x0000ff80       0x80 /usr/local/msp430/bin/../lib/gcc/msp430/4.7.0/mcpu-430x/mmpy-16/msr20/mc20/crt0ivtbl64.o
                0x0000ff80                __ivtbl_64
                0x00010000                _vectors_end = .

.fartext        0x00010000        0x0
                0x00010000                . = ALIGN (0x2)
 *(.fartext .fartext.*)

.far.text       0x00010000     0x9b94
                0x00010000                . = ALIGN (0x2)
 *(.far.text .far.text.*)
 .far.text.process_thread_webserver_nogui_process
                0x00010000       0x40 border-router.co
 .far.text.ipaddr_add
                0x00010040       0xb6 border-router.co
 .far.text.generate_routes
                0x000100f6      0x288 border-router.co
 .far.text.httpd_simple_get_script
                0x0001037e        0x6 border-router.co
                0x0001037e                httpd_simple_get_script
 .far.text.request_prefix
                0x00010384       0x1e border-router.co
                0x00010384                request_prefix
 .far.text.process_thread_border_router_process
                0x000103a2      0x148 border-router.co
 .far.text.set_prefix_64
                0x000104ea       0x82 border-router.co
                0x000104ea                set_prefix_64
 .far.text.init
                0x0001056c       0x1e obj_wismote/slip-bridge.o
 .far.text.slip_input_callback
                0x0001058a       0xee obj_wismote/slip-bridge.o
 .far.text.output
                0x00010678       0x48 obj_wismote/slip-bridge.o
 .far.text.putchar
                0x000106c0       0x3c obj_wismote/slip-bridge.o
                0x000106c0                putchar
 .far.text.handle_input
                0x000106fc       0xee obj_wismote/httpd-simple.o
 .far.text.send_headers
                0x000107ea       0x6a obj_wismote/httpd-simple.o
 .far.text.handle_output
                0x00010854       0xf8 obj_wismote/httpd-simple.o
 .far.text.httpd_appcall
                0x0001094c       0xd2 obj_wismote/httpd-simple.o
                0x0001094c                httpd_appcall
 .far.text.httpd_init
                0x00010a1e       0x12 obj_wismote/httpd-simple.o
                0x00010a1e                httpd_init
 .far.text.init_platform
                0x00010a30        0xc contiki-wismote.a(contiki-wismote)
                0x00010a30                init_platform
 .far.text.status
                0x00010a3c       0x18 contiki-wismote.a(button-sensor.o)
 .far.text.value
                0x00010a54       0x20 contiki-wismote.a(button-sensor.o)
 .far.text.configure
                0x00010a74       0x4c contiki-wismote.a(button-sensor.o)
 .far.text.process_thread_sensors_process
                0x00010ac0       0xc2 contiki-wismote.a(sensors.o)
 .far.text.sensors_changed
                0x00010b82       0x2a contiki-wismote.a(sensors.o)
                0x00010b82                sensors_changed
 .far.text.get_value
                0x00010bac       0x4a contiki-wismote.a(cc2520.o)
 .far.text.get_object
                0x00010bf6        0x4 contiki-wismote.a(cc2520.o)
 .far.text.set_object
                0x00010bfa        0x4 contiki-wismote.a(cc2520.o)
 .far.text.cc2520_receiving_packet
                0x00010bfe        0x8 contiki-wismote.a(cc2520.o)
 .far.text.pending_packet
                0x00010c06        0xe contiki-wismote.a(cc2520.o)
 .far.text.status
                0x00010c14       0x52 contiki-wismote.a(cc2520.o)
 .far.text.strobe
                0x00010c66       0x4e contiki-wismote.a(cc2520.o)
 .far.text.on   0x00010cb4       0x46 contiki-wismote.a(cc2520.o)
 .far.text.flushrx
                0x00010cfa       0xf2 contiki-wismote.a(cc2520.o)
 .far.text.off  0x00010dec       0x72 contiki-wismote.a(cc2520.o)
 .far.text.RELEASE_LOCK
                0x00010e5e       0x28 contiki-wismote.a(cc2520.o)
 .far.text.getrxdata
                0x00010e86       0x7e contiki-wismote.a(cc2520.o)
 .far.text.setreg
                0x00010f04       0x6e contiki-wismote.a(cc2520.o)
 .far.text.cc2520_prepare
                0x00010f72       0xde contiki-wismote.a(cc2520.o)
 .far.text.getreg
                0x00011050       0x78 contiki-wismote.a(cc2520.o)
 .far.text.cc2520_on
                0x000110c8       0x22 contiki-wismote.a(cc2520.o)
                0x000110c8                cc2520_on
 .far.text.cc2520_off
                0x000110ea       0x30 contiki-wismote.a(cc2520.o)
                0x000110ea                cc2520_off
 .far.text.cc2520_cca
                0x0001111a       0x76 contiki-wismote.a(cc2520.o)
 .far.text.cc2520_read
                0x00011190       0xfe contiki-wismote.a(cc2520.o)
 .far.text.process_thread_cc2520_process
                0x0001128e       0x58 contiki-wismote.a(cc2520.o)
 .far.text.cc2520_set_channel
                0x000112e6       0x78 contiki-wismote.a(cc2520.o)
                0x000112e6                cc2520_set_channel
 .far.text.set_value
                0x0001135e       0x3c contiki-wismote.a(cc2520.o)
 .far.text.cc2520_set_pan_addr
                0x0001139a      0x1aa contiki-wismote.a(cc2520.o)
                0x0001139a                cc2520_set_pan_addr
 .far.text.cc2520_init
                0x00011544      0x17a contiki-wismote.a(cc2520.o)
                0x00011544                cc2520_init
 .far.text.cc2520_interrupt
                0x000116be       0x1c contiki-wismote.a(cc2520.o)
                0x000116be                cc2520_interrupt
 .far.text.cc2520_get_txpower
                0x000116da       0x1a contiki-wismote.a(cc2520.o)
                0x000116da                cc2520_get_txpower
 .far.text.cc2520_transmit
                0x000116f4      0x1cc contiki-wismote.a(cc2520.o)
 .far.text.cc2520_send
                0x000118c0       0x12 contiki-wismote.a(cc2520.o)
 .far.text.cc2520_arch_init
                0x000118d2       0x48 contiki-wismote.a(cc2520-arch.o)
                0x000118d2                cc2520_arch_init
 .far.text.uart1_active
                0x0001191a        0xe contiki-wismote.a(uart1.o)
                0x0001191a                uart1_active
 .far.text.uart1_set_input
                0x00011928        0x6 contiki-wismote.a(uart1.o)
                0x00011928                uart1_set_input
 .far.text.uart1_writeb
                0x0001192e       0x16 contiki-wismote.a(uart1.o)
                0x0001192e                uart1_writeb
 .far.text.uart1_init
                0x00011944       0x64 contiki-wismote.a(uart1.o)
                0x00011944                uart1_init
 .far.text.slip_arch_writeb
                0x000119a8        0x6 contiki-wismote.a(slip_uart1.o)
                0x000119a8                slip_arch_writeb
 .far.text.slip_arch_init
                0x000119ae        0xa contiki-wismote.a(slip_uart1.o)
                0x000119ae                slip_arch_init
 .far.text.process_thread_slip_process
                0x000119b8      0x15a contiki-wismote.a(slip.o)
 .far.text.slip_set_input_callback
                0x00011b12        0x6 contiki-wismote.a(slip.o)
                0x00011b12                slip_set_input_callback
 .far.text.slip_send
                0x00011b18       0x84 contiki-wismote.a(slip.o)
                0x00011b18                slip_send
 .far.text.slip_input_byte
                0x00011b9c       0xbc contiki-wismote.a(slip.o)
                0x00011b9c                slip_input_byte
 .far.text.msp430_init_dco
                0x00011c58       0x20 contiki-wismote.a(msp430.o)
                0x00011c58                msp430_init_dco
 .far.text.msp430_cpu_init
                0x00011c78       0x82 contiki-wismote.a(msp430.o)
                0x00011c78                msp430_cpu_init
 .far.text.splhigh_
                0x00011cfa        0x8 contiki-wismote.a(msp430.o)
                0x00011cfa                splhigh_
 .far.text.clock_time
                0x00011d02       0x1a contiki-wismote.a(clock.o)
                0x00011d02                clock_time
 .far.text.clock_init
                0x00011d1c       0x28 contiki-wismote.a(clock.o)
                0x00011d1c                clock_init
 .far.text.clock_delay
                0x00011d44        0xc contiki-wismote.a(clock.o)
                0x00011d44                clock_delay
 .far.text.clock_wait
                0x00011d50       0x24 contiki-wismote.a(clock.o)
                0x00011d50                clock_wait
 .far.text.clock_seconds
                0x00011d74       0x1a contiki-wismote.a(clock.o)
                0x00011d74                clock_seconds
 .far.text.show_leds
                0x00011d8e       0xe8 contiki-wismote.a(leds.o)
 .far.text.leds_init
                0x00011e76        0xa contiki-wismote.a(leds.o)
                0x00011e76                leds_init
 .far.text.leds_on
                0x00011e80        0xa contiki-wismote.a(leds.o)
                0x00011e80                leds_on
 .far.text.leds_off
                0x00011e8a        0xe contiki-wismote.a(leds.o)
                0x00011e8a                leds_off
 .far.text.leds_arch_init
                0x00011e98       0x22 contiki-wismote.a(leds-arch.o)
                0x00011e98                leds_arch_init
 .far.text.leds_arch_set
                0x00011eba       0x4c contiki-wismote.a(leds-arch.o)
                0x00011eba                leds_arch_set
 .far.text.watchdog_start
                0x00011f06       0x14 contiki-wismote.a(watchdog.o)
                0x00011f06                watchdog_start
 .far.text.watchdog_periodic
                0x00011f1a       0x12 contiki-wismote.a(watchdog.o)
                0x00011f1a                watchdog_periodic
 .far.text.watchdog_stop
                0x00011f2c       0x16 contiki-wismote.a(watchdog.o)
                0x00011f2c                watchdog_stop
 .far.text.watchdog_init
                0x00011f42       0x12 contiki-wismote.a(watchdog.o)
                0x00011f42                watchdog_init
 .far.text.rtimer_arch_init
                0x00011f54        0xe contiki-wismote.a(rtimer-arch.o)
                0x00011f54                rtimer_arch_init
 .far.text.rtimer_arch_now
                0x00011f62        0xe contiki-wismote.a(rtimer-arch.o)
                0x00011f62                rtimer_arch_now
 .far.text.rtimer_arch_schedule
                0x00011f70        0x6 contiki-wismote.a(rtimer-arch.o)
                0x00011f70                rtimer_arch_schedule
 .far.text.autostart_start
                0x00011f76       0x16 contiki-wismote.a(autostart.o)
                0x00011f76                autostart_start
 .far.text.process_thread_ctimer_process
                0x00011f8c       0xa0 contiki-wismote.a(ctimer.o)
 .far.text.ctimer_init
                0x0001202c       0x18 contiki-wismote.a(ctimer.o)
                0x0001202c                ctimer_init
 .far.text.ctimer_set
                0x00012044       0x52 contiki-wismote.a(ctimer.o)
                0x00012044                ctimer_set
 .far.text.ctimer_reset
                0x00012096       0x36 contiki-wismote.a(ctimer.o)
                0x00012096                ctimer_reset
 .far.text.ctimer_stop
                0x000120cc       0x28 contiki-wismote.a(ctimer.o)
                0x000120cc                ctimer_stop
 .far.text.energest_init
                0x000120f4       0x24 contiki-wismote.a(energest.o)
                0x000120f4                energest_init
 .far.text.energest_type_time
                0x00012118       0x3c contiki-wismote.a(energest.o)
                0x00012118                energest_type_time
 .far.text.energest_type_set
                0x00012154        0xc contiki-wismote.a(energest.o)
                0x00012154                energest_type_set
 .far.text.energest_flush
                0x00012160       0x38 contiki-wismote.a(energest.o)
                0x00012160                energest_flush
 .far.text.update_time
                0x00012198       0x70 contiki-wismote.a(etimer.o)
 .far.text.etimer_request_poll
                0x00012208        0xa contiki-wismote.a(etimer.o)
                0x00012208                etimer_request_poll
 .far.text.process_thread_etimer_process
                0x00012212       0xc4 contiki-wismote.a(etimer.o)
 .far.text.add_timer
                0x000122d6       0x40 contiki-wismote.a(etimer.o)
 .far.text.etimer_set
                0x00012316       0x12 contiki-wismote.a(etimer.o)
                0x00012316                etimer_set
 .far.text.etimer_reset
                0x00012328       0x12 contiki-wismote.a(etimer.o)
                0x00012328                etimer_reset
 .far.text.etimer_restart
                0x0001233a       0x12 contiki-wismote.a(etimer.o)
                0x0001233a                etimer_restart
 .far.text.etimer_expired
                0x0001234c        0xe contiki-wismote.a(etimer.o)
                0x0001234c                etimer_expired
 .far.text.etimer_expiration_time
                0x0001235a       0x14 contiki-wismote.a(etimer.o)
                0x0001235a                etimer_expiration_time
 .far.text.etimer_pending
                0x0001236e        0xc contiki-wismote.a(etimer.o)
                0x0001236e                etimer_pending
 .far.text.etimer_next_expiration_time
                0x0001237a       0x16 contiki-wismote.a(etimer.o)
                0x0001237a                etimer_next_expiration_time
 .far.text.etimer_stop
                0x00012390       0x3e contiki-wismote.a(etimer.o)
                0x00012390                etimer_stop
 .far.text.call_process
                0x000123ce       0x40 contiki-wismote.a(process.o)
 .far.text.exit_process
                0x0001240e       0x88 contiki-wismote.a(process.o)
 .far.text.do_poll
                0x00012496       0x30 contiki-wismote.a(process.o)
 .far.text.process_alloc_event
                0x000124c6        0xe contiki-wismote.a(process.o)
                0x000124c6                process_alloc_event
 .far.text.process_init
                0x000124d4       0x1c contiki-wismote.a(process.o)
                0x000124d4                process_init
 .far.text.process_run
                0x000124f0       0xa4 contiki-wismote.a(process.o)
                0x000124f0                process_run
 .far.text.process_nevents
                0x00012594        0xe contiki-wismote.a(process.o)
                0x00012594                process_nevents
 .far.text.process_post
                0x000125a2       0x50 contiki-wismote.a(process.o)
                0x000125a2                process_post
 .far.text.process_post_synch
                0x000125f2       0x12 contiki-wismote.a(process.o)
                0x000125f2                process_post_synch
 .far.text.process_start
                0x00012604       0x36 contiki-wismote.a(process.o)
                0x00012604                process_start
 .far.text.process_poll
                0x0001263a       0x18 contiki-wismote.a(process.o)
                0x0001263a                process_poll
 .far.text.rtimer_init
                0x00012652        0x6 contiki-wismote.a(rtimer.o)
                0x00012652                rtimer_init
 .far.text.rtimer_run_next
                0x00012658       0x26 contiki-wismote.a(rtimer.o)
                0x00012658                rtimer_run_next
 .far.text.timer_set
                0x0001267e       0x1c contiki-wismote.a(timer.o)
                0x0001267e                timer_set
 .far.text.timer_reset
                0x0001269a        0xe contiki-wismote.a(timer.o)
                0x0001269a                timer_reset
 .far.text.timer_restart
                0x000126a8       0x14 contiki-wismote.a(timer.o)
                0x000126a8                timer_restart
 .far.text.timer_expired
                0x000126bc       0x2a contiki-wismote.a(timer.o)
                0x000126bc                timer_expired
 .far.text.list_init
                0x000126e6        0x6 contiki-wismote.a(list.o)
                0x000126e6                list_init
 .far.text.list_head
                0x000126ec        0x4 contiki-wismote.a(list.o)
                0x000126ec                list_head
 .far.text.list_tail
                0x000126f0       0x12 contiki-wismote.a(list.o)
                0x000126f0                list_tail
 .far.text.list_remove
                0x00012702       0x34 contiki-wismote.a(list.o)
                0x00012702                list_remove
 .far.text.list_push
                0x00012736       0x16 contiki-wismote.a(list.o)
                0x00012736                list_push
 .far.text.list_add
                0x0001274c       0x26 contiki-wismote.a(list.o)
                0x0001274c                list_add
 .far.text.list_length
                0x00012772       0x10 contiki-wismote.a(list.o)
                0x00012772                list_length
 .far.text.list_item_next
                0x00012782        0xc contiki-wismote.a(list.o)
                0x00012782                list_item_next
 .far.text.memb_init