Archive member included because of file (symbol)

contiki-sky.a(contiki-sky-pla)
                              obj_sky/contiki-sky-main.o (init_platform)
contiki-sky.a(button-sensor.o)
                              border-router.co (button_sensor)
contiki-sky.a(ds2411.o)       obj_sky/contiki-sky-main.o (ds2411_init)
contiki-sky.a(xmem.o)         obj_sky/contiki-sky-main.o (xmem_init)
contiki-sky.a(node-id.o)      obj_sky/contiki-sky-main.o (node_id_restore)
contiki-sky.a(sensors.o)      border-router.co (sensors_event)
contiki-sky.a(cc2420.o)       obj_sky/contiki-sky-main.o (cc2420_set_pan_addr)
contiki-sky.a(cc2420-arch.o)  contiki-sky.a(cc2420.o) (cc2420_arch_init)
contiki-sky.a(uart1.o)        obj_sky/contiki-sky-main.o (uart1_active)
contiki-sky.a(slip_uart1.o)   obj_sky/slip-bridge.o (slip_arch_writeb)
contiki-sky.a(slip.o)         obj_sky/slip-bridge.o (slip_process)
contiki-sky.a(msp430.o)       contiki-sky.a(uart1.o) (msp430_add_lpm_req)
contiki-sky.a(clock.o)        obj_sky/contiki-sky-main.o (clock_init)
contiki-sky.a(leds.o)         obj_sky/contiki-sky-main.o (leds_init)
contiki-sky.a(leds-arch.o)    contiki-sky.a(leds.o) (leds_arch_init)
contiki-sky.a(watchdog.o)     obj_sky/contiki-sky-main.o (watchdog_start)
contiki-sky.a(rtimer-arch.o)  obj_sky/contiki-sky-main.o (rtimer_arch_now)
contiki-sky.a(autostart.o)    obj_sky/contiki-sky-main.o (autostart_start)
contiki-sky.a(ctimer.o)       obj_sky/contiki-sky-main.o (ctimer_init)
contiki-sky.a(energest.o)     obj_sky/contiki-sky-main.o (energest_init)
contiki-sky.a(etimer.o)       contiki-sky.a(clock.o) (etimer_request_poll)
contiki-sky.a(process.o)      border-router.co (process_current)
contiki-sky.a(rtimer.o)       obj_sky/contiki-sky-main.o (rtimer_init)
contiki-sky.a(timer.o)        obj_sky/httpd-simple.o (timer_set)
contiki-sky.a(list.o)         contiki-sky.a(ctimer.o) (list_init)
contiki-sky.a(memb.o)         obj_sky/httpd-simple.o (memb_init)
contiki-sky.a(random.o)       obj_sky/contiki-sky-main.o (random_init)
contiki-sky.a(sicslowpan.o)   obj_sky/contiki-sky-main.o (sicslowpan_driver)
contiki-sky.a(uip6.o)         border-router.co (uip_aligned_buf)
contiki-sky.a(uip-ds6.o)      contiki-sky.a(uip6.o) (uip_ds6_is_addr_onlink)
contiki-sky.a(uip-ds6-nbr.o)  border-router.co (ds6_neighbors)
contiki-sky.a(uip-ds6-route.o)
                              contiki-sky.a(uip-ds6.o) (uip_ds6_route_init)
contiki-sky.a(uip-icmp6.o)    contiki-sky.a(uip6.o) (uip_icmp6_input)
contiki-sky.a(uip-nd6.o)      contiki-sky.a(uip-ds6.o) (uip_nd6_ra_output)
contiki-sky.a(csma.o)         border-router.co (csma_driver)
contiki-sky.a(framer-802154.o)
                              contiki-sky.a(sicslowpan.o) (framer_802154)
contiki-sky.a(framer.o)       contiki-sky.a(framer-802154.o) (framer_canonical_create_and_secure)
contiki-sky.a(mac.o)          contiki-sky.a(csma.o) (mac_call_sent_callback)
contiki-sky.a(linkaddr.o)     obj_sky/contiki-sky-main.o (linkaddr_copy)
contiki-sky.a(nbr-table.o)    contiki-sky.a(uip-ds6-nbr.o) (nbr_table_register)
contiki-sky.a(packetbuf.o)    contiki-sky.a(framer-802154.o) (packetbuf_hdrreduce)
contiki-sky.a(queuebuf.o)     obj_sky/contiki-sky-main.o (queuebuf_init)
contiki-sky.a(psock.o)        border-router.co (psock_send)
contiki-sky.a(tcpip.o)        contiki-sky.a(sicslowpan.o) (tcpip_set_outputfunc)
contiki-sky.a(uip-debug.o)    border-router.co (uip_debug_ipaddr_print)
contiki-sky.a(rpl.o)          contiki-sky.a(uip-ds6-nbr.o) (rpl_link_neighbor_callback)
contiki-sky.a(rpl-dag.o)      contiki-sky.a(rpl.o) (rpl_dag_init)
contiki-sky.a(rpl-ext-header.)
                              contiki-sky.a(uip6.o) (rpl_verify_header)
contiki-sky.a(rpl-icmp6.o)    contiki-sky.a(rpl.o) (dao_output_target)
contiki-sky.a(rpl-mrhof.o)    contiki-sky.a(rpl.o) (rpl_mrhof)
contiki-sky.a(rpl-timers.o)   contiki-sky.a(rpl.o) (rpl_reset_periodic_timer)
contiki-sky.a(contikimac.o)   obj_sky/contiki-sky-main.o (contikimac_driver)
contiki-sky.a(nullsec.o)      obj_sky/contiki-sky-main.o (nullsec_driver)
contiki-sky.a(spi.o)          contiki-sky.a(xmem.o) (spi_init)
contiki-sky.a(compower.o)     contiki-sky.a(contikimac.o) (compower_idle_activity)
contiki-sky.a(stimer.o)       contiki-sky.a(uip-ds6.o) (stimer_set)
contiki-sky.a(frame802154.o)  contiki-sky.a(framer-802154.o) (frame802154_hdrlen)
contiki-sky.a(mac-sequence.o)
                              contiki-sky.a(contikimac.o) (mac_sequence_is_duplicate)
/usr/local/msp430/bin/../lib/gcc/msp430/4.7.0/mmpy-16/libgcc.a(_mulsi3.o)
                              contiki-sky.a(csma.o) (__mulsi3)
/usr/local/msp430/bin/../lib/gcc/msp430/4.7.0/mmpy-16/libgcc.a(_udivmod16.o)
                              contiki-sky.a(uip-nd6.o) (__udivhi3)
/usr/local/msp430/bin/../lib/gcc/msp430/4.7.0/mmpy-16/libgcc.a(_divmod16.o)
                              contiki-sky.a(nbr-table.o) (__divhi3)
/usr/local/msp430/bin/../lib/gcc/msp430/4.7.0/mmpy-16/libgcc.a(_udivmod32.o)
[...]
Memory Configuration

Name             Origin             Length             Attributes
sfr              0x00000000         0x00000010
peripheral_8bit  0x00000010         0x000000f0
peripheral_16bit 0x00000100         0x00000100
ram_mirror       0x00000200         0x00000800         xw
infomem          0x00001000         0x00000100
infob            0x00001000         0x00000080
infoa            0x00001080         0x00000080
ram              0x00001100         0x00002800         xw
rom              0x00004000         0x0000bfe0         xr
vectors          0x0000ffe0         0x00000020
bsl              0x00000000         0x00000000
infoc            0x00000000         0x00000000
infod            0x00000000         0x00000000
ram2             0x00000000         0x00000000         xw
usbram           0x00000000         0x00000000         xw
far_rom          0x00000000         0x00000000
*default*        0x00000000         0xffffffff

Linker script and memory map

LOAD /usr/local/msp430/bin/../lib/gcc/msp430/4.7.0/mmpy-16/crt0ivtbl16.o
LOAD border-router.co
LOAD obj_sky/slip-bridge.o
LOAD obj_sky/httpd-simple.o
LOAD obj_sky/contiki-sky-main.o
LOAD contiki-sky.a
LOAD /usr/local/msp430/bin/../lib/gcc/msp430/4.7.0/mmpy-16/libgcc.a
LOAD /usr/local/msp430/bin/../lib/gcc/msp430/4.7.0/../../../../msp430/lib/mmpy-16/libc.a
LOAD /usr/local/msp430/bin/../lib/gcc/msp430/4.7.0/mmpy-16/libgcc.a
LOAD /usr/local/msp430/bin/../lib/gcc/msp430/4.7.0/mmpy-16/libcrt0.a
                0x00000080                PROVIDE (__info_segment_size, 0x80)
                0x00001000                PROVIDE (__infob, 0x1000)
                0x00001080                PROVIDE (__infoa, 0x1080)
                0x00000000                __IE1 = 0x0
                0x00000002                __IFG1 = 0x2
                0x00000004                __ME1 = 0x4
                0x00000001                __IE2 = 0x1
                0x00000003                __IFG2 = 0x3
                0x00000005                __ME2 = 0x5
                0x00000120                __WDTCTL = 0x120
                0x00000130                __MPY = 0x130
                0x00000132                __MPYS = 0x132
                0x00000134                __MAC = 0x134
                0x00000136                __MACS = 0x136
                0x00000138                __OP2 = 0x138
                0x0000013a                __RESLO = 0x13a
                0x0000013c                __RESHI = 0x13c
                0x0000013e                __SUMEXT = 0x13e
                0x00000020                __P1IN = 0x20
                0x00000021                __P1OUT = 0x21
                0x00000022                __P1DIR = 0x22
                0x00000023                __P1IFG = 0x23
                0x00000024                __P1IES = 0x24
                0x00000025                __P1IE = 0x25
                0x00000026                __P1SEL = 0x26
                0x00000028                __P2IN = 0x28
                0x00000029                __P2OUT = 0x29
                0x0000002a                __P2DIR = 0x2a
                0x0000002b                __P2IFG = 0x2b
                0x0000002c                __P2IES = 0x2c
                0x0000002d                __P2IE = 0x2d
                0x0000002e                __P2SEL = 0x2e
                0x00000018                __P3IN = 0x18
                0x00000019                __P3OUT = 0x19
                0x0000001a                __P3DIR = 0x1a
                0x0000001b                __P3SEL = 0x1b
                0x0000001c                __P4IN = 0x1c
                0x0000001d                __P4OUT = 0x1d
                0x0000001e                __P4DIR = 0x1e
                0x0000001f                __P4SEL = 0x1f
                0x00000030                __P5IN = 0x30
                0x00000031                __P5OUT = 0x31
                0x00000032                __P5DIR = 0x32
                0x00000033                __P5SEL = 0x33
                0x00000034                __P6IN = 0x34
                0x00000035                __P6OUT = 0x35
                0x00000036                __P6DIR = 0x36
                0x00000037                __P6SEL = 0x37
                0x00000070                __U0CTL = 0x70
                0x00000071                __U0TCTL = 0x71
                0x00000072                __U0RCTL = 0x72
                0x00000073                __U0MCTL = 0x73
                0x00000074                __U0BR0 = 0x74
                0x00000075                __U0BR1 = 0x75
                0x00000076                __U0RXBUF = 0x76
                0x00000077                __U0TXBUF = 0x77
                0x00000078                __U1CTL = 0x78
                0x00000079                __U1TCTL = 0x79
                0x0000007a                __U1RCTL = 0x7a
                0x0000007b                __U1MCTL = 0x7b
                0x0000007c                __U1BR0 = 0x7c
                0x0000007d                __U1BR1 = 0x7d
                0x0000007e                __U1RXBUF = 0x7e
                0x0000007f                __U1TXBUF = 0x7f
                0x00000050                __I2CIE = 0x50
                0x00000051                __I2CIFG = 0x51
                0x00000052                __I2CNDAT = 0x52
                0x00000071                __I2CTCTL = 0x71
                0x00000072                __I2CDCTL = 0x72
                0x00000073                __I2CPSC = 0x73
                0x00000074                __I2CSCLH = 0x74
                0x00000075                __I2CSCLL = 0x75
                0x00000076                __I2CDRB = 0x76
                0x00000076                __I2CDRW = 0x76
                0x00000118                __I2COA = 0x118
                0x0000011a                __I2CSA = 0x11a
                0x0000011c                __I2CIV = 0x11c
                0x0000012e                __TAIV = 0x12e
                0x00000160                __TACTL = 0x160
                0x00000162                __TACCTL0 = 0x162
                0x00000164                __TACCTL1 = 0x164
                0x00000166                __TACCTL2 = 0x166
                0x00000170                __TAR = 0x170
                0x00000172                __TACCR0 = 0x172
                0x00000174                __TACCR1 = 0x174
                0x00000176                __TACCR2 = 0x176
                0x0000011e                __TBIV = 0x11e
                0x00000180                __TBCTL = 0x180
                0x00000182                __TBCCTL0 = 0x182
                0x00000184                __TBCCTL1 = 0x184
                0x00000186                __TBCCTL2 = 0x186
                0x00000188                __TBCCTL3 = 0x188
                0x0000018a                __TBCCTL4 = 0x18a
                0x0000018c                __TBCCTL5 = 0x18c
                0x0000018e                __TBCCTL6 = 0x18e
                0x00000190                __TBR = 0x190
                0x00000192                __TBCCR0 = 0x192
                0x00000194                __TBCCR1 = 0x194
                0x00000196                __TBCCR2 = 0x196
                0x00000198                __TBCCR3 = 0x198
                0x0000019a                __TBCCR4 = 0x19a
                0x0000019c                __TBCCR5 = 0x19c
                0x0000019e                __TBCCR6 = 0x19e
                0x00000056                __DCOCTL = 0x56
                0x00000057                __BCSCTL1 = 0x57
                0x00000058                __BCSCTL2 = 0x58
                0x00000055                __SVSCTL = 0x55
                0x00000128                __FCTL1 = 0x128
                0x0000012a                __FCTL2 = 0x12a
                0x0000012c                __FCTL3 = 0x12c
                0x00000059                __CACTL1 = 0x59
                0x0000005a                __CACTL2 = 0x5a
                0x0000005b                __CAPD = 0x5b
                0x000001a0                __ADC12CTL0 = 0x1a0
                0x000001a2                __ADC12CTL1 = 0x1a2
                0x000001a4                __ADC12IFG = 0x1a4
                0x000001a6                __ADC12IE = 0x1a6
                0x000001a8                __ADC12IV = 0x1a8
                0x00000140                __ADC12MEM0 = 0x140
                0x00000142                __ADC12MEM1 = 0x142
                0x00000144                __ADC12MEM2 = 0x144
                0x00000146                __ADC12MEM3 = 0x146
                0x00000148                __ADC12MEM4 = 0x148
                0x0000014a                __ADC12MEM5 = 0x14a
                0x0000014c                __ADC12MEM6 = 0x14c
                0x0000014e                __ADC12MEM7 = 0x14e
                0x00000150                __ADC12MEM8 = 0x150
                0x00000152                __ADC12MEM9 = 0x152
                0x00000154                __ADC12MEM10 = 0x154
                0x00000156                __ADC12MEM11 = 0x156
                0x00000158                __ADC12MEM12 = 0x158
                0x0000015a                __ADC12MEM13 = 0x15a
                0x0000015c                __ADC12MEM14 = 0x15c
                0x0000015e                __ADC12MEM15 = 0x15e
                0x00000080                __ADC12MCTL0 = 0x80
                0x00000081                __ADC12MCTL1 = 0x81
                0x00000082                __ADC12MCTL2 = 0x82
                0x00000083                __ADC12MCTL3 = 0x83
                0x00000084                __ADC12MCTL4 = 0x84
                0x00000085                __ADC12MCTL5 = 0x85
                0x00000086                __ADC12MCTL6 = 0x86
                0x00000087                __ADC12MCTL7 = 0x87
                0x00000088                __ADC12MCTL8 = 0x88
                0x00000089                __ADC12MCTL9 = 0x89
                0x0000008a                __ADC12MCTL10 = 0x8a
                0x0000008b                __ADC12MCTL11 = 0x8b
                0x0000008c                __ADC12MCTL12 = 0x8c
                0x0000008d                __ADC12MCTL13 = 0x8d
                0x0000008e                __ADC12MCTL14 = 0x8e
                0x0000008f                __ADC12MCTL15 = 0x8f
                0x000001c0                __DAC12_0CTL = 0x1c0
                0x000001c2                __DAC12_1CTL = 0x1c2
                0x000001c8                __DAC12_0DAT = 0x1c8
                0x000001ca                __DAC12_1DAT = 0x1ca
                0x00000122                __DMACTL0 = 0x122
                0x00000124                __DMACTL1 = 0x124
                0x000001e0                __DMA0CTL = 0x1e0
                0x000001e8                __DMA1CTL = 0x1e8
                0x000001f0                __DMA2CTL = 0x1f0
                0x000001e2                __DMA0SA = 0x1e2
                0x000001e4                __DMA0DA = 0x1e4
                0x000001e6                __DMA0SZ = 0x1e6
                0x000001ea                __DMA1SA = 0x1ea
                0x000001ec                __DMA1DA = 0x1ec
                0x000001ee                __DMA1SZ = 0x1ee
                0x000001f2                __DMA2SA = 0x1f2
                0x000001f4                __DMA2DA = 0x1f4
                0x000001f6                __DMA2SZ = 0x1f6

.hash
 *(.hash)

.dynsym
 *(.dynsym)

.dynstr
 *(.dynstr)

.gnu.version
 *(.gnu.version)

.gnu.version_d
 *(.gnu.version_d)

.gnu.version_r
 *(.gnu.version_r)

.rel.init
 *(.rel.init)

.rela.init
 *(.rela.init)

.rel.fini
 *(.rel.fini)

.rela.fini
 *(.rela.fini)

.rel.text
 *(.rel.text .rel.text.* .rel.gnu.linkonce.t.*)

.rela.text
 *(.rela.text .rela.text.* .rela.gnu.linkonce.t.*)

.rel.rodata
 *(.rel.rodata .rel.rodata.* .rel.gnu.linkonce.r.*)

.rela.rodata
 *(.rela.rodata .rela.rodata.* .rela.gnu.linkonce.r.*)

.rel.data
 *(.rel.data .rel.data.* .rel.gnu.linkonce.d.*)

.rela.data
 *(.rela.data .rela.data.* .rela.gnu.linkonce.d.*)

.rel.bss
 *(.rel.bss .rel.bss.* .rel.gnu.linkonce.b.*)

.rela.bss
 *(.rela.bss .rela.bss.* .rela.gnu.linkonce.b.*)

.rel.ctors
 *(.rel.ctors)

.rela.ctors
 *(.rela.ctors)

.rel.dtors
 *(.rel.dtors)

.rela.dtors
 *(.rela.dtors)

.rel.got
 *(.rel.got)

.rela.got
 *(.rela.got)

.rel.plt
 *(.rel.plt)

.rela.plt
 *(.rela.plt)

.text           0x00004000     0xbc48
                0x00004000                . = ALIGN (0x2)
 *(.init .init.*)
 *(.init0)
 .init0         0x00004000        0x0 /usr/local/msp430/bin/../lib/gcc/msp430/4.7.0/mmpy-16/libcrt0.a(_reset_vector__.o)
                0x00004000                _reset_vector__
 *(.init1)
 .init1         0x00004000        0xc /usr/local/msp430/bin/../lib/gcc/msp430/4.7.0/mmpy-16/libcrt0.a(__watchdog_support.o)
                0x00004000                __watchdog_support
 *(.init2)
 .init2         0x0000400c        0x4 /usr/local/msp430/bin/../lib/gcc/msp430/4.7.0/mmpy-16/libcrt0.a(__init_stack.o)
                0x0000400c                __init_stack
 *(.init3)
 .init3         0x00004010        0x0 /usr/local/msp430/bin/../lib/gcc/msp430/4.7.0/mmpy-16/libcrt0.a(__low_level_init.o)
                0x00004010                __low_level_init
 *(.init4)
 .init4         0x00004010       0x18 /usr/local/msp430/bin/../lib/gcc/msp430/4.7.0/mmpy-16/libcrt0.a(_copy_data.o)
                0x00004010                __do_copy_data
 .init4         0x00004028       0x16 /usr/local/msp430/bin/../lib/gcc/msp430/4.7.0/mmpy-16/libcrt0.a(_clear_bss.o)
                0x00004028                __do_clear_bss
 *(.init5)
 *(.init6)
 *(.init7)
 *(.init8)
 *(.init9)
 .init9         0x0000403e      0x2d6 obj_sky/contiki-sky-main.o
                0x0000403e                main
 *(.fini9)
 .fini9         0x00004314        0x0 /usr/local/msp430/bin/../lib/gcc/msp430/4.7.0/mmpy-16/libcrt0.a(__stop_progExec__.o)
                0x00004314                __stop_progExec__
 *(.fini8)
 *(.fini7)
 *(.fini6)
 *(.fini5)
 *(.fini4)
 *(.fini3)
 *(.fini2)
 *(.fini1)
 *(.fini0)
 .fini0         0x00004314        0x6 /usr/local/msp430/bin/../lib/gcc/msp430/4.7.0/mmpy-16/libcrt0.a(_endless_loop__.o)
                0x00004314                _endless_loop__
 *(.fini .fini.*)
                0x0000431a                . = ALIGN (0x2)
                0x0000431a                __ctors_start = .
 *(.ctors)
                0x0000431a                __ctors_end = .
                0x0000431a                __dtors_start = .
 *(.dtors)
                0x0000431a                __dtors_end = .
                0x0000431a                . = ALIGN (0x2)
 *(.text .text.* .gnu.linkonce.t.*)
 .text          0x0000431a        0x4 /usr/local/msp430/bin/../lib/gcc/msp430/4.7.0/mmpy-16/crt0ivtbl16.o
                0x0000431a                __isr_14
                0x0000431a                __isr_11
                0x0000431a                __isr_2
                0x0000431a                __isr_7
                0x0000431a                __isr_0
                0x0000431a                __isr_8
                0x0000431a                __isr_3
                0x0000431a                __isr_12
                0x0000431a                __isr_13
                0x0000431a                __isr_9
 .text.process_thread_webserver_nogui_process
                0x0000431e       0x40 border-router.co
 .text.ipaddr_add
                0x0000435e       0xc6 border-router.co
 .text.generate_routes
                0x00004424      0x290 border-router.co
 .text.httpd_simple_get_script
                0x000046b4        0x6 border-router.co
                0x000046b4                httpd_simple_get_script
 .text.request_prefix
                0x000046ba       0x1e border-router.co
                0x000046ba                request_prefix
 .text.process_thread_border_router_process
                0x000046d8      0x120 border-router.co
 .text.set_prefix_64
                0x000047f8       0x5e border-router.co
                0x000047f8                set_prefix_64
 .text.init     0x00004856       0x1e obj_sky/slip-bridge.o
 .text.slip_input_callback
                0x00004874       0xe0 obj_sky/slip-bridge.o
 .text.output   0x00004954       0x48 obj_sky/slip-bridge.o
 .text.putchar  0x0000499c       0x3c obj_sky/slip-bridge.o
                0x0000499c                putchar
 .text.handle_input
                0x000049d8       0xf2 obj_sky/httpd-simple.o
 .text.send_headers
                0x00004aca       0x6a obj_sky/httpd-simple.o
 .text.handle_output
                0x00004b34       0xf4 obj_sky/httpd-simple.o
 .text.httpd_appcall
                0x00004c28       0xd0 obj_sky/httpd-simple.o
                0x00004c28                httpd_appcall
 .text.httpd_init
                0x00004cf8       0x12 obj_sky/httpd-simple.o
                0x00004cf8                httpd_init
 .text.start_network_layer
                0x00004d0a       0xa2 obj_sky/contiki-sky-main.o
 .text.init_platform
                0x00004dac        0xc contiki-sky.a(contiki-sky-pla)
                0x00004dac                init_platform
 .text.status   0x00004db8       0x18 contiki-sky.a(button-sensor.o)
 .text.value    0x00004dd0       0x20 contiki-sky.a(button-sensor.o)
 .text.configure
                0x00004df0       0x4c contiki-sky.a(button-sensor.o)
 .text.irq_p2   0x00004e3c       0x88 contiki-sky.a(button-sensor.o)
                0x00004e3c                irq_p2
                0x00004e3c                __isr_1
 .text.owreadb  0x00004ec4       0x50 contiki-sky.a(ds2411.o)
 .text.ds2411_init
                0x00004f14      0x120 contiki-sky.a(ds2411.o)
                0x00004f14                ds2411_init
 .text.wait_ready
                0x00005034       0x4a contiki-sky.a(xmem.o)
 .text.xmem_init
                0x0000507e       0x3c contiki-sky.a(xmem.o)
                0x0000507e                xmem_init
 .text.xmem_pread
                0x000050ba       0xe0 contiki-sky.a(xmem.o)
                0x000050ba                xmem_pread
 .text.node_id_restore
                0x0000519a       0x38 contiki-sky.a(node-id.o)
                0x0000519a                node_id_restore
 .text.process_thread_sensors_process
                0x000051d2       0xc2 contiki-sky.a(sensors.o)
 .text.sensors_changed
                0x00005294       0x2a contiki-sky.a(sensors.o)
                0x00005294                sensors_changed
 .text.get_object
                0x000052be        0x4 contiki-sky.a(cc2420.o)
 .text.set_object
                0x000052c2        0x4 contiki-sky.a(cc2420.o)
 .text.strobe   0x000052c6       0x1c contiki-sky.a(cc2420.o)
 .text.getreg   0x000052e2       0x4c contiki-sky.a(cc2420.o)
 .text.setreg   0x0000532e       0x4c contiki-sky.a(cc2420.o)
 .text.write_ram
                0x0000537a       0x7c contiki-sky.a(cc2420.o)
 .text.write_fifo_buf
                0x000053f6       0x3c contiki-sky.a(cc2420.o)
 .text.get_status
                0x00005432       0x20 contiki-sky.a(cc2420.o)
 .text.set_txpower
                0x00005452       0x24 contiki-sky.a(cc2420.o)
 .text.cc2420_receiving_packet
                0x00005476        0xc contiki-sky.a(cc2420.o)
 .text.pending_packet
                0x00005482        0x8 contiki-sky.a(cc2420.o)
 .text.on       0x0000548a       0x1e contiki-sky.a(cc2420.o)
 .text.wait_for_transmission
                0x000054a8       0x22 contiki-sky.a(cc2420.o)
 .text.wait_for_status
                0x000054ca       0x28 contiki-sky.a(cc2420.o)
 .text.getrxdata
                0x000054f2       0x50 contiki-sky.a(cc2420.o)
 .text.flushrx  0x00005542       0x1a contiki-sky.a(cc2420.o)
 .text.off      0x0000555c       0x56 contiki-sky.a(cc2420.o)
 .text.RELEASE_LOCK
                0x000055b2       0x28 contiki-sky.a(cc2420.o)
 .text.set_key  0x000055da       0x18 contiki-sky.a(cc2420.o)
 .text.cc2420_prepare
                0x000055f2       0x3c contiki-sky.a(cc2420.o)
 .text.cc2420_on
                0x0000562e       0x22 contiki-sky.a(cc2420.o)
                0x0000562e                cc2420_on
 .text.cc2420_off
                0x00005650       0x30 contiki-sky.a(cc2420.o)
                0x00005650                cc2420_off
 .text.cc2420_cca
                0x00005680       0x68 contiki-sky.a(cc2420.o)
 .text.cc2420_read
                0x000056e8       0xac contiki-sky.a(cc2420.o)
 .text.process_thread_cc2420_process
                0x00005794       0x54 contiki-sky.a(cc2420.o)
 .text.encrypt  0x000057e8       0x88 contiki-sky.a(cc2420.o)
 .text.cc2420_set_channel
                0x00005870       0x3c contiki-sky.a(cc2420.o)
                0x00005870                cc2420_set_channel
 .text.cc2420_set_pan_addr
                0x000058ac       0x4c contiki-sky.a(cc2420.o)
                0x000058ac                cc2420_set_pan_addr
 .text.cc2420_interrupt
                0x000058f8       0x16 contiki-sky.a(cc2420.o)
                0x000058f8                cc2420_interrupt
 .text.cc2420_set_txpower
                0x0000590e        0xe contiki-sky.a(cc2420.o)
                0x0000590e                cc2420_set_txpower
 .text.set_value
                0x0000591c       0x74 contiki-sky.a(cc2420.o)
 .text.cc2420_get_txpower
                0x00005990       0x1e contiki-sky.a(cc2420.o)
                0x00005990                cc2420_get_txpower
 .text.cc2420_transmit
                0x000059ae      0x12c contiki-sky.a(cc2420.o)
 .text.cc2420_send
                0x00005ada       0x12 contiki-sky.a(cc2420.o)
 .text.cc2420_rssi
                0x00005aec       0x4c contiki-sky.a(cc2420.o)
                0x00005aec                cc2420_rssi
 .text.get_value
                0x00005b38       0x86 contiki-sky.a(cc2420.o)
 .text.cc2420_set_cca_threshold
                0x00005bbe       0x16 contiki-sky.a(cc2420.o)
                0x00005bbe                cc2420_set_cca_threshold
 .text.cc2420_init
                0x00005bd4       0xd8 contiki-sky.a(cc2420.o)
                0x00005bd4                cc2420_init
 .text.cc2420_port1_interrupt
                0x00005cac       0x62 contiki-sky.a(cc2420-arch.o)
                0x00005cac                __isr_4
                0x00005cac                cc2420_port1_interrupt
 .text.cc2420_arch_init
                0x00005d0e       0x1a contiki-sky.a(cc2420-arch.o)
                0x00005d0e                cc2420_arch_init
 .text.handle_rxdma_timer
                0x00005d28       0x3a contiki-sky.a(uart1.o)
 .text.uart1_active
                0x00005d62       0x18 contiki-sky.a(uart1.o)
                0x00005d62                uart1_active
 .text.uart1_set_input
                0x00005d7a       0x20 contiki-sky.a(uart1.o)
                0x00005d7a                uart1_set_input
 .text.uart1_writeb
                0x00005d9a       0x18 contiki-sky.a(uart1.o)
                0x00005d9a                uart1_writeb
 .text.uart1_init
                0x00005db2       0xf4 contiki-sky.a(uart1.o)
                0x00005db2                uart1_init
 .text.slip_arch_writeb
                0x00005ea6        0x6 contiki-sky.a(slip_uart1.o)
                0x00005ea6                slip_arch_writeb
 .text.slip_arch_init
                0x00005eac        0xa contiki-sky.a(slip_uart1.o)
                0x00005eac                slip_arch_init
 .text.process_thread_slip_process
                0x00005eb6      0x162 contiki-sky.a(slip.o)
 .text.slip_set_input_callback
                0x00006018        0x6 contiki-sky.a(slip.o)
                0x00006018                slip_set_input_callback
 .text.slip_send
                0x0000601e       0x14 contiki-sky.a(slip.o)
                0x0000601e                slip_send
 .text.slip_input_byte
                0x00006032       0xbc contiki-sky.a(slip.o)
                0x00006032                slip_input_byte
 .text.msp430_init_dco
                0x000060ee       0x82 contiki-sky.a(msp430.o)
                0x000060ee                msp430_init_dco
 .text.msp430_add_lpm_req
                0x00006170        0xc contiki-sky.a(msp430.o)
                0x00006170                msp430_add_lpm_req
 .text.msp430_cpu_init
                0x0000617c       0x2a contiki-sky.a(msp430.o)
                0x0000617c                msp430_cpu_init
 .text.splhigh_
                0x000061a6        0x8 contiki-sky.a(msp430.o)
                0x000061a6                splhigh_
 .text.msp430_sync_dco
                0x000061ae       0x6c contiki-sky.a(msp430.o)
                0x000061ae                msp430_sync_dco
 .text.timera1  0x0000621a      0x11e contiki-sky.a(clock.o)
                0x0000621a                __isr_5
                0x0000621a                timera1
 .text.clock_time
                0x00006338       0x1a contiki-sky.a(clock.o)
                0x00006338                clock_time
 .text.clock_init
                0x00006352       0x28 contiki-sky.a(clock.o)
                0x00006352                clock_init
 .text.clock_delay
                0x0000637a        0xc contiki-sky.a(clock.o)
                0x0000637a                clock_delay
 .text.clock_seconds
                0x00006386       0x1a contiki-sky.a(clock.o)
                0x00006386                clock_seconds
 .text.show_leds
                0x000063a0       0xf0 contiki-sky.a(leds.o)
 .text.leds_init
                0x00006490        0xa contiki-sky.a(leds.o)
                0x00006490                leds_init
 .text.leds_on  0x0000649a        0xa contiki-sky.a(leds.o)
                0x0000649a                leds_on
 .text.leds_off
                0x000064a4        0xe contiki-sky.a(leds.o)
                0x000064a4                leds_off
 .text.leds_arch_init
                0x000064b2        0xe contiki-sky.a(leds-arch.o)
                0x000064b2                leds_arch_init
 .text.leds_arch_set
                0x000064c0       0x38 contiki-sky.a(leds-arch.o)
                0x000064c0                leds_arch_set
 .text.watchdog_interrupt
                0x000064f8        0x6 contiki-sky.a(watchdog.o)
                0x000064f8                __isr_10
                0x000064f8                watchdog_interrupt
 .text.watchdog_start
                0x000064fe       0x14 contiki-sky.a(watchdog.o)
                0x000064fe                watchdog_start
 .text.watchdog_periodic
                0x00006512       0x12 contiki-sky.a(watchdog.o)
                0x00006512                watchdog_periodic
 .text.watchdog_stop
                0x00006524       0x16 contiki-sky.a(watchdog.o)
                0x00006524                watchdog_stop
 .text.watchdog_init
                0x0000653a       0x12 contiki-sky.a(watchdog.o)
                0x0000653a                watchdog_init
 .text.rtimer_arch_init
                0x0000654c        0xe contiki-sky.a(rtimer-arch.o)
                0x0000654c                rtimer_arch_init
 .text.rtimer_arch_now
                0x0000655a        0xe contiki-sky.a(rtimer-arch.o)
                0x0000655a                rtimer_arch_now
 .text.timera0  0x00006568       0x70 contiki-sky.a(rtimer-arch.o)
                0x00006568                __isr_6
                0x00006568                timera0
 .text.rtimer_arch_schedule
                0x000065d8        0x6 contiki-sky.a(rtimer-arch.o)
                0x000065d8                rtimer_arch_schedule
 .text.autostart_start
                0x000065de       0x16 contiki-sky.a(autostart.o)
                0x000065de                autostart_start
 .text.process_thread_ctimer_process
                0x000065f4       0xa8 contiki-sky.a(ctimer.o)
 .text.ctimer_init
                0x0000669c       0x18 contiki-sky.a(ctimer.o)
                0x0000669c                ctimer_init
 .text.ctimer_set
                0x000066b4       0x5a contiki-sky.a(ctimer.o)
                0x000066b4                ctimer_set
 .text.ctimer_reset
                0x0000670e       0x3a contiki-sky.a(ctimer.o)
                0x0000670e                ctimer_reset
 .text.ctimer_stop
                0x00006748       0x28 contiki-sky.a(ctimer.o)
                0x00006748                ctimer_stop
 .text.energest_init
                0x00006770       0x26 contiki-sky.a(energest.o)
                0x00006770                energest_init
 .text.energest_type_time
                0x00006796       0x48 contiki-sky.a(energest.o)
                0x00006796                energest_type_time
 .text.energest_type_set
                0x000067de        0xe contiki-sky.a(energest.o)
                0x000067de                energest_type_set
 .text.energest_flush
                0x000067ec       0x48 contiki-sky.a(energest.o)
                0x000067ec                energest_flush
 .text.update_time
                0x00006834       0x78 contiki-sky.a(etimer.o)
 .text.etimer_request_poll
                0x000068ac        0xa contiki-sky.a(etimer.o)
                0x000068ac                etimer_request_poll
 .text.process_thread_etimer_process
                0x000068b6       0xcc contiki-sky.a(etimer.o)
 .text.add_timer
                0x00006982       0x40 contiki-sky.a(etimer.o)
 .text.etimer_set
                0x000069c2       0x12 contiki-sky.a(etimer.o)
                0x000069c2                etimer_set
 .text.etimer_reset
                0x000069d4       0x12 contiki-sky.a(etimer.o)
                0x000069d4                etimer_reset
 .text.etimer_restart
                0x000069e6       0x12 contiki-sky.a(etimer.o)
                0x000069e6                etimer_restart
 .text.etimer_expired
                0x000069f8        0xe contiki-sky.a(etimer.o)
                0x000069f8                etimer_expired
 .text.etimer_expiration_time
                0x00006a06       0x14 contiki-sky.a(etimer.o)
                0x00006a06                etimer_expiration_time
 .text.etimer_pending
                0x00006a1a        0xc contiki-sky.a(etimer.o)
                0x00006a1a                etimer_pending
 .text.etimer_next_expiration_time
                0x00006a26       0x16 contiki-sky.a(etimer.o)
                0x00006a26                etimer_next_expiration_time
 .text.etimer_stop
                0x00006a3c       0x3e contiki-sky.a(etimer.o)
                0x00006a3c                etimer_stop
 .text.call_process
                0x00006a7a       0x46 contiki-sky.a(process.o)
 .text.exit_process
                0x00006ac0       0x96 contiki-sky.a(process.o)
 .text.do_poll  0x00006b56       0x30 contiki-sky.a(process.o)
 .text.process_alloc_event
                0x00006b86        0xe contiki-sky.a(process.o)
                0x00006b86                process_alloc_event
 .text.process_init
                0x00006b94       0x1c contiki-sky.a(process.o)
                0x00006b94                process_init
 .text.process_run
                0x00006bb0       0xa2 contiki-sky.a(process.o)
                0x00006bb0                process_run
 .text.process_nevents
                0x00006c52        0xe contiki-sky.a(process.o)
                0x00006c52                process_nevents
 .text.process_post
                0x00006c60       0x54 contiki-sky.a(process.o)
                0x00006c60                process_post
 .text.process_post_synch
                0x00006cb4       0x12 contiki-sky.a(process.o)
                0x00006cb4                process_post_synch
 .text.process_start
                0x00006cc6       0x36 contiki-sky.a(process.o)
                0x00006cc6                process_start
 .text.process_poll
                0x00006cfc       0x18 contiki-sky.a(process.o)
                0x00006cfc                process_poll
 .text.rtimer_init
                0x00006d14        0x6 contiki-sky.a(rtimer.o)
                0x00006d14                rtimer_init
 .text.rtimer_set
                0x00006d1a       0x24 contiki-sky.a(rtimer.o)
                0x00006d1a                rtimer_set
 .text.rtimer_run_next
                0x00006d3e       0x26 contiki-sky.a(rtimer.o)
                0x00006d3e                rtimer_run_next
 .text.timer_set
                0x00006d64       0x1c contiki-sky.a(timer.o)
                0x00006d64                timer_set
 .text.timer_reset
                0x00006d80        0xe contiki-sky.a(timer.o)
                0x00006d80                timer_reset
 .text.timer_restart
                0x00006d8e       0x14 contiki-sky.a(timer.o)
                0x00006d8e                timer_restart
 .text.timer_expired
                0x00006da2       0x2a contiki-sky.a(timer.o)
                0x00006da2                timer_expired
 .text.list_init
                0x00006dcc        0x6 contiki-sky.a(list.o)
                0x00006dcc                list_init
 .text.list_head
                0x00006dd2        0x4 contiki-sky.a(list.o)
                0x00006dd2                list_head
 .text.list_tail
                0x00006dd6       0x12 contiki-sky.a(list.o)
                0x00006dd6                list_tail
 .text.list_remove
                0x00006de8       0x34 contiki-sky.a(list.o)
                0x00006de8                list_remove
 .text.list_push
                0x00006e1c       0x1a contiki-sky.a(list.o)
                0x00006e1c                list_push
 .text.list_add
                0x00006e36       0x2a contiki-sky.a(list.o)
                0x00006e36                list_add
 .text.list_length
                0x00006e60       0x10 contiki-sky.a(list.o)
                0x00006e60                list_length
 .text.list_item_next
                0x00006e70        0xc contiki-sky.a(list.o)
                0x00006e70                list_item_next
 .text.memb_init
                0x00006e7c       0x36 contiki-sky.a(memb.o)
                0x00006e7c                memb_init
 .text.memb_alloc
                0x00006eb2       0x3e contiki-sky.a(memb.o)
                0x00006eb2                memb_alloc
 .text.memb_free
                0x00006ef0       0x3a contiki-sky.a(memb.o)
                0x00006ef0                memb_free
 .text.memb_inmemb
                0x00006f2a       0x2a contiki-sky.a(memb.o)
                0x00006f2a                memb_inmemb
 .text.random_init
                0x00006f54        0x6 contiki-sky.a(random.o)
                0x00006f54                random_init
 .text.random_rand
                0x00006f5a        0x6 contiki-sky.a(random.o)
                0x00006f5a                random_rand
 .text.set_packet_attrs
                0x00006f60       0x46 contiki-sky.a(sicslowpan.o)
 .text.addr_context_lookup_by_number
                0x00006fa6       0x32 contiki-sky.a(sicslowpan.o)
 .text.compress_addr_64
                0x00006fd8       0xae contiki-sky.a(sicslowpan.o)
 .text.uncompress_addr
                0x00007086       0xb4 contiki-sky.a(sicslowpan.o)
 .text.input    0x0000713a      0x64e contiki-sky.a(sicslowpan.o)
 .text.sicslowpan_init
                0x00007788       0x26 contiki-sky.a(sicslowpan.o)
                0x00007788                sicslowpan_init
 .text.addr_context_lookup_by_prefix
                0x000077ae       0x4c contiki-sky.a(sicslowpan.o)
 .text.packet_sent
                0x000077fa       0x22 contiki-sky.a(sicslowpan.o)
 .text.send_packet
                0x0000781c       0x1a contiki-sky.a(sicslowpan.o)
 .text.output   0x00007836      0x6d4 contiki-sky.a(sicslowpan.o)
 .text.chksum   0x00007f0a       0x32 contiki-sky.a(uip6.o)
 .text.upper_layer_chksum
                0x00007f3c       0x70 contiki-sky.a(uip6.o)
 .text.ext_hdr_options_process
                0x00007fac      0x118 contiki-sky.a(uip6.o)
 .text.uip_add32
                0x000080c4       0x68 contiki-sky.a(uip6.o)
                0x000080c4                uip_add32
 .text.uip_add_rcv_nxt
                0x0000812c       0x2e contiki-sky.a(uip6.o)
 .text.uip_icmp6chksum
                0x0000815a        0xa contiki-sky.a(uip6.o)
                0x0000815a                uip_icmp6chksum
 .text.uip_tcpchksum
                0x00008164        0xa contiki-sky.a(uip6.o)
                0x00008164                uip_tcpchksum
 .text.uip_udpchksum
                0x0000816e        0xa contiki-sky.a(uip6.o)
                0x0000816e                uip_udpchksum
 .text.uip_init
                0x00008178       0x7a contiki-sky.a(uip6.o)
                0x00008178                uip_init
 .text.remove_ext_hdr
                0x000081f2       0x76 contiki-sky.a(uip6.o)
                0x000081f2                remove_ext_hdr
 .text.uip_unlisten
                0x00008268       0x2a contiki-sky.a(uip6.o)
                0x00008268                uip_unlisten
 .text.uip_listen
                0x00008292       0x2c contiki-sky.a(uip6.o)
                0x00008292                uip_listen
 .text.uip_process
                0x000082be      0xffa contiki-sky.a(uip6.o)
                0x000082be                uip_process
 .text.uip_htons
                0x000092b8        0xc contiki-sky.a(uip6.o)
                0x000092b8                uip_htons
 .text.uip_htonl
                0x000092c4       0x2e contiki-sky.a(uip6.o)
                0x000092c4                uip_htonl
 .text.uip_send
                0x000092f2       0x48 contiki-sky.a(uip6.o)
                0x000092f2                uip_send
 .text.uip_ds6_list_loop
                0x0000933a       0x86 contiki-sky.a(uip-ds6.o)
                0x0000933a                uip_ds6_list_loop
 .text.uip_ds6_prefix_add
                0x000093c0       0xd4 contiki-sky.a(uip-ds6.o)
                0x000093c0                uip_ds6_prefix_add
 .text.uip_ds6_is_addr_onlink
                0x00009494       0x54 contiki-sky.a(uip-ds6.o)
                0x00009494                uip_ds6_is_addr_onlink
 .text.uip_ds6_addr_lookup
                0x000094e8       0x2a contiki-sky.a(uip-ds6.o)
                0x000094e8                uip_ds6_addr_lookup
 .text.uip_ds6_get_link_local
                0x00009512       0x3e contiki-sky.a(uip-ds6.o)
                0x00009512                uip_ds6_get_link_local
 .text.uip_ds6_maddr_add
                0x00009550       0x4c contiki-sky.a(uip-ds6.o)
                0x00009550                uip_ds6_maddr_add
 .text.uip_ds6_addr_add
                0x0000959c       0xf4 contiki-sky.a(uip-ds6.o)
                0x0000959c                uip_ds6_addr_add
 .text.uip_ds6_maddr_rm
                0x00009690        0xa contiki-sky.a(uip-ds6.o)
                0x00009690                uip_ds6_maddr_rm
 .text.uip_ds6_maddr_lookup
                0x0000969a       0x2a contiki-sky.a(uip-ds6.o)
                0x0000969a                uip_ds6_maddr_lookup
 .text.uip_ds6_addr_rm
                0x000096c4       0x54 contiki-sky.a(uip-ds6.o)
                0x000096c4                uip_ds6_addr_rm
 .text.uip_ds6_periodic
                0x00009718       0x4a contiki-sky.a(uip-ds6.o)
                0x00009718                uip_ds6_periodic
 .text.uip_ds6_set_addr_iid
                0x00009762       0x14 contiki-sky.a(uip-ds6.o)
                0x00009762                uip_ds6_set_addr_iid
 .text.get_match_length
                0x00009776       0x44 contiki-sky.a(uip-ds6.o)
                0x00009776                get_match_length
 .text.uip_ds6_select_src
                0x000097ba       0xaa contiki-sky.a(uip-ds6.o)
                0x000097ba                uip_ds6_select_src
 .text.uip_ds6_send_ra_sollicited
                0x00009864       0x2e contiki-sky.a(uip-ds6.o)
                0x00009864                uip_ds6_send_ra_sollicited
 .text.uip_ds6_compute_reachable_time
                0x00009892       0x56 contiki-sky.a(uip-ds6.o)
                0x00009892                uip_ds6_compute_reachable_time
 .text.uip_ds6_init
                0x000098e8      0x156 contiki-sky.a(uip-ds6.o)
                0x000098e8                uip_ds6_init
 .text.uip_ds6_nbr_rm
                0x00009a3e       0x1e contiki-sky.a(uip-ds6-nbr.o)
                0x00009a3e                uip_ds6_nbr_rm
 .text.uip_ds6_neighbors_init
                0x00009a5c        0xe contiki-sky.a(uip-ds6-nbr.o)
                0x00009a5c                uip_ds6_neighbors_init
 .text.uip_ds6_nbr_add
                0x00009a6a       0x62 contiki-sky.a(uip-ds6-nbr.o)
                0x00009a6a                uip_ds6_nbr_add
 .text.uip_ds6_nbr_get_ll
                0x00009acc        0xc contiki-sky.a(uip-ds6-nbr.o)
                0x00009acc                uip_ds6_nbr_get_ll
 .text.uip_ds6_nbr_lookup
                0x00009ad8       0x42 contiki-sky.a(uip-ds6-nbr.o)
                0x00009ad8                uip_ds6_nbr_lookup
 .text.uip_ds6_nbr_ll_lookup
                0x00009b1a        0xc contiki-sky.a(uip-ds6-nbr.o)
                0x00009b1a                uip_ds6_nbr_ll_lookup
 .text.uip_ds6_nbr_ipaddr_from_lladdr
                0x00009b26        0x6 contiki-sky.a(uip-ds6-nbr.o)
                0x00009b26                uip_ds6_nbr_ipaddr_from_lladdr
 .text.uip_ds6_nbr_lladdr_from_ipaddr
                0x00009b2c       0x12 contiki-sky.a(uip-ds6-nbr.o)
                0x00009b2c                uip_ds6_nbr_lladdr_from_ipaddr
 .text.uip_ds6_link_neighbor_callback
                0x00009b3e       0x2a contiki-sky.a(uip-ds6-nbr.o)
                0x00009b3e                uip_ds6_link_neighbor_callback
 .text.uip_ds6_neighbor_periodic
                0x00009b68       0x36 contiki-sky.a(uip-ds6-nbr.o)
                0x00009b68                uip_ds6_neighbor_periodic
 .text.call_route_callback
                0x00009b9e       0x4c contiki-sky.a(uip-ds6-route.o)
 .text.uip_ds6_route_init
                0x00009bea       0x36 contiki-sky.a(uip-ds6-route.o)
                0x00009bea                uip_ds6_route_init
 .text.uip_ds6_route_nexthop
                0x00009c20       0x1a contiki-sky.a(uip-ds6-route.o)
                0x00009c20                uip_ds6_route_nexthop
 .text.uip_ds6_route_head
                0x00009c3a        0xa contiki-sky.a(uip-ds6-route.o)
                0x00009c3a                uip_ds6_route_head
 .text.uip_ds6_route_next
                0x00009c44        0xe contiki-sky.a(uip-ds6-route.o)
                0x00009c44                uip_ds6_route_next
 .text.uip_ds6_route_lookup
                0x00009c52       0x76 contiki-sky.a(uip-ds6-route.o)
                0x00009c52                uip_ds6_route_lookup
 .text.uip_ds6_route_rm
                0x00009cc8       0xa6 contiki-sky.a(uip-ds6-route.o)
                0x00009cc8                uip_ds6_route_rm
 .text.rm_routelist
                0x00009d6e       0x34 contiki-sky.a(uip-ds6-route.o)
 .text.rm_routelist_callback
                0x00009da2        0x6 contiki-sky.a(uip-ds6-route.o)
 .text.uip_ds6_route_add
                0x00009da8       0xe8 contiki-sky.a(uip-ds6-route.o)
                0x00009da8                uip_ds6_route_add
 .text.uip_ds6_defrt_rm
                0x00009e90       0x48 contiki-sky.a(uip-ds6-route.o)
                0x00009e90                uip_ds6_defrt_rm
 .text.uip_ds6_defrt_lookup
                0x00009ed8       0x36 contiki-sky.a(uip-ds6-route.o)
                0x00009ed8                uip_ds6_defrt_lookup
 .text.uip_ds6_defrt_add
                0x00009f0e       0x74 contiki-sky.a(uip-ds6-route.o)
                0x00009f0e                uip_ds6_defrt_add
 .text.uip_ds6_defrt_choose
                0x00009f82       0x3a contiki-sky.a(uip-ds6-route.o)
                0x00009f82                uip_ds6_defrt_choose
 .text.uip_ds6_defrt_periodic
                0x00009fbc       0x38 contiki-sky.a(uip-ds6-route.o)
                0x00009fbc                uip_ds6_defrt_periodic
 .text.echo_reply_input
                0x00009ff4      0x110 contiki-sky.a(uip-icmp6.o)
 .text.echo_request_input
                0x0000a104      0x12c contiki-sky.a(uip-icmp6.o)
 .text.uip_icmp6_input
                0x0000a230       0x48 contiki-sky.a(uip-icmp6.o)
                0x0000a230                uip_icmp6_input
 .text.uip_icmp6_register_input_handler
                0x0000a278        0xc contiki-sky.a(uip-icmp6.o)
                0x0000a278                uip_icmp6_register_input_handler
 .text.uip_icmp6_error_output
                0x0000a284      0x17e contiki-sky.a(uip-icmp6.o)
                0x0000a284                uip_icmp6_error_output
 .text.uip_icmp6_send
                0x0000a402       0x94 contiki-sky.a(uip-icmp6.o)
                0x0000a402                uip_icmp6_send
 .text.uip_icmp6_init
                0x0000a496       0x12 contiki-sky.a(uip-icmp6.o)
                0x0000a496                uip_icmp6_init
 .text.rs_input
                0x0000a4a8      0x12a contiki-sky.a(uip-nd6.o)
 .text.na_input
                0x0000a5d2      0x17e contiki-sky.a(uip-nd6.o)
 .text.create_llao.constprop.0
                0x0000a750       0x2c contiki-sky.a(uip-nd6.o)
 .text.uip_nd6_ra_output
                0x0000a77c      0x164 contiki-sky.a(uip-nd6.o)
                0x0000a77c                uip_nd6_ra_output
 .text.uip_nd6_append_icmp_opt
                0x0000a8e0       0x7e contiki-sky.a(uip-nd6.o)
                0x0000a8e0                uip_nd6_append_icmp_opt
 .text.uip_nd6_create_na
                0x0000a95e       0x98 contiki-sky.a(uip-nd6.o)
                0x0000a95e                uip_nd6_create_na
 .text.uip_nd6_update_icmp_checksum
                0x0000a9f6       0x20 contiki-sky.a(uip-nd6.o)
                0x0000a9f6                uip_nd6_update_icmp_checksum
 .text.uip_nd6_registration_error
                0x0000aa16       0x44 contiki-sky.a(uip-nd6.o)
                0x0000aa16                uip_nd6_registration_error
 .text.ns_input
                0x0000aa5a      0x23e contiki-sky.a(uip-nd6.o)
 .text.uip_nd6_init
                0x0000ac98       0x1a contiki-sky.a(uip-nd6.o)
                0x0000ac98                uip_nd6_init
 .text.input_packet
                0x0000acb2        0x6 contiki-sky.a(csma.o)
 .text.on       0x0000acb8        0x6 contiki-sky.a(csma.o)
 .text.off      0x0000acbe        0x6 contiki-sky.a(csma.o)
 .text.channel_check_interval
                0x0000acc4       0x10 contiki-sky.a(csma.o)
 .text.transmit_packet_list
                0x0000acd4       0x24 contiki-sky.a(csma.o)
 .text.init     0x0000acf8       0x1a contiki-sky.a(csma.o)
 .text.send_packet
                0x0000ad12      0x176 contiki-sky.a(csma.o)
 .text.free_packet
                0x0000ae88       0x9c contiki-sky.a(csma.o)
 .text.packet_sent
                0x0000af24      0x132 contiki-sky.a(csma.o)
 .text.create_frame.isra.0
                0x0000b056      0x11e contiki-sky.a(framer-802154.o)
 .text.create   0x0000b174        0x8 contiki-sky.a(framer-802154.o)
 .text.hdr_length
                0x0000b17c        0x8 contiki-sky.a(framer-802154.o)
 .text.parse    0x0000b184       0xa6 contiki-sky.a(framer-802154.o)
 .text.framer_canonical_create_and_secure
                0x0000b22a       0x20 contiki-sky.a(framer.o)
                0x0000b22a                framer_canonical_create_and_secure
 .text.mac_call_sent_callback
                0x0000b24a       0x14 contiki-sky.a(mac.o)
                0x0000b24a                mac_call_sent_callback
 .text.linkaddr_copy
                0x0000b25e        0x8 contiki-sky.a(linkaddr.o)
                0x0000b25e                linkaddr_copy
 .text.linkaddr_cmp
                0x0000b266       0x12 contiki-sky.a(linkaddr.o)
                0x0000b266                linkaddr_cmp
 .text.linkaddr_set_node_addr
                0x0000b278        0xc contiki-sky.a(linkaddr.o)
                0x0000b278                linkaddr_set_node_addr
 .text.index_from_key
                0x0000b284       0x26 contiki-sky.a(nbr-table.o)
 .text.index_from_lladdr
                0x0000b2aa       0x42 contiki-sky.a(nbr-table.o)
 .text.item_from_index
                0x0000b2ec       0x2a contiki-sky.a(nbr-table.o)
                0x0000b2ec                item_from_index
 .text.index_from_item
                0x0000b316       0x1e contiki-sky.a(nbr-table.o)
                0x0000b316                index_from_item
 .text.nbr_set_bit
                0x0000b334       0x58 contiki-sky.a(nbr-table.o)
 .text.nbr_get_bit.constprop.0
                0x0000b38c       0x2e contiki-sky.a(nbr-table.o)
 .text.nbr_table_register
                0x0000b3ba       0x26 contiki-sky.a(nbr-table.o)
                0x0000b3ba                nbr_table_register
 .text.nbr_table_next
                0x0000b3e0       0x54 contiki-sky.a(nbr-table.o)
                0x0000b3e0                nbr_table_next
 .text.nbr_table_head
                0x0000b434       0x3a contiki-sky.a(nbr-table.o)
                0x0000b434                nbr_table_head
 .text.nbr_table_add_lladdr
                0x0000b46e      0x128 contiki-sky.a(nbr-table.o)
                0x0000b46e                nbr_table_add_lladdr
 .text.nbr_table_get_from_lladdr
                0x0000b596       0x2c contiki-sky.a(nbr-table.o)
                0x0000b596                nbr_table_get_from_lladdr
 .text.nbr_table_remove
                0x0000b5c2       0x32 contiki-sky.a(nbr-table.o)
                0x0000b5c2                nbr_table_remove
 .text.nbr_table_lock
                0x0000b5f4       0x10 contiki-sky.a(nbr-table.o)
                0x0000b5f4                nbr_table_lock
 .text.nbr_table_unlock
                0x0000b604       0x10 contiki-sky.a(nbr-table.o)
                0x0000b604                nbr_table_unlock
 .text.nbr_table_get_lladdr
                0x0000b614       0x22 contiki-sky.a(nbr-table.o)
                0x0000b614                nbr_table_get_lladdr
 .text.packetbuf_copyto_hdr
                0x0000b636       0x1c contiki-sky.a(packetbuf.o)
                0x0000b636                packetbuf_copyto_hdr
 .text.packetbuf_copyto
                0x0000b652       0x52 contiki-sky.a(packetbuf.o)
                0x0000b652                packetbuf_copyto
 .text.packetbuf_hdrreduce
                0x0000b6a4       0x1a contiki-sky.a(packetbuf.o)
                0x0000b6a4                packetbuf_hdrreduce
 .text.packetbuf_set_datalen
                0x0000b6be        0x6 contiki-sky.a(packetbuf.o)
                0x0000b6be                packetbuf_set_datalen
 .text.packetbuf_dataptr
                0x0000b6c4        0xe contiki-sky.a(packetbuf.o)
                0x0000b6c4                packetbuf_dataptr
 .text.packetbuf_hdrptr
                0x0000b6d2        0xa contiki-sky.a(packetbuf.o)
                0x0000b6d2                packetbuf_hdrptr
 .text.packetbuf_is_reference
                0x0000b6dc        0xe contiki-sky.a(packetbuf.o)
                0x0000b6dc                packetbuf_is_reference
 .text.packetbuf_compact
                0x0000b6ea       0x48 contiki-sky.a(packetbuf.o)
                0x0000b6ea                packetbuf_compact
 .text.packetbuf_reference_ptr
                0x0000b732        0x6 contiki-sky.a(packetbuf.o)
                0x0000b732                packetbuf_reference_ptr
 .text.packetbuf_datalen
                0x0000b738        0x6 contiki-sky.a(packetbuf.o)
                0x0000b738                packetbuf_datalen
 .text.packetbuf_hdrlen
                0x0000b73e       0x10 contiki-sky.a(packetbuf.o)
                0x0000b73e                packetbuf_hdrlen
 .text.packetbuf_totlen
                0x0000b74e        0xc contiki-sky.a(packetbuf.o)
                0x0000b74e                packetbuf_totlen
 .text.packetbuf_hdralloc
                0x0000b75a       0x2e contiki-sky.a(packetbuf.o)
                0x0000b75a                packetbuf_hdralloc
 .text.packetbuf_attr_clear
                0x0000b788       0x30 contiki-sky.a(packetbuf.o)
                0x0000b788                packetbuf_attr_clear
 .text.packetbuf_clear
                0x0000b7b8       0x1a contiki-sky.a(packetbuf.o)
                0x0000b7b8                packetbuf_clear
 .text.packetbuf_copyfrom
                0x0000b7d2       0x2e contiki-sky.a(packetbuf.o)
                0x0000b7d2                packetbuf_copyfrom
 .text.packetbuf_attr_copyto
                0x0000b800       0x22 contiki-sky.a(packetbuf.o)
                0x0000b800                packetbuf_attr_copyto
 .text.packetbuf_attr_copyfrom
                0x0000b822       0x24 contiki-sky.a(packetbuf.o)
                0x0000b822                packetbuf_attr_copyfrom
 .text.queuebuf_init
                0x0000b846       0x1a contiki-sky.a(queuebuf.o)
                0x0000b846                queuebuf_init
 .text.queuebuf_new_from_packetbuf
                0x0000b860       0x7e contiki-sky.a(queuebuf.o)
                0x0000b860                queuebuf_new_from_packetbuf
 .text.queuebuf_update_attr_from_packetbuf
                0x0000b8de       0x12 contiki-sky.a(queuebuf.o)
                0x0000b8de                queuebuf_update_attr_from_packetbuf
 .text.queuebuf_update_from_packetbuf
                0x0000b8f0       0x24 contiki-sky.a(queuebuf.o)
                0x0000b8f0                queuebuf_update_from_packetbuf
 .text.queuebuf_free
                0x0000b914       0x40 contiki-sky.a(queuebuf.o)
                0x0000b914                queuebuf_free
 .text.queuebuf_to_packetbuf
                0x0000b954       0x6e contiki-sky.a(queuebuf.o)
                0x0000b954                queuebuf_to_packetbuf
 .text.queuebuf_attr
                0x0000b9c2        0xe contiki-sky.a(queuebuf.o)
                0x0000b9c2                queuebuf_attr
 .text.psock_send
                0x0000b9d0       0xae contiki-sky.a(psock.o)
                0x0000b9d0                psock_send
 .text.psock_datalen
                0x0000ba7e        0xc contiki-sky.a(psock.o)
                0x0000ba7e                psock_datalen
 .text.psock_newdata
                0x0000ba8a       0x26 contiki-sky.a(psock.o)
                0x0000ba8a                psock_newdata
 .text.psock_readto
                0x0000bab0       0xbc contiki-sky.a(psock.o)
                0x0000bab0                psock_readto
 .text.psock_init
                0x0000bb6c       0x22 contiki-sky.a(psock.o)
                0x0000bb6c                psock_init
 .text.start_periodic_tcp_timer
                0x0000bb8e       0x16 contiki-sky.a(tcpip.o)
 .text.tcpip_output
                0x0000bba4       0x10 contiki-sky.a(tcpip.o)
                0x0000bba4                tcpip_output
 .text.tcpip_set_outputfunc
                0x0000bbb4        0x6 contiki-sky.a(tcpip.o)
                0x0000bbb4                tcpip_set_outputfunc
 .text.tcp_listen
                0x0000bbba       0x3a contiki-sky.a(tcpip.o)
                0x0000bbba                tcp_listen
 .text.tcp_attach
                0x0000bbf4        0xc contiki-sky.a(tcpip.o)
                0x0000bbf4                tcp_attach
 .text.tcpip_input
                0x0000bc00       0x16 contiki-sky.a(tcpip.o)
                0x0000bc00                tcpip_input
 .text.tcpip_ipv6_output
                0x0000bc16      0x10c contiki-sky.a(tcpip.o)
                0x0000bc16                tcpip_ipv6_output
 .text.process_thread_tcpip_process
                0x0000bd22      0x1e8 contiki-sky.a(tcpip.o)
 .text.tcpip_uipcall
                0x0000bf0a       0x70 contiki-sky.a(tcpip.o)
                0x0000bf0a                tcpip_uipcall
 .text.uip_debug_ipaddr_print
                0x0000bf7a       0x7e contiki-sky.a(uip-debug.o)
                0x0000bf7a                uip_debug_ipaddr_print
 .text.rpl_get_mode
                0x0000bff8        0x6 contiki-sky.a(rpl.o)
                0x0000bff8                rpl_get_mode
 .text.rpl_purge_routes
                0x0000bffe       0x96 contiki-sky.a(rpl.o)
                0x0000bffe                rpl_purge_routes
 .text.rpl_remove_routes
                0x0000c094       0x22 contiki-sky.a(rpl.o)
                0x0000c094                rpl_remove_routes
 .text.rpl_remove_routes_by_nexthop
                0x0000c0b6       0x46 contiki-sky.a(rpl.o)
                0x0000c0b6                rpl_remove_routes_by_nexthop
 .text.rpl_add_route
                0x0000c0fc       0x48 contiki-sky.a(rpl.o)
                0x0000c0fc                rpl_add_route
 .text.rpl_link_neighbor_callback
                0x0000c144       0x6a contiki-sky.a(rpl.o)
                0x0000c144                rpl_link_neighbor_callback
 .text.rpl_ipv6_neighbor_callback
                0x0000c1ae       0x1e contiki-sky.a(rpl.o)
                0x0000c1ae                rpl_ipv6_neighbor_callback
 .text.rpl_init
                0x0000c1cc       0x4a contiki-sky.a(rpl.o)
                0x0000c1cc                rpl_init
 .text.lollipop_greater_than
                0x0000c216       0x3c contiki-sky.a(rpl-dag.o)
 .text.find_parent_any_dag_any_instance
                0x0000c252       0x14 contiki-sky.a(rpl-dag.o)
 .text.rpl_set_preferred_parent
                0x0000c266       0x30 contiki-sky.a(rpl-dag.o)
 .text.set_ip_from_prefix
                0x0000c296       0x38 contiki-sky.a(rpl-dag.o)
 .text.check_prefix
                0x0000c2ce       0x80 contiki-sky.a(rpl-dag.o)
 .text.rpl_dag_init
                0x0000c34e        0xe contiki-sky.a(rpl-dag.o)
                0x0000c34e                rpl_dag_init
 .text.rpl_get_parent_ipaddr
                0x0000c35c       0x10 contiki-sky.a(rpl-dag.o)
                0x0000c35c                rpl_get_parent_ipaddr
 .text.rpl_set_prefix
                0x0000c36c       0x8e contiki-sky.a(rpl-dag.o)
                0x0000c36c                rpl_set_prefix
 .text.rpl_set_default_route
                0x0000c3fa       0x64 contiki-sky.a(rpl-dag.o)
                0x0000c3fa                rpl_set_default_route
 .text.rpl_alloc_instance
                0x0000c45e       0x2c contiki-sky.a(rpl-dag.o)
                0x0000c45e                rpl_alloc_instance
 .text.rpl_add_parent
                0x0000c48a       0x40 contiki-sky.a(rpl-dag.o)
                0x0000c48a                rpl_add_parent
 .text.rpl_find_parent
                0x0000c4ca       0x1c contiki-sky.a(rpl-dag.o)
                0x0000c4ca                rpl_find_parent
 .text.rpl_find_parent_any_dag
                0x0000c4e6       0x24 contiki-sky.a(rpl-dag.o)
                0x0000c4e6                rpl_find_parent_any_dag
 .text.rpl_select_parent
                0x0000c50a       0x62 contiki-sky.a(rpl-dag.o)
                0x0000c50a                rpl_select_parent
 .text.rpl_select_dag
                0x0000c56c      0x1ae contiki-sky.a(rpl-dag.o)
                0x0000c56c                rpl_select_dag
 .text.rpl_nullify_parent
                0x0000c71a       0x4e contiki-sky.a(rpl-dag.o)
                0x0000c71a                rpl_nullify_parent
 .text.rpl_remove_parent
                0x0000c768       0x16 contiki-sky.a(rpl-dag.o)
                0x0000c768                rpl_remove_parent
 .text.nbr_callback
                0x0000c77e        0x6 contiki-sky.a(rpl-dag.o)
 .text.remove_parents.constprop.5
                0x0000c784       0x32 contiki-sky.a(rpl-dag.o)
 .text.rpl_free_dag
                0x0000c7b6       0x34 contiki-sky.a(rpl-dag.o)
                0x0000c7b6                rpl_free_dag
 .text.rpl_free_instance
                0x0000c7ea       0x5c contiki-sky.a(rpl-dag.o)
                0x0000c7ea                rpl_free_instance
 .text.rpl_move_parent
                0x0000c846       0x5a contiki-sky.a(rpl-dag.o)
                0x0000c846                rpl_move_parent
 .text.rpl_get_any_dag
                0x0000c8a0       0x16 contiki-sky.a(rpl-dag.o)
                0x0000c8a0                rpl_get_any_dag
 .text.rpl_get_instance
                0x0000c8b6       0x16 contiki-sky.a(rpl-dag.o)
                0x0000c8b6                rpl_get_instance
 .text.get_dag  0x0000c8cc       0x58 contiki-sky.a(rpl-dag.o)
 .text.rpl_alloc_dag
                0x0000c924       0x66 contiki-sky.a(rpl-dag.o)
                0x0000c924                rpl_alloc_dag
 .text.rpl_set_root
                0x0000c98a       0xec contiki-sky.a(rpl-dag.o)
                0x0000c98a                rpl_set_root
 .text.rpl_repair_root
                0x0000ca76       0x4c contiki-sky.a(rpl-dag.o)
                0x0000ca76                rpl_repair_root
 .text.rpl_find_of
                0x0000cac2       0x10 contiki-sky.a(rpl-dag.o)
                0x0000cac2                rpl_find_of
 .text.rpl_join_instance
                0x0000cad2      0x13c contiki-sky.a(rpl-dag.o)
                0x0000cad2                rpl_join_instance
 .text.rpl_local_repair
                0x0000cc0e       0x80 contiki-sky.a(rpl-dag.o)
                0x0000cc0e                rpl_local_repair
 .text.rpl_process_parent_event
                0x0000cc8e       0x80 contiki-sky.a(rpl-dag.o)
                0x0000cc8e                rpl_process_parent_event
 .text.rpl_recalculate_ranks
                0x0000cd0e       0x46 contiki-sky.a(rpl-dag.o)
                0x0000cd0e                rpl_recalculate_ranks
 .text.rpl_add_dag
                0x0000cd54      0x112 contiki-sky.a(rpl-dag.o)
                0x0000cd54                rpl_add_dag
 .text.rpl_process_dio
                0x0000ce66      0x28a contiki-sky.a(rpl-dag.o)
                0x0000ce66                rpl_process_dio
 .text.rpl_lock_parent
                0x0000d0f0        0xc contiki-sky.a(rpl-dag.o)
                0x0000d0f0                rpl_lock_parent
 .text.rpl_verify_header
                0x0000d0fc       0xce contiki-sky.a(rpl-ext-header.)
                0x0000d0fc                rpl_verify_header
 .text.rpl_update_header_empty
                0x0000d1ca      0x116 contiki-sky.a(rpl-ext-header.)
                0x0000d1ca                rpl_update_header_empty
 .text.rpl_update_header_final
                0x0000d2e0       0x90 contiki-sky.a(rpl-ext-header.)
                0x0000d2e0                rpl_update_header_final
 .text.rpl_invert_header
                0x0000d370       0x7c contiki-sky.a(rpl-ext-header.)
                0x0000d370                rpl_invert_header
 .text.rpl_insert_header
                0x0000d3ec       0x12 contiki-sky.a(rpl-ext-header.)
                0x0000d3ec                rpl_insert_header
 .text.get32    0x0000d3fe       0x46 contiki-sky.a(rpl-icmp6.o)
 .text.set32    0x0000d444       0x2a contiki-sky.a(rpl-icmp6.o)
 .text.get16    0x0000d46e        0xe contiki-sky.a(rpl-icmp6.o)
 .text.set16    0x0000d47c       0x10 contiki-sky.a(rpl-icmp6.o)
 .text.dao_ack_input
                0x0000d48c        0x6 contiki-sky.a(rpl-icmp6.o)
 .text.dio_input
                0x0000d492      0x2a2 contiki-sky.a(rpl-icmp6.o)
 .text.dis_output
                0x0000d734       0x50 contiki-sky.a(rpl-icmp6.o)
                0x0000d734                dis_output
 .text.dio_output
                0x0000d784      0x264 contiki-sky.a(rpl-icmp6.o)
                0x0000d784                dio_output
 .text.dis_input
                0x0000d9e8       0x28 contiki-sky.a(rpl-icmp6.o)
 .text.dao_output_target
                0x0000da10       0xe4 contiki-sky.a(rpl-icmp6.o)
                0x0000da10                dao_output_target
 .text.dao_output
                0x0000daf4       0x7e contiki-sky.a(rpl-icmp6.o)
                0x0000daf4                dao_output
 .text.dao_ack_output
                0x0000db72       0x32 contiki-sky.a(rpl-icmp6.o)
                0x0000db72                dao_ack_output
 .text.dao_input
                0x0000dba4      0x26a contiki-sky.a(rpl-icmp6.o)
 .text.rpl_icmp6_register_handlers
                0x0000de0e       0x22 contiki-sky.a(rpl-icmp6.o)
                0x0000de0e                rpl_icmp6_register_handlers
 .text.reset    0x0000de30        0x2 contiki-sky.a(rpl-mrhof.o)
 .text.neighbor_link_callback
                0x0000de32       0x8e contiki-sky.a(rpl-mrhof.o)
 .text.calculate_rank
                0x0000dec0       0x2c contiki-sky.a(rpl-mrhof.o)
 .text.update_metric_container
                0x0000deec        0x6 contiki-sky.a(rpl-mrhof.o)
 .text.best_dag
                0x0000def2       0x2e contiki-sky.a(rpl-mrhof.o)
 .text.best_parent
                0x0000df20       0x52 contiki-sky.a(rpl-mrhof.o)
 .text.set_dao_lifetime_timer
                0x0000df72       0x66 contiki-sky.a(rpl-timers.o)
 .text.new_dio_interval
                0x0000dfd8       0x92 contiki-sky.a(rpl-timers.o)
 .text.handle_periodic_timer
                0x0000e06a       0x2e contiki-sky.a(rpl-timers.o)
 .text.schedule_dao
                0x0000e098       0x82 contiki-sky.a(rpl-timers.o)
 .text.handle_dao_timer
                0x0000e11a       0x64 contiki-sky.a(rpl-timers.o)
 .text.handle_dio_timer
                0x0000e17e       0x82 contiki-sky.a(rpl-timers.o)
 .text.rpl_reset_periodic_timer
                0x0000e200       0x54 contiki-sky.a(rpl-timers.o)
                0x0000e200                rpl_reset_periodic_timer
 .text.rpl_reset_dio_timer
                0x0000e254       0x18 contiki-sky.a(rpl-timers.o)
                0x0000e254                rpl_reset_dio_timer
 .text.rpl_schedule_dao
                0x0000e26c        0xc contiki-sky.a(rpl-timers.o)
                0x0000e26c                rpl_schedule_dao
 .text.duty_cycle
                0x0000e278        0x6 contiki-sky.a(contikimac.o)
 .text.init     0x0000e27e       0x2a contiki-sky.a(contikimac.o)
 .text.on       0x0000e2a8       0x1a contiki-sky.a(contikimac.o)
 .text.off      0x0000e2c2       0x22 contiki-sky.a(contikimac.o)
 .text.recv_burst_off
                0x0000e2e4        0xa contiki-sky.a(contikimac.o)
 .text.turn_off
                0x0000e2ee       0x20 contiki-sky.a(contikimac.o)
 .text.turn_on  0x0000e30e       0x30 contiki-sky.a(contikimac.o)
 .text.schedule_powercycle_fixed.part.4
                0x0000e33e       0x34 contiki-sky.a(contikimac.o)
 .text.powercycle_turn_radio_off
                0x0000e372       0x30 contiki-sky.a(contikimac.o)
 .text.input_packet
                0x0000e3a2       0xaa contiki-sky.a(contikimac.o)
 .text.send_packet.isra.7
                0x0000e44c      0x218 contiki-sky.a(contikimac.o)
 .text.qsend_list
                0x0000e664       0xc4 contiki-sky.a(contikimac.o)
 .text.qsend_packet
                0x0000e728       0x28 contiki-sky.a(contikimac.o)
 .text.powercycle
                0x0000e750      0x1de contiki-sky.a(contikimac.o)
 .text.bootstrap
                0x0000e92e        0x4 contiki-sky.a(nullsec.o)
 .text.send     0x0000e932        0xa contiki-sky.a(nullsec.o)
 .text.on_frame_created
                0x0000e93c        0x4 contiki-sky.a(nullsec.o)
 .text.input    0x0000e940        0x6 contiki-sky.a(nullsec.o)
 .text.get_overhead
                0x0000e946        0x4 contiki-sky.a(nullsec.o)
 .text.spi_init
                0x0000e94a       0x30 contiki-sky.a(spi.o)
                0x0000e94a                spi_init
 .text.compower_accumulate
                0x0000e97a       0x72 contiki-sky.a(compower.o)
                0x0000e97a                compower_accumulate
 .text.compower_clear
                0x0000e9ec       0x12 contiki-sky.a(compower.o)
                0x0000e9ec                compower_clear
 .text.compower_attrconv
                0x0000e9fe       0x10 contiki-sky.a(compower.o)
                0x0000e9fe                compower_attrconv
 .text.stimer_set
                0x0000ea0e       0x1c contiki-sky.a(stimer.o)
                0x0000ea0e                stimer_set
 .text.stimer_reset
                0x0000ea2a        0xe contiki-sky.a(stimer.o)
                0x0000ea2a                stimer_reset
 .text.stimer_expired
                0x0000ea38       0x30 contiki-sky.a(stimer.o)
                0x0000ea38                stimer_expired
 .text.field_len
                0x0000ea68       0x90 contiki-sky.a(frame802154.o)
 .text.frame802154_hdrlen
                0x0000eaf8       0x2e contiki-sky.a(frame802154.o)
                0x0000eaf8                frame802154_hdrlen
 .text.frame802154_create
                0x0000eb26      0x146 contiki-sky.a(frame802154.o)
                0x0000eb26                frame802154_create
 .text.frame802154_parse
                0x0000ec6c      0x1c4 contiki-sky.a(frame802154.o)
                0x0000ec6c                frame802154_parse
 .text.mac_sequence_is_duplicate
                0x0000ee30       0x44 contiki-sky.a(mac-sequence.o)
                0x0000ee30                mac_sequence_is_duplicate
 .text.mac_sequence_register_seqno
                0x0000ee74       0x72 contiki-sky.a(mac-sequence.o)
                0x0000ee74                mac_sequence_register_seqno
 .text.libgcc   0x0000eee6       0x2c /usr/local/msp430/bin/../lib/gcc/msp430/4.7.0/mmpy-16/libgcc.a(_mulsi3.o)
                0x0000eee6                __mulsi3
 .text.libgcc   0x0000ef12       0x22 /usr/local/msp430/bin/../lib/gcc/msp430/4.7.0/mmpy-16/libgcc.a(_udivmod16.o)
                0x0000ef12                __udivhi3
                0x0000ef12                __ext_udivmod16
                0x0000ef2c                __umodhi3
 .text.libgcc   0x0000ef34       0x3a /usr/local/msp430/bin/../lib/gcc/msp430/4.7.0/mmpy-16/libgcc.a(_divmod16.o)
                0x0000ef34                __ext_divmod16
                0x0000ef34                __divhi3
                0x0000ef66                __modhi3
 .text.libgcc   0x0000ef6e       0x40 /usr/local/msp430/bin/../lib/gcc/msp430/4.7.0/mmpy-16/libgcc.a(_udivmod32.o)
                0x0000ef6e                __udivsi3
                0x0000ef6e                __ext_udivmod32
                0x0000efa4                __umodsi3
 .text.printf   0x0000efae       0x10 /usr/local/msp430/bin/../lib/gcc/msp430/4.7.0/../../../../msp430/lib/mmpy-16/libc.a(printf.o)
                0x0000efae                printf
 .text.append   0x0000efbe       0x22 /usr/local/msp430/bin/../lib/gcc/msp430/4.7.0/../../../../msp430/lib/mmpy-16/libc.a(sprintf.o)
 .text.call_vuprintf
                0x0000efe0       0x3a /usr/local/msp430/bin/../lib/gcc/msp430/4.7.0/../../../../msp430/lib/mmpy-16/libc.a(sprintf.o)
 .text.snprintf
                0x0000f01a       0x1a /usr/local/msp430/bin/../lib/gcc/msp430/4.7.0/../../../../msp430/lib/mmpy-16/libc.a(sprintf.o)
                0x0000f01a                snprintf
 .text.print_field
                0x0000f034      0x194 /usr/local/msp430/bin/../lib/gcc/msp430/4.7.0/../../../../msp430/lib/mmpy-16/libc.a(vuprintf.o)
 .text.vuprintf
                0x0000f1c8      0x63c /usr/local/msp430/bin/../lib/gcc/msp430/4.7.0/../../../../msp430/lib/mmpy-16/libc.a(vuprintf.o)
                0x0000f1c8                vuprintf
 .text.puts     0x0000f804       0x2c /usr/local/msp430/bin/../lib/gcc/msp430/4.7.0/../../../../msp430/lib/mmpy-16/libc.a(puts.o)
                0x0000f804                puts
 .text.rand     0x0000f830       0x26 /usr/local/msp430/bin/../lib/gcc/msp430/4.7.0/../../../../msp430/lib/mmpy-16/libc.a(rand.o)
                0x0000f830                rand
 .text.srand    0x0000f856        0xa /usr/local/msp430/bin/../lib/gcc/msp430/4.7.0/../../../../msp430/lib/mmpy-16/libc.a(rand.o)
                0x0000f856                srand
 .text.strncmp  0x0000f860       0x2a /usr/local/msp430/bin/../lib/gcc/msp430/4.7.0/../../../../msp430/lib/mmpy-16/libc.a(strncmp.o)
                0x0000f860                strncmp
 .text.memcmp   0x0000f88a       0x30 /usr/local/msp430/bin/../lib/gcc/msp430/4.7.0/../../../../msp430/lib/mmpy-16/libc.a(memcmp.o)
                0x0000f88a                memcmp
 .text.strcpy   0x0000f8ba       0x14 /usr/local/msp430/bin/../lib/gcc/msp430/4.7.0/../../../../msp430/lib/mmpy-16/libc.a(strcpy.o)
                0x0000f8ba                strcpy
 .text.strncpy  0x0000f8ce       0x2a /usr/local/msp430/bin/../lib/gcc/msp430/4.7.0/../../../../msp430/lib/mmpy-16/libc.a(strncpy.o)
                0x0000f8ce                strncpy
 .text.memcpy   0x0000f8f8       0xfa /usr/local/msp430/bin/../lib/gcc/msp430/4.7.0/../../../../msp430/lib/mmpy-16/libc.a(memcpy.o)
                0x0000f8f8                memcpy
 .text.memmove  0x0000f9f2       0xfa /usr/local/msp430/bin/../lib/gcc/msp430/4.7.0/../../../../msp430/lib/mmpy-16/libc.a(memmove.o)
                0x0000f9f2                memmove
 .text.memset   0x0000faec       0x6a /usr/local/msp430/bin/../lib/gcc/msp430/4.7.0/../../../../msp430/lib/mmpy-16/libc.a(memset.o)
                0x0000faec                memset
 .text.libgcc   0x0000fb56       0xf0 /usr/local/msp430/bin/../lib/gcc/msp430/4.7.0/mmpy-16/libgcc.a(_udivmod64.o)
                0x0000fb56                __xabi_udivmod64
                0x0000fbb4                __udivdi3
                0x0000fbda                __umoddi3
                0x0000fc08                __udivmoddi4
 .text.crt0     0x0000fc46        0x2 /usr/local/msp430/bin/../lib/gcc/msp430/4.7.0/mmpy-16/libcrt0.a(_unexpected_.o)
                0x0000fc46                _unexpected_
 *(.near.text .near.text.*)

.rodata         0x0000fc48      0xaf7
                0x0000fc48                . = ALIGN (0x2)
 *(.rodata .rodata.* .gnu.linkonce.r.*)
 .rodata        0x0000fc48       0xc8 border-router.co
                0x0000fce8                autostart_processes
 .rodata        0x0000fd10       0xa6 obj_sky/slip-bridge.o
                0x0000fdb2                rpl_interface
 .rodata        0x0000fdb6      0x139 obj_sky/httpd-simple.o
                0x0000fe0f                http_index_html
                0x0000fe1b                http_get
                0x0000fe20                http_header_404
                0x0000fe7d                http_header_200
                0x0000fed3                http_content_type_html
 .rodata        0x0000feef      0x120 obj_sky/contiki-sky-main.o
 *fill*         0x0001000f        0x1 00
 .rodata        0x00010010       0x10 contiki-sky.a(button-sensor.o)
                0x00010018                button_sensor
 .rodata        0x00010020        0x8 contiki-sky.a(sensors.o)
 .rodata.get_value
                0x00010028       0x1c contiki-sky.a(cc2420.o)
 .rodata        0x00010044       0x3e contiki-sky.a(cc2420.o)
                0x00010044                cc2420_aes_128_driver
                0x00010048                cc2420_driver
 .rodata        0x00010082       0x21 contiki-sky.a(slip.o)
 .rodata        0x000100a3        0xf contiki-sky.a(ctimer.o)
 .rodata        0x000100b2        0xc contiki-sky.a(etimer.o)
 .rodata        0x000100be       0x24 contiki-sky.a(sicslowpan.o)
                0x000100ca                sicslowpan_driver
                0x000100d0                llprefix
                0x000100d2                unc_mxconf
                0x000100d6                unc_ctxconf
                0x000100da                unc_llconf
 .rodata        0x000100e2      0x409 contiki-sky.a(uip6.o)
 *fill*         0x000104eb        0x1 00
 .rodata.uip_process
                0x000104ec       0x20 contiki-sky.a(uip6.o)
 .rodata        0x0001050c      0x10f contiki-sky.a(uip-ds6.o)
 *fill*         0x0001061b        0x1 00
 .rodata        0x0001061c       0x14 contiki-sky.a(csma.o)
                0x00010622                csma_driver
 .rodata        0x00010630        0x8 contiki-sky.a(framer-802154.o)
                0x00010630                framer_802154
 .rodata        0x00010638        0x8 contiki-sky.a(linkaddr.o)
                0x00010638                linkaddr_null
 .rodata        0x00010640       0xab contiki-sky.a(tcpip.o)
 .rodata        0x000106eb       0x1a contiki-sky.a(uip-debug.o)
 *fill*         0x00010705        0x1 00
 .rodata        0x00010706       0x1c contiki-sky.a(contikimac.o)
                0x00010712                contikimac_driver
 .rodata        0x00010722       0x14 contiki-sky.a(nullsec.o)
                0x0001072a                nullsec_driver
 .rodata        0x00010736        0x2 contiki-sky.a(frame802154.o)
 .rodata.vuprintf
                0x00010738        0x7 /usr/local/msp430/bin/../lib/gcc/msp430/4.7.0/../../../../msp430/lib/mmpy-16/libc.a(vuprintf.o)
 *(.near.rodata .near.rodata.*)
                0x00010740                . = ALIGN (0x2)
                0x00010740                _etext = .

.data           0x00001100      0x114 load address 0x00010740
                0x00001100                . = ALIGN (0x2)
                0x00001100                __data_start = .
 *(.data .data.* .gnu.linkonce.d.*)
 .data          0x00001100       0x14 border-router.co
                0x00001100                webserver_nogui_process
                0x0000110a                border_router_process
 .data          0x00001114        0x8 obj_sky/httpd-simple.o
 .data          0x0000111c        0x4 contiki-sky.a(contiki-sky-pla)
                0x0000111c                sensors
 .data          0x00001120        0xa contiki-sky.a(sensors.o)
                0x00001120                sensors_process
 .data          0x0000112a        0xa contiki-sky.a(cc2420.o)
                0x0000112a                cc2420_process
 .data          0x00001134        0xa contiki-sky.a(slip.o)
                0x00001134                slip_process
 .data          0x0000113e        0x2 contiki-sky.a(msp430.o)
 .data          0x00001140        0xa contiki-sky.a(ctimer.o)
                0x00001140                ctimer_process
 .data          0x0000114a        0xa contiki-sky.a(etimer.o)
                0x0000114a                etimer_process
 .data          0x00001154        0xa contiki-sky.a(uip-ds6-nbr.o)
                0x00001154                ds6_neighbors
 .data          0x0000115e       0x22 contiki-sky.a(uip-ds6-route.o)
                0x0000115e                nbr_routes
 .data          0x00001180        0xc contiki-sky.a(uip-icmp6.o)
 .data          0x0000118c       0x12 contiki-sky.a(uip-nd6.o)
 .data          0x0000119e       0x18 contiki-sky.a(csma.o)
 .data          0x000011b6        0x8 contiki-sky.a(nbr-table.o)
 .data          0x000011be       0x18 contiki-sky.a(queuebuf.o)
 .data          0x000011d6        0xa contiki-sky.a(tcpip.o)
                0x000011d6                tcpip_process
 .data          0x000011e0        0x8 contiki-sky.a(rpl-dag.o)
 .data          0x000011e8       0x1a contiki-sky.a(rpl-icmp6.o)
 .data          0x00001202        0xe contiki-sky.a(rpl-mrhof.o)
                0x00001202                rpl_mrhof
 .data.next     0x00001210        0x4 /usr/local/msp430/bin/../lib/gcc/msp430/4.7.0/../../../../msp430/lib/mmpy-16/libc.a(rand.o)
 *(.near.data .near.data.*)
                0x00001214                . = ALIGN (0x2)
                0x00001214                _edata = .
                0x00010740                __data_load_start = LOADADDR (.data)
                0x00000114                __data_size = SIZEOF (.data)

.bss            0x00001214     0x1dce load address 0x00010854
                0x00001214                __bss_start = .
 *(.bss .bss.*)
 .bss           0x00001214      0x124 border-router.co
 .bss           0x00001338       0x12 obj_sky/slip-bridge.o
 .bss           0x0000134a       0xae obj_sky/httpd-simple.o
 .bss           0x000013f8        0xc obj_sky/contiki-sky-main.o
 .bss           0x00001404        0x8 contiki-sky.a(button-sensor.o)
 .bss           0x0000140c        0x2 contiki-sky.a(node-id.o)
                0x0000140c                node_id
 .bss           0x0000140e        0x6 contiki-sky.a(sensors.o)
 .bss           0x00001414        0x8 contiki-sky.a(cc2420.o)
 .bss           0x0000141c       0x9a contiki-sky.a(uart1.o)
 .bss           0x000014b6      0x10a contiki-sky.a(slip.o)
 .bss           0x000015c0        0xa contiki-sky.a(clock.o)
 .bss           0x000015ca        0x1 contiki-sky.a(leds.o)
 *fill*         0x000015cb        0x1 00
 .bss           0x000015cc        0x2 contiki-sky.a(watchdog.o)
 .bss           0x000015ce        0x4 contiki-sky.a(ctimer.o)
 .bss           0x000015d2        0x6 contiki-sky.a(etimer.o)
 .bss           0x000015d8       0x42 contiki-sky.a(process.o)
                0x000015d8                process_current
                0x000015da                process_list
 .bss           0x0000161a        0x2 contiki-sky.a(rtimer.o)
 .bss           0x0000161c      0x124 contiki-sky.a(sicslowpan.o)
 .bss           0x00001740        0xe contiki-sky.a(uip6.o)
                0x00001740                uip_ext_opt_offset
                0x00001741                uip_ext_len
                0x00001742                uip_ext_bitmap
 .bss           0x0000174e       0x18 contiki-sky.a(uip-ds6.o)
 .bss           0x00001766      0x2f8 contiki-sky.a(uip-ds6-nbr.o)
 .bss           0x00001a5e      0x362 contiki-sky.a(uip-ds6-route.o)
 .bss           0x00001dc0       0x14 contiki-sky.a(uip-icmp6.o)
 .bss           0x00001dd4        0xc contiki-sky.a(uip-nd6.o)
 .bss           0x00001de0       0xc4 contiki-sky.a(csma.o)
 .bss           0x00001ea4        0x2 contiki-sky.a(framer-802154.o)
 .bss           0x00001ea6      0x118 contiki-sky.a(nbr-table.o)
 .bss           0x00001fbe       0xba contiki-sky.a(packetbuf.o)
 .bss           0x00002078      0x73e contiki-sky.a(queuebuf.o)
 .bss           0x000027b6       0x36 contiki-sky.a(tcpip.o)
 .bss           0x000027ec        0x2 contiki-sky.a(rpl.o)
 .bss           0x000027ee       0xc8 contiki-sky.a(rpl-dag.o)
 .bss           0x000028b6       0x18 contiki-sky.a(rpl-timers.o)
 .bss           0x000028ce       0x34 contiki-sky.a(contikimac.o)
 .bss           0x00002902        0x8 contiki-sky.a(compower.o)
 .bss           0x0000290a       0xa0 contiki-sky.a(mac-sequence.o)
 .bss.destination_
                0x000029aa        0x2 /usr/local/msp430/bin/../lib/gcc/msp430/4.7.0/../../../../msp430/lib/mmpy-16/libc.a(sprintf.o)
 .bss.available_
                0x000029ac        0x2 /usr/local/msp430/bin/../lib/gcc/msp430/4.7.0/../../../../msp430/lib/mmpy-16/libc.a(sprintf.o)
 *(.near.bss .near.bss.*)
 *(COMMON)
 COMMON         0x000029ae        0x2 contiki-sky.a(contiki-sky-pla)
                0x000029ae                sensors_flags
 COMMON         0x000029b0        0x8 contiki-sky.a(ds2411.o)
                0x000029b0                ds2411_id
 COMMON         0x000029b8        0x1 contiki-sky.a(sensors.o)
                0x000029b8                sensors_event
 *fill*         0x000029b9        0x1 00
 COMMON         0x000029ba       0x10 contiki-sky.a(cc2420.o)
                0x000029ba                cc2420_last_rssi
                0x000029bc                cc2420_sfd_start_time
                0x000029be                cc2420_time_of_departure
                0x000029c0                cc2420_time_of_arrival
                0x000029c2                cc2420_last_correlation
                0x000029c4                cc2420_authority_level_of_sender
                0x000029c6                cc2420_sfd_counter
                0x000029c8                cc2420_sfd_end_time
 COMMON         0x000029ca        0x1 contiki-sky.a(slip.o)
                0x000029ca                slip_active
 *fill*         0x000029cb        0x1 00
 COMMON         0x000029cc        0x2 contiki-sky.a(msp430.o)
                0x000029cc                msp430_dco_required
 COMMON         0x000029ce       0x56 contiki-sky.a(energest.o)
                0x000029ce                energest_total_time
                0x000029fe                energest_total_count
                0x00002a00                energest_current_mode
                0x00002a0c                energest_current_time
 COMMON         0x00002a24        0x1 contiki-sky.a(process.o)
                0x00002a24                process_maxevents
 *fill*         0x00002a25        0x1 00
 COMMON         0x00002a26        0x8 contiki-sky.a(sicslowpan.o)
                0x00002a26                frag_sender
 COMMON         0x00002a2e      0x304 contiki-sky.a(uip6.o)
                0x00002a2e                uip_len
                0x00002a30                uip_sappdata
                0x00002a32                uip_acc32
                0x00002a36                uip_lladdr
                0x00002a3e                uip_aligned_buf
                0x00002b2e                uip_flags
                0x00002b30                uip_next_hdr
                0x00002b32                uip_udp_conn
                0x00002b34                uip_appdata
                0x00002b36                uip_conn
                0x00002b38                uip_conns
                0x00002be8                uip_listenports
                0x00002bf8                uip_slen
                0x00002bfa                uip_udp_conns
 COMMON         0x00002d32      0x180 contiki-sky.a(uip-ds6.o)
                0x00002d32                uip_ds6_timer_ra
                0x00002d3a                uip_ds6_if
                0x00002e26                uip_ds6_netif_addr_list_offset
                0x00002e27                uip_ds6_addr_size
                0x00002e28                uip_ds6_prefix_list
                0x00002e82                uip_ds6_timer_periodic
                0x00002e8e                ra_solicited_addr
                0x00002e9e                uip_ds6_ctimer_ra
 COMMON         0x00002eb2        0x8 contiki-sky.a(linkaddr.o)
                0x00002eb2                linkaddr_node_addr
 COMMON         0x00002eba       0x54 contiki-sky.a(packetbuf.o)
                0x00002eba                packetbuf_addrs
                0x00002eda                packetbuf_attrs
 COMMON         0x00002f0e        0x1 contiki-sky.a(tcpip.o)
                0x00002f0e                tcpip_event
 *fill*         0x00002f0f        0x1 00
 COMMON         0x00002f10       0xca contiki-sky.a(rpl-dag.o)
                0x00002f10                default_instance
                0x00002f12                instance_table
 COMMON         0x00002fda        0x8 contiki-sky.a(compower.o)
                0x00002fda                compower_idle_activity
                0x00002fe2                . = ALIGN (0x2)
                0x00002fe2                __bss_end = .
                0x00001dce                __bss_size = SIZEOF (.bss)

.noinit         0x00002fe2        0x2 load address 0x00010854
                0x00002fe2                . = ALIGN (0x2)
                0x00002fe2                __noinit_start = .
 *(.noinit .noinit.*)
 .noinit.crt0   0x00002fe2        0x2 /usr/local/msp430/bin/../lib/gcc/msp430/4.7.0/mmpy-16/libcrt0.a(__watchdog_support.o)
                0x00002fe2                __wdt_clear_value
                0x00002fe4                . = ALIGN (0x2)
                0x00002fe4                __noinit_end = .
                0x00002fe4                . = ALIGN (0x2)
                0x00002fe4                _end = .

.infomem        0x00001000        0x0
                0x00001000                . = ALIGN (0x2)
 *(.infomem .infomem.*)

.infomemnobits  0x00001000        0x0
                0x00001000                . = ALIGN (0x2)
 *(.infomemnobits .infomemnobits.*)

.infoa          0x00001080        0x0
                0x00001080                . = ALIGN (0x2)
 *(.infoa .infoa.*)

.infob          0x00001000        0x0
                0x00001000                . = ALIGN (0x2)
 *(.infob .infob.*)

.infoc          0x00000000        0x0
                0x00000000                . = ALIGN (0x2)
 *(.infoc .infoc.*)

.infod          0x00000000        0x0
                0x00000000                . = ALIGN (0x2)
 *(.infod .infod.*)

.vectors        0x0000ffe0       0x20
                0x0000ffe0                __vectors_start = .
 *(.vectors*)
 .vectors       0x0000ffe0       0x20 /usr/local/msp430/bin/../lib/gcc/msp430/4.7.0/mmpy-16/crt0ivtbl16.o
                0x0000ffe0                __ivtbl_16
                0x00010000                _vectors_end = .

.fartext        0x00000000        0x0
                0x00000000                . = ALIGN (0x2)
 *(.fartext .fartext.*)

.far.text       0x00000000        0x0
                0x00000000                . = ALIGN (0x2)
 *(.far.text .far.text.*)

.far.rodata     0x00000000        0x0
                0x00000000                . = ALIGN (0x2)
 *(.far.rodata .far.rodata.*)
                0x00000000                . = ALIGN (0x2)
                0x00000000                _efartext = .

.far.data       0x00000000        0x0
                0x00000000                . = ALIGN (0x2)
                0x00000000                __far_data_start = .
 *(.far.data .far.data.*)
                0x00000000                . = ALIGN (0x2)
                0x00000000                _efardata = .
                0x00000000                __far_data_load_start = LOADADDR (.far.data)
                0x00000000                __far_data_size = SIZEOF (.far.data)

.far.bss        0x00000000        0x0
                0x00000000                . = ALIGN (0x2)
                0x00000000                __far_bss_start = .
 *(.far.bss .far.bss.*)
                0x00000000                . = ALIGN (0x2)
                0x00000000                __far_bss_end = .
                0x00000000                __far_bss_size = SIZEOF (.far.bss)
                0x00000000                . = ALIGN (0x2)
                0x00000000                _far_end = .

.profiler
 *(.profiler)

.stab
 *(.stab)

.stabstr
 *(.stabstr)

.stab.excl
 *(.stab.excl)

.stab.exclstr
 *(.stab.exclstr)

.stab.index
 *(.stab.index)

.stab.indexstr
 *(.stab.indexstr)

.comment        0x00000000       0x30
 *(.comment)
 .comment       0x00000000       0x30 border-router.co
                                 0x31 (size before relaxing)
 .comment       0x00000000       0x31 obj_sky/slip-bridge.o
 .comment       0x00000000       0x31 obj_sky/httpd-simple.o
 .comment       0x00000000       0x31 obj_sky/contiki-sky-main.o
 .comment       0x00000000       0x31 contiki-sky.a(contiki-sky-pla)
 .comment       0x00000000       0x31 contiki-sky.a(button-sensor.o)
 .comment       0x00000000       0x31 contiki-sky.a(ds2411.o)
 .comment       0x00000000       0x31 contiki-sky.a(xmem.o)
 .comment       0x00000000       0x31 contiki-sky.a(node-id.o)
 .comment       0x00000000       0x31 contiki-sky.a(sensors.o)
 .comment       0x00000000       0x31 contiki-sky.a(cc2420.o)
 .comment       0x00000000       0x31 contiki-sky.a(cc2420-arch.o)
 .comment       0x00000000       0x31 contiki-sky.a(uart1.o)
 .comment       0x00000000       0x31 contiki-sky.a(slip_uart1.o)
 .comment       0x00000000       0x31 contiki-sky.a(slip.o)
 .comment       0x00000000       0x31 contiki-sky.a(msp430.o)
 .comment       0x00000000       0x31 contiki-sky.a(clock.o)
 .comment       0x00000000       0x31 contiki-sky.a(leds.o)
 .comment       0x00000000       0x31 contiki-sky.a(leds-arch.o)
 .comment       0x00000000       0x31 contiki-sky.a(watchdog.o)
 .comment       0x00000000       0x31 contiki-sky.a(rtimer-arch.o)
 .comment       0x00000000       0x31 contiki-sky.a(autostart.o)
 .comment       0x00000000       0x31 contiki-sky.a(ctimer.o)
 .comment       0x00000000       0x31 contiki-sky.a(energest.o)
 .comment       0x00000000       0x31 contiki-sky.a(etimer.o)
 .comment       0x00000000       0x31 contiki-sky.a(process.o)
 .comment       0x00000000       0x31 contiki-sky.a(rtimer.o)
 .comment       0x00000000       0x31 contiki-sky.a(timer.o)
 .comment       0x00000000       0x31 contiki-sky.a(list.o)
 .comment       0x00000000       0x31 contiki-sky.a(memb.o)
 .comment       0x00000000       0x31 contiki-sky.a(random.o)
 .comment       0x00000000       0x31 contiki-sky.a(sicslowpan.o)
 .comment       0x00000000       0x31 contiki-sky.a(uip6.o)
 .comment       0x00000000       0x31 contiki-sky.a(uip-ds6.o)
 .comment       0x00000000       0x31 contiki-sky.a(uip-ds6-nbr.o)
 .comment       0x00000000       0x31 contiki-sky.a(uip-ds6-route.o)
 .comment       0x00000000       0x31 contiki-sky.a(uip-icmp6.o)
 .comment       0x00000000       0x31 contiki-sky.a(uip-nd6.o)
 .comment       0x00000000       0x31 contiki-sky.a(csma.o)
 .comment       0x00000000       0x31 contiki-sky.a(framer-802154.o)
 .comment       0x00000000       0x31 contiki-sky.a(framer.o)
 .comment       0x00000000       0x31 contiki-sky.a(mac.o)
 .comment       0x00000000       0x31 contiki-sky.a(linkaddr.o)
 .comment       0x00000000       0x31 contiki-sky.a(nbr-table.o)
 .comment       0x00000000       0x31 contiki-sky.a(packetbuf.o)
 .comment       0x00000000       0x31 contiki-sky.a(queuebuf.o)
 .comment       0x00000000       0x31 contiki-sky.a(psock.o)
 .comment       0x00000000       0x31 contiki-sky.a(tcpip.o)
 .comment       0x00000000       0x31 contiki-sky.a(uip-debug.o)
 .comment       0x00000000       0x31 contiki-sky.a(rpl.o)
 .comment       0x00000000       0x31 contiki-sky.a(rpl-dag.o)
 .comment       0x00000000       0x31 contiki-sky.a(rpl-ext-header.)
 .comment       0x00000000       0x31 contiki-sky.a(rpl-icmp6.o)
 .comment       0x00000000       0x31 contiki-sky.a(rpl-mrhof.o)
 .comment       0x00000000       0x31 contiki-sky.a(rpl-timers.o)
 .comment       0x00000000       0x31 contiki-sky.a(contikimac.o)
 .comment       0x00000000       0x31 contiki-sky.a(nullsec.o)
 .comment       0x00000000       0x31 contiki-sky.a(spi.o)
 .comment       0x00000000       0x31 contiki-sky.a(compower.o)
 .comment       0x00000000       0x31 contiki-sky.a(stimer.o)
 .comment       0x00000000       0x31 contiki-sky.a(frame802154.o)
 .comment       0x00000000       0x31 contiki-sky.a(mac-sequence.o)
 .comment       0x00000000       0x31 /usr/local/msp430/bin/../lib/gcc/msp430/4.7.0/../../../../msp430/lib/mmpy-16/libc.a(printf.o)
 .comment       0x00000000       0x31 /usr/local/msp430/bin/../lib/gcc/msp430/4.7.0/../../../../msp430/lib/mmpy-16/libc.a(sprintf.o)
 .comment       0x00000000       0x31 /usr/local/msp430/bin/../lib/gcc/msp430/4.7.0/../../../../msp430/lib/mmpy-16/libc.a(vuprintf.o)
 .comment       0x00000000       0x31 /usr/local/msp430/bin/../lib/gcc/msp430/4.7.0/../../../../msp430/lib/mmpy-16/libc.a(puts.o)
 .comment       0x00000000       0x31 /usr/local/msp430/bin/../lib/gcc/msp430/4.7.0/../../../../msp430/lib/mmpy-16/libc.a(rand.o)
 .comment       0x00000000       0x31 /usr/local/msp430/bin/../lib/gcc/msp430/4.7.0/../../../../msp430/lib/mmpy-16/libc.a(strncmp.o)
 .comment       0x00000000       0x31 /usr/local/msp430/bin/../lib/gcc/msp430/4.7.0/../../../../msp430/lib/mmpy-16/libc.a(memcmp.o)
 .comment       0x00000000       0x31 /usr/local/msp430/bin/../lib/gcc/msp430/4.7.0/../../../../msp430/lib/mmpy-16/libc.a(strcpy.o)
 .comment       0x00000000       0x31 /usr/local/msp430/bin/../lib/gcc/msp430/4.7.0/../../../../msp430/lib/mmpy-16/libc.a(strncpy.o)
 .comment       0x00000000       0x31 /usr/local/msp430/bin/../lib/gcc/msp430/4.7.0/../../../../msp430/lib/mmpy-16/libc.a(memcpy.o)
 .comment       0x00000000       0x31 /usr/local/msp430/bin/../lib/gcc/msp430/4.7.0/../../../../msp430/lib/mmpy-16/libc.a(memmove.o)