Archive member included because of file (symbol)

obj_cooja/mtype105.a(simEnvChange.o)
                              obj_cooja/mtype105.o (simDontFallAsleep)
obj_cooja/mtype105.a(cooja_mt.o)
                              obj_cooja/mtype105.o (cooja_mt_start)
obj_cooja/mtype105.a(cooja_mtarch.o)
                              obj_cooja/mtype105.a(cooja_mt.o) (cooja_mtarch_init)
obj_cooja/mtype105.a(rtimer-arch.o)
                              obj_cooja/mtype105.o (rtimer_arch_next)
obj_cooja/mtype105.a(beep.o)  obj_cooja/mtype105.o (beep_interface)
obj_cooja/mtype105.a(button-sensor.o)
                              obj_cooja/mtype105.o (button_interface)
obj_cooja/mtype105.a(leds-arch.o)
                              obj_cooja/mtype105.o (leds_interface)
obj_cooja/mtype105.a(moteid.o)
                              obj_cooja/mtype105.o (moteid_interface)
obj_cooja/mtype105.a(pir-sensor.o)
                              obj_cooja/mtype105.o (pir_interface)
obj_cooja/mtype105.a(rs232.o)
                              obj_cooja/mtype105.o (rs232_interface)
obj_cooja/mtype105.a(vib-sensor.o)
                              obj_cooja/mtype105.o (vib_interface)
obj_cooja/mtype105.a(clock.o)
                              obj_cooja/mtype105.o (clock_interface)
obj_cooja/mtype105.a(log.o)   obj_cooja/mtype105.o (simlog_interface)
obj_cooja/mtype105.a(cfs-cooja.o)
                              obj_cooja/mtype105.o (cfs_interface)
obj_cooja/mtype105.a(cooja-radio.o)
                              obj_cooja/mtype105.o (radio_interface)
obj_cooja/mtype105.a(eeprom.o)
                              obj_cooja/mtype105.o (eeprom_interface)
obj_cooja/mtype105.a(random.o)
                              obj_cooja/mtype105.a(moteid.o) (random_init)
obj_cooja/mtype105.a(sensors.o)
                              obj_cooja/mtype105.o (sensors_process)
obj_cooja/mtype105.a(autostart.o)
                              obj_cooja/mtype105.o (autostart_start)
obj_cooja/mtype105.a(ctimer.o)
                              obj_cooja/mtype105.o (ctimer_init)
obj_cooja/mtype105.a(etimer.o)
                              obj_cooja/mtype105.o (etimer_process)
obj_cooja/mtype105.a(process.o)
                              obj_cooja/mtype105.a(ctimer.o) (process_current)
obj_cooja/mtype105.a(rtimer.o)
                              obj_cooja/mtype105.a(rtimer-arch.o) (rtimer_run_next)
obj_cooja/mtype105.a(timer.o)
                              obj_cooja/mtype105.a(button-sensor.o) (timer_set)
obj_cooja/mtype105.a(serial-line.o)
                              obj_cooja/mtype105.a(rs232.o) (serial_line_input_byte)
obj_cooja/mtype105.a(list.o)  obj_cooja/mtype105.a(ctimer.o) (list_init)
obj_cooja/mtype105.a(ringbuf.o)
                              obj_cooja/mtype105.a(serial-line.o) (ringbuf_init)
obj_cooja/mtype105.a(linkaddr.o)
                              obj_cooja/mtype105.o (linkaddr_node_addr)
obj_cooja/mtype105.a(netstack.o)
                              obj_cooja/mtype105.o (netstack_init)
obj_cooja/mtype105.a(packetbuf.o)
                              obj_cooja/mtype105.a(cooja-radio.o) (packetbuf_attrs)
obj_cooja/mtype105.a(queuebuf.o)
                              obj_cooja/mtype105.o (queuebuf_init)
obj_cooja/mtype105.a(tcpip.o)
                              obj_cooja/mtype105.o (tcpip_process)
obj_cooja/mtype105.a(uip-packetqueue)
                              obj_cooja/mtype105.a(tcpip.o) (uip_packetqueue_free)
obj_cooja/mtype105.a(sicslowpan.o)
                              obj_cooja/mtype105.o (sicslowpan_driver)
obj_cooja/mtype105.a(uip-ds6-nbr.o)
                              obj_cooja/mtype105.a(tcpip.o) (uip_ds6_nbr_get_ll)
obj_cooja/mtype105.a(uip-ds6-route.o)
                              obj_cooja/mtype105.a(tcpip.o) (uip_ds6_route_nexthop)
obj_cooja/mtype105.a(uip-ds6.o)
                              obj_cooja/mtype105.a(tcpip.o) (uip_ds6_timer_periodic)
obj_cooja/mtype105.a(uip-nd6.o)
                              obj_cooja/mtype105.a(uip-ds6-nbr.o) (uip_nd6_ns_output)
obj_cooja/mtype105.a(uip6.o)  obj_cooja/mtype105.o (uip_lladdr)
obj_cooja/mtype105.a(csma.o)  obj_cooja/mtype105.o (csma_driver)
obj_cooja/mtype105.a(framer-802154.o)
                              obj_cooja/mtype105.a(sicslowpan.o) (framer_802154)
obj_cooja/mtype105.a(framer.o)
                              obj_cooja/mtype105.a(framer-802154.o) (framer_canonical_create_and_secure)
obj_cooja/mtype105.a(mac.o)   obj_cooja/mtype105.a(csma.o) (mac_call_sent_callback)
obj_cooja/mtype105.a(nullrdc.o)
                              obj_cooja/mtype105.o (nullrdc_driver)
obj_cooja/mtype105.a(nullsec.o)
                              obj_cooja/mtype105.a(sicslowpan.o) (nullsec_driver)
obj_cooja/mtype105.a(watchdog.o)
                              obj_cooja/mtype105.a(sicslowpan.o) (watchdog_periodic)
obj_cooja/mtype105.a(rimestats.o)
                              obj_cooja/mtype105.a(cooja-radio.o) (rimestats)
obj_cooja/mtype105.a(stimer.o)
[...]
Memory Configuration

Name             Origin             Length             Attributes
*default*        0x0000000000000000 0xffffffffffffffff

Linker script and memory map

LOAD /usr/lib/gcc/i686-linux-gnu/4.6/../../../i386-linux-gnu/crti.o
LOAD /usr/lib/gcc/i686-linux-gnu/4.6/crtbeginS.o
LOAD hello-world.co
LOAD obj_cooja/mtype105.o
LOAD obj_cooja/mtype105.a
LOAD /usr/lib/gcc/i686-linux-gnu/4.6/libgcc.a
LOAD /usr/lib/gcc/i686-linux-gnu/4.6/libgcc_s.so
LOAD /usr/lib/gcc/i686-linux-gnu/4.6/../../../i386-linux-gnu/libc.so
START GROUP
LOAD /lib/i386-linux-gnu/libc.so.6
LOAD /usr/lib/i386-linux-gnu/libc_nonshared.a
LOAD /lib/i386-linux-gnu/ld-linux.so.2
END GROUP
LOAD /usr/lib/gcc/i686-linux-gnu/4.6/libgcc.a
LOAD /usr/lib/gcc/i686-linux-gnu/4.6/libgcc_s.so
LOAD /usr/lib/gcc/i686-linux-gnu/4.6/crtendS.o
LOAD /usr/lib/gcc/i686-linux-gnu/4.6/../../../i386-linux-gnu/crtn.o
                0x0000000000000114                . = (0x0 + SIZEOF_HEADERS)

.note.gnu.build-id
                0x0000000000000114       0x24
 *(.note.gnu.build-id)
 .note.gnu.build-id
                0x0000000000000114       0x24 /usr/lib/gcc/i686-linux-gnu/4.6/../../../i386-linux-gnu/crti.o

.hash
 *(.hash)

.gnu.hash       0x0000000000000138      0xcc8
 *(.gnu.hash)
 .gnu.hash      0x0000000000000138      0xcc8 /usr/lib/gcc/i686-linux-gnu/4.6/../../../i386-linux-gnu/crti.o

.dynsym         0x0000000000000e00     0x1b40
 *(.dynsym)
 .dynsym        0x0000000000000e00     0x1b40 /usr/lib/gcc/i686-linux-gnu/4.6/../../../i386-linux-gnu/crti.o

.dynstr         0x0000000000002940     0x1bcd
 *(.dynstr)
 .dynstr        0x0000000000002940     0x1bcd /usr/lib/gcc/i686-linux-gnu/4.6/../../../i386-linux-gnu/crti.o

.gnu.version    0x000000000000450e      0x368
 *(.gnu.version)
 .gnu.version   0x000000000000450e      0x368 /usr/lib/gcc/i686-linux-gnu/4.6/../../../i386-linux-gnu/crti.o

.gnu.version_d  0x0000000000004878        0x0
 *(.gnu.version_d)
 .gnu.version_d
                0x0000000000000000        0x0 /usr/lib/gcc/i686-linux-gnu/4.6/../../../i386-linux-gnu/crti.o

.gnu.version_r  0x0000000000004878       0x40
 *(.gnu.version_r)
 .gnu.version_r
                0x0000000000004878       0x40 /usr/lib/gcc/i686-linux-gnu/4.6/../../../i386-linux-gnu/crti.o

.rel.dyn        0x00000000000048b8     0x7080
 *(.rel.init)
 *(.rel.text .rel.text.* .rel.gnu.linkonce.t.*)
 .rel.text      0x00000000000048b8     0x69d8 /usr/lib/gcc/i686-linux-gnu/4.6/../../../i386-linux-gnu/crti.o
 *(.rel.fini)
 *(.rel.rodata .rel.rodata.* .rel.gnu.linkonce.r.*)
 .rel.rodata    0x000000000000b290      0x460 /usr/lib/gcc/i686-linux-gnu/4.6/../../../i386-linux-gnu/crti.o
 *(.rel.data.rel.ro* .rel.gnu.linkonce.d.rel.ro.*)
 *(.rel.data .rel.data.* .rel.gnu.linkonce.d.*)
 .rel.data.rel  0x000000000000b6f0        0x8 /usr/lib/gcc/i686-linux-gnu/4.6/../../../i386-linux-gnu/crti.o
 .rel.data      0x000000000000b6f8      0x228 /usr/lib/gcc/i686-linux-gnu/4.6/../../../i386-linux-gnu/crti.o
 *(.rel.tdata .rel.tdata.* .rel.gnu.linkonce.td.*)
 *(.rel.tbss .rel.tbss.* .rel.gnu.linkonce.tb.*)
 *(.rel.ctors)
 *(.rel.dtors)
 *(.rel.got)
 .rel.got       0x000000000000b920       0x18 /usr/lib/gcc/i686-linux-gnu/4.6/../../../i386-linux-gnu/crti.o
 *(.rel.bss .rel.bss.* .rel.gnu.linkonce.b.*)
 *(.rel.ifunc)
 .rel.ifunc     0x0000000000000000        0x0 /usr/lib/gcc/i686-linux-gnu/4.6/../../../i386-linux-gnu/crti.o

.rel.plt        0x000000000000b938       0x10
 *(.rel.plt)
 .rel.plt       0x000000000000b938       0x10 /usr/lib/gcc/i686-linux-gnu/4.6/../../../i386-linux-gnu/crti.o
 *(.rel.iplt)

.init           0x000000000000b948       0x2e
 *(.init)
 .init          0x000000000000b948       0x1f /usr/lib/gcc/i686-linux-gnu/4.6/../../../i386-linux-gnu/crti.o
                0x000000000000b948                _init
 .init          0x000000000000b967        0x5 /usr/lib/gcc/i686-linux-gnu/4.6/crtbeginS.o
 .init          0x000000000000b96c        0x5 /usr/lib/gcc/i686-linux-gnu/4.6/crtendS.o
 .init          0x000000000000b971        0x5 /usr/lib/gcc/i686-linux-gnu/4.6/../../../i386-linux-gnu/crtn.o

.plt            0x000000000000b980       0x30
 *(.plt)
 .plt           0x000000000000b980       0x30 /usr/lib/gcc/i686-linux-gnu/4.6/../../../i386-linux-gnu/crti.o
 *(.iplt)

.text           0x000000000000b9b0     0xda38
 *(.text.unlikely .text.*_unlikely)
 *(.text.exit .text.exit.*)
 *(.text.startup .text.startup.*)
 *(.text.hot .text.hot.*)
 *(.text .stub .text.* .gnu.linkonce.t.*)
 .text          0x000000000000b9b0        0x0 /usr/lib/gcc/i686-linux-gnu/4.6/../../../i386-linux-gnu/crti.o
 .text          0x000000000000b9b0       0xb7 /usr/lib/gcc/i686-linux-gnu/4.6/crtbeginS.o
 .text.__i686.get_pc_thunk.bx
                0x000000000000ba67        0x4 /usr/lib/gcc/i686-linux-gnu/4.6/crtbeginS.o
                0x000000000000ba67                __i686.get_pc_thunk.bx
 *fill*         0x000000000000ba6b        0x1 90909090
 .text          0x000000000000ba6c       0x3d hello-world.co
 *fill*         0x000000000000baa9        0x3 90909090
 .text          0x000000000000baac      0x733 obj_cooja/mtype105.o
                0x000000000000bbd8                contiki_init
                0x000000000000bffb                Java_org_contikios_cooja_corecomm_Lib1_init
                0x000000000000c03b                Java_org_contikios_cooja_corecomm_Lib1_getMemory
                0x000000000000c078                Java_org_contikios_cooja_corecomm_Lib1_setMemory
                0x000000000000c0ec                Java_org_contikios_cooja_corecomm_Lib1_tick
                0x000000000000c1cd                Java_org_contikios_cooja_corecomm_Lib1_setReferenceAddress
 *fill*         0x000000000000c1df        0x1 90909090
 .text          0x000000000000c1e0       0x63 obj_cooja/mtype105.a(simEnvChange.o)
                0x000000000000c1e0                doActionsBeforeTick
                0x000000000000c211                doActionsAfterTick
 *fill*         0x000000000000c243        0x1 90909090
 .text          0x000000000000c244       0xbc obj_cooja/mtype105.a(cooja_mt.o)
                0x000000000000c244                cooja_mt_init
                0x000000000000c251                cooja_mt_remove
                0x000000000000c25e                cooja_mt_start
                0x000000000000c28b                cooja_mt_exec
                0x000000000000c2bc                cooja_mt_exit
                0x000000000000c2de                cooja_mt_yield
 .text          0x000000000000c300      0x15b obj_cooja/mtype105.a(cooja_mtarch.o)
                0x000000000000c300                cooja_mtarch_init
                0x000000000000c305                cooja_mtarch_start
                0x000000000000c3c6                cooja_sw
                0x000000000000c3e8                cooja_mtarch_exec
                0x000000000000c404                cooja_mtarch_remove
                0x000000000000c409                cooja_mtarch_yield
                0x000000000000c413                cooja_mtarch_pstop
                0x000000000000c418                cooja_mtarch_pstart
                0x000000000000c41d                cooja_mtarch_stack_usage
 *fill*         0x000000000000c45b        0x1 90909090
 .text          0x000000000000c45c       0xc2 obj_cooja/mtype105.a(rtimer-arch.o)
                0x000000000000c45c                rtimer_arch_init
                0x000000000000c47f                rtimer_arch_schedule
                0x000000000000c496                rtimer_arch_next
                0x000000000000c4a0                rtimer_arch_pending
                0x000000000000c4aa                rtimer_arch_check
                0x000000000000c4dc                rtimer_arch_now
 *fill*         0x000000000000c51e        0x2 90909090
 .text          0x000000000000c520       0x76 obj_cooja/mtype105.a(beep.o)
                0x000000000000c520                beep_alarm
                0x000000000000c52c                beep_beep
                0x000000000000c538                beep
                0x000000000000c544                beep_down
                0x000000000000c550                beep_on
                0x000000000000c55c                beep_off
                0x000000000000c568                beep_spinup
                0x000000000000c574                beep_quick
                0x000000000000c580                beep_long
 *fill*         0x000000000000c596        0x2 90909090
 .text          0x000000000000c598      0x103 obj_cooja/mtype105.a(button-sensor.o)
 *fill*         0x000000000000c69b        0x1 90909090
 .text          0x000000000000c69c       0x45 obj_cooja/mtype105.a(leds-arch.o)
                0x000000000000c69c                leds_arch_init
                0x000000000000c6a8                leds_arch_get
                0x000000000000c6b4                leds_arch_set
 *fill*         0x000000000000c6e1        0x3 90909090
 .text          0x000000000000c6e4       0x2f obj_cooja/mtype105.a(moteid.o)
 *fill*         0x000000000000c713        0x1 90909090
 .text          0x000000000000c714       0xb1 obj_cooja/mtype105.a(pir-sensor.o)
 *fill*         0x000000000000c7c5        0x3 90909090
 .text          0x000000000000c7c8      0x132 obj_cooja/mtype105.a(rs232.o)
                0x000000000000c7c8                rs232_init
                0x000000000000c7cd                rs232_set_speed
                0x000000000000c7db                rs232_set_input
                0x000000000000c7e8                rs232_send
                0x000000000000c80b                rs232_print
                0x000000000000c827                slip_arch_writeb
 *fill*         0x000000000000c8fa        0x2 90909090
 .text          0x000000000000c8fc       0xb1 obj_cooja/mtype105.a(vib-sensor.o)
 *fill*         0x000000000000c9ad        0x3 90909090
 .text          0x000000000000c9b0       0x3d obj_cooja/mtype105.a(clock.o)
                0x000000000000c9b0                clock_init
                0x000000000000c9b5                clock_time
                0x000000000000c9bf                clock_seconds
                0x000000000000c9de                clock_delay
 *fill*         0x000000000000c9ed        0x3 90909090
 .text          0x000000000000c9f0      0x234 obj_cooja/mtype105.a(log.o)
                0x000000000000c9f0                simlog_char
                0x000000000000ca33                simlog
                0x000000000000cae4                log_message
                0x000000000000cb0c                log_set_putchar_with_slip
                0x000000000000cb19                log_putchar
                0x000000000000cb9d                log_puts
                0x000000000000cbc1                log_printf
 .text          0x000000000000cc24      0x26d obj_cooja/mtype105.a(cfs-cooja.o)
                0x000000000000cc24                cfs_open
                0x000000000000cc6f                cfs_close
                0x000000000000cc7b                cfs_read
                0x000000000000cd0e                cfs_write
                0x000000000000cdc9                cfs_seek
                0x000000000000ce4b                cfs_remove
                0x000000000000ce6e                cfs_opendir
                0x000000000000ce78                cfs_readdir
                0x000000000000ce82                cfs_closedir
 *fill*         0x000000000000ce91        0x3 90909090
 .text          0x000000000000ce94      0x3e2 obj_cooja/mtype105.a(cooja-radio.o)
                0x000000000000cebe                radio_set_channel
                0x000000000000cecb                radio_set_txpower
                0x000000000000cee2                radio_signal_strength_last
                0x000000000000ceec                radio_signal_strength_current
                0x000000000000cef6                radio_LQI
 *fill*         0x000000000000d276        0x2 90909090
 .text          0x000000000000d278       0xea obj_cooja/mtype105.a(eeprom.o)
                0x000000000000d278                eeprom_init
                0x000000000000d27d                eeprom_read
                0x000000000000d2eb                eeprom_write
 *fill*         0x000000000000d362        0x2 90909090
 .text          0x000000000000d364       0x28 obj_cooja/mtype105.a(random.o)
                0x000000000000d364                random_init
                0x000000000000d37f                random_rand
 .text          0x000000000000d38c      0x2ba obj_cooja/mtype105.a(sensors.o)
                0x000000000000d3c7                sensors_first
                0x000000000000d3d1                sensors_next
                0x000000000000d3ee                sensors_changed
                0x000000000000d41d                sensors_find
 *fill*         0x000000000000d646        0x2 90909090
 .text          0x000000000000d648       0x76 obj_cooja/mtype105.a(autostart.o)
                0x000000000000d648                autostart_start
                0x000000000000d687                autostart_exit
 *fill*         0x000000000000d6be        0x2 90909090
 .text          0x000000000000d6c0      0x346 obj_cooja/mtype105.a(ctimer.o)
                0x000000000000d7db                ctimer_init
                0x000000000000d80b                ctimer_set
                0x000000000000d89e                ctimer_reset
                0x000000000000d901                ctimer_restart
                0x000000000000d964                ctimer_stop
                0x000000000000d9af                ctimer_expired
 *fill*         0x000000000000da06        0x2 90909090
 .text          0x000000000000da08      0x3f0 obj_cooja/mtype105.a(etimer.o)
                0x000000000000dc27                etimer_request_poll
                0x000000000000dcab                etimer_set
                0x000000000000dcd0                etimer_reset
                0x000000000000dcee                etimer_restart
                0x000000000000dd0c                etimer_adjust
                0x000000000000dd28                etimer_expired
                0x000000000000dd3b                etimer_expiration_time
                0x000000000000dd4d                etimer_start_time
                0x000000000000dd57                etimer_pending
                0x000000000000dd69                etimer_next_expiration_time
                0x000000000000dd83                etimer_stop
 .text          0x000000000000ddf8      0x568 obj_cooja/mtype105.a(process.o)
                0x000000000000ddf8                process_alloc_event
                0x000000000000de10                process_start
                0x000000000000dffc                process_exit
                0x000000000000e018                process_init
                0x000000000000e1eb                process_run
                0x000000000000e21e                process_nevents
                0x000000000000e239                process_post
                0x000000000000e2e5                process_post_synch
                0x000000000000e31d                process_poll
                0x000000000000e34c                process_is_running
 .text          0x000000000000e360       0xbd obj_cooja/mtype105.a(rtimer.o)
                0x000000000000e360                rtimer_init
                0x000000000000e36d                rtimer_set
                0x000000000000e3c4                rtimer_run_next
 *fill*         0x000000000000e41d        0x3 90909090
 .text          0x000000000000e420       0x93 obj_cooja/mtype105.a(timer.o)
                0x000000000000e420                timer_set
                0x000000000000e43b                timer_reset
                0x000000000000e452                timer_restart
                0x000000000000e464                timer_expired
                0x000000000000e48d                timer_remaining
 *fill*         0x000000000000e4b3        0x1 90909090
 .text          0x000000000000e4b4      0x1ec obj_cooja/mtype105.a(serial-line.o)
                0x000000000000e4b4                serial_line_input_byte
                0x000000000000e668                serial_line_init
 .text          0x000000000000e6a0      0x245 obj_cooja/mtype105.a(list.o)
                0x000000000000e6a0                list_init
                0x000000000000e6ae                list_head
                0x000000000000e6b8                list_copy
                0x000000000000e6c7                list_tail
                0x000000000000e6fd                list_add
                0x000000000000e746                list_push
                0x000000000000e772                list_chop
                0x000000000000e7dc                list_pop
                0x000000000000e804                list_remove
                0x000000000000e86c                list_length
                0x000000000000e89a                list_insert
                0x000000000000e8ce                list_item_next
 *fill*         0x000000000000e8e5        0x3 90909090
 .text          0x000000000000e8e8      0x155 obj_cooja/mtype105.a(ringbuf.o)
                0x000000000000e8e8                ringbuf_init
                0x000000000000e919                ringbuf_put
                0x000000000000e997                ringbuf_get
                0x000000000000ea04                ringbuf_size
                0x000000000000ea16                ringbuf_elements
 *fill*         0x000000000000ea3d        0x3 90909090
 .text          0x000000000000ea40       0x5a obj_cooja/mtype105.a(linkaddr.o)
                0x000000000000ea40                linkaddr_copy
                0x000000000000ea55                linkaddr_cmp
                0x000000000000ea7f                linkaddr_set_node_addr
 *fill*         0x000000000000ea9a        0x2 90909090
 .text          0x000000000000ea9c       0x24 obj_cooja/mtype105.a(netstack.o)
                0x000000000000ea9c                netstack_init
 .text          0x000000000000eac0      0x59d obj_cooja/mtype105.a(packetbuf.o)
                0x000000000000eac0                packetbuf_clear
                0x000000000000eaf7                packetbuf_clear_hdr
                0x000000000000eb03                packetbuf_copyfrom
                0x000000000000eb55                packetbuf_compact
                0x000000000000ebf3                packetbuf_copyto_hdr
                0x000000000000ec4d                packetbuf_copyto
                0x000000000000ed30                packetbuf_hdralloc
                0x000000000000ed7a                packetbuf_hdr_remove
                0x000000000000ed92                packetbuf_hdrreduce
                0x000000000000eddd                packetbuf_set_datalen
                0x000000000000edf6                packetbuf_dataptr
                0x000000000000ee0f                packetbuf_hdrptr
                0x000000000000ee26                packetbuf_reference
                0x000000000000ee4c                packetbuf_is_reference
                0x000000000000ee66                packetbuf_reference_ptr
                0x000000000000ee70                packetbuf_datalen
                0x000000000000ee7c                packetbuf_hdrlen
                0x000000000000eeac                packetbuf_totlen
                0x000000000000eec2                packetbuf_attr_clear
                0x000000000000ef18                packetbuf_attr_copyto
                0x000000000000efbb                packetbuf_attr_copyfrom
 *fill*         0x000000000000f05d        0x3 90909090
 .text          0x000000000000f060      0x3b5 obj_cooja/mtype105.a(queuebuf.o)
                0x000000000000f06a                queuebuf_init
                0x000000000000f096                queuebuf_new_from_packetbuf
                0x000000000000f161                queuebuf_update_attr_from_packetbuf
                0x000000000000f194                queuebuf_update_from_packetbuf
                0x000000000000f1dd                queuebuf_free
                0x000000000000f250                queuebuf_to_packetbuf
                0x000000000000f338                queuebuf_dataptr
                0x000000000000f397                queuebuf_datalen
                0x000000000000f3b6                queuebuf_addr
                0x000000000000f3e5                queuebuf_attr
                0x000000000000f410                queuebuf_debug_print
 *fill*         0x000000000000f415        0x3 90909090
 .text          0x000000000000f418      0x658 obj_cooja/mtype105.a(tcpip.o)
                0x000000000000f418                tcpip_output
                0x000000000000f447                tcpip_set_outputfunc
                0x000000000000f4b3                udp_attach
                0x000000000000f4d8                udp_new
                0x000000000000f52a                udp_broadcast_new
                0x000000000000f6bc                tcpip_input
                0x000000000000f6f0                tcpip_ipv6_output
                0x000000000000f96c                tcpip_poll_udp
                0x000000000000f98f                tcpip_uipcall
 .text          0x000000000000fa70      0x141 obj_cooja/mtype105.a(uip-packetqueue)
                0x000000000000fa9c                uip_packetqueue_new
                0x000000000000faaa                uip_packetqueue_alloc
                0x000000000000fb0a                uip_packetqueue_free
                0x000000000000fb4b                uip_packetqueue_buf
                0x000000000000fb68                uip_packetqueue_buflen
                0x000000000000fb89                uip_packetqueue_set_buflen
 *fill*         0x000000000000fbb1        0x3 90909090
 .text          0x000000000000fbb4     0x21c8 obj_cooja/mtype105.a(sicslowpan.o)
                0x000000000000fc47                rime_sniffer_add
                0x000000000000fc54                rime_sniffer_remove
                0x0000000000011d1b                sicslowpan_init
                0x0000000000011d72                sicslowpan_get_last_rssi
 .text          0x0000000000011d7c      0x4c5 obj_cooja/mtype105.a(uip-ds6-nbr.o)
                0x0000000000011d99                uip_ds6_neighbors_init
                0x0000000000011db6                uip_ds6_nbr_add
                0x0000000000011e74                uip_ds6_nbr_rm
                0x0000000000011ea4                uip_ds6_nbr_get_ipaddr
                0x0000000000011eb9                uip_ds6_nbr_get_ll
                0x0000000000011ed5                uip_ds6_nbr_num
                0x0000000000011f1a                uip_ds6_nbr_lookup
                0x0000000000011f7f                uip_ds6_nbr_ll_lookup
                0x0000000000011f9b                uip_ds6_nbr_ipaddr_from_lladdr
                0x0000000000011fc1                uip_ds6_nbr_lladdr_from_ipaddr
                0x0000000000011fef                uip_ds6_link_neighbor_callback
                0x000000000001201c                uip_ds6_neighbor_periodic
                0x00000000000121c8                uip_ds6_get_least_lifetime_neighbor
 *fill*         0x0000000000012241        0x3 90909090
 .text          0x0000000000012244      0xbd1 obj_cooja/mtype105.a(uip-ds6-route.o)
                0x000000000001233b                uip_ds6_notification_add
                0x000000000001236c                uip_ds6_notification_rm
                0x0000000000012388                uip_ds6_route_init
                0x0000000000012410                uip_ds6_route_nexthop
                0x0000000000012438                uip_ds6_route_head
                0x000000000001244d                uip_ds6_route_next
                0x0000000000012473                uip_ds6_route_num_routes
                0x000000000001247d                uip_ds6_route_lookup
                0x00000000000125a4                uip_ds6_route_add
                0x0000000000012860                uip_ds6_route_rm
                0x0000000000012a7a                uip_ds6_route_rm_by_nexthop
                0x0000000000012ab2                uip_ds6_defrt_add
                0x0000000000012bc7                uip_ds6_defrt_rm
                0x0000000000012c5d                uip_ds6_defrt_lookup
                0x0000000000012cb6                uip_ds6_defrt_choose
                0x0000000000012da0                uip_ds6_defrt_periodic
 *fill*         0x0000000000012e15        0x3 90909090
 .text          0x0000000000012e18      0xd5a obj_cooja/mtype105.a(uip-ds6.o)
                0x0000000000012e18                uip_ds6_init
                0x0000000000012f9f                uip_ds6_periodic
                0x0000000000013088                uip_ds6_list_loop
                0x000000000001312b                uip_ds6_prefix_add
                0x0000000000013216                uip_ds6_prefix_rm
                0x0000000000013227                uip_ds6_prefix_lookup
                0x0000000000013278                uip_ds6_is_addr_onlink
                0x00000000000132ec                uip_ds6_addr_add
                0x000000000001341a                uip_ds6_addr_rm
                0x00000000000134b9                uip_ds6_addr_lookup
                0x0000000000013504                uip_ds6_get_link_local
                0x0000000000013583                uip_ds6_get_global
                0x0000000000013602                uip_ds6_maddr_add
                0x0000000000013674                uip_ds6_maddr_rm
                0x0000000000013685                uip_ds6_maddr_lookup
                0x00000000000136d0                uip_ds6_aaddr_add
                0x0000000000013742                uip_ds6_aaddr_rm
                0x0000000000013753                uip_ds6_aaddr_lookup
                0x000000000001379e                uip_ds6_select_src
                0x00000000000138e3                uip_ds6_set_addr_iid
                0x000000000001390d                get_match_length
                0x000000000001398c                uip_ds6_send_rs
                0x0000000000013a1e                rs_rtx_time
                0x0000000000013aab                beb_next
                0x0000000000013b06                uip_ds6_compute_reachable_time
 *fill*         0x0000000000013b72        0x2 90909090
 .text          0x0000000000013b74     0x1ca8 obj_cooja/mtype105.a(uip-nd6.o)
                0x0000000000014208                uip_nd6_ns_output
                0x00000000000148fc                uip_nd6_rs_output
                0x0000000000015450                uip_nd6_append_icmp_opt
                0x00000000000155cc                uip_nd6_create_na
                0x000000000001571d                uip_nd6_update_icmp_checksum
                0x0000000000015760                uip_nd6_registration_error
                0x00000000000157f0                uip_nd6_init
 .text          0x000000000001581c     0x10b2 obj_cooja/mtype105.a(uip6.o)
                0x00000000000158bd                uip_chksum
                0x00000000000159d7                uip_icmp6chksum
                0x00000000000159eb                uip_udpchksum
                0x00000000000159ff                uip_init
                0x0000000000015a59                remove_ext_hdr
                0x0000000000015b69                uip_udp_new
                0x0000000000015ef5                uip_process
                0x00000000000167c1                uip_htons
                0x00000000000167e3                uip_htonl
                0x0000000000016823                uip_send
 *fill*         0x00000000000168ce        0x2 90909090
 .text          0x00000000000168d0      0x74c obj_cooja/mtype105.a(csma.o)
 .text          0x000000000001701c      0x440 obj_cooja/mtype105.a(framer-802154.o)
 .text          0x000000000001745c       0x32 obj_cooja/mtype105.a(framer.o)
                0x000000000001745c                framer_canonical_create_and_secure
 *fill*         0x000000000001748e        0x2 90909090
 .text          0x0000000000017490       0x3c obj_cooja/mtype105.a(mac.o)
                0x0000000000017490                mac_call_sent_callback
 .text          0x00000000000174cc      0x44e obj_cooja/mtype105.a(nullrdc.o)
 *fill*         0x000000000001791a        0x2 90909090
 .text          0x000000000001791c       0x8b obj_cooja/mtype105.a(nullsec.o)
 *fill*         0x00000000000179a7        0x1 90909090
 .text          0x00000000000179a8       0x19 obj_cooja/mtype105.a(watchdog.o)
                0x00000000000179a8                watchdog_init
                0x00000000000179ad                watchdog_start
                0x00000000000179b2                watchdog_periodic
                0x00000000000179b7                watchdog_stop
                0x00000000000179bc                watchdog_reboot
 *fill*         0x00000000000179c1        0x3 90909090
 .text          0x00000000000179c4        0x0 obj_cooja/mtype105.a(rimestats.o)
 .text          0x00000000000179c4       0xa5 obj_cooja/mtype105.a(stimer.o)
                0x00000000000179c4                stimer_set
                0x00000000000179df                stimer_reset
                0x00000000000179f6                stimer_restart
                0x0000000000017a08                stimer_expired
                0x0000000000017a2f                stimer_remaining
                0x0000000000017a55                stimer_elapsed
 *fill*         0x0000000000017a69        0x3 90909090
 .text          0x0000000000017a6c      0x17d obj_cooja/mtype105.a(memb.o)
                0x0000000000017a6c                memb_init
                0x0000000000017aca                memb_alloc
                0x0000000000017b2f                memb_free
                0x0000000000017baa                memb_inmemb
 *fill*         0x0000000000017be9        0x3 90909090
 .text          0x0000000000017bec      0x6e4 obj_cooja/mtype105.a(nbr-table.o)
                0x0000000000017fd2                nbr_table_register
                0x0000000000018019                nbr_table_head
                0x0000000000018075                nbr_table_next
                0x00000000000180dc                nbr_table_add_lladdr
                0x00000000000181ad                nbr_table_get_from_lladdr
                0x00000000000181fa                nbr_table_remove
                0x000000000001824c                nbr_table_lock
                0x0000000000018276                nbr_table_unlock
                0x00000000000182a0                nbr_table_get_lladdr
 .text          0x00000000000182d0      0x120 obj_cooja/mtype105.a(uip-debug.o)
                0x00000000000182d0                uip_debug_ipaddr_print
                0x00000000000183a3                uip_debug_lladdr_print
 .text          0x00000000000183f0      0x8c4 obj_cooja/mtype105.a(uip-icmp6.o)
                0x000000000001845e                uip_icmp6_input
                0x00000000000184b4                uip_icmp6_register_input_handler
                0x0000000000018699                uip_icmp6_error_output
                0x00000000000189d5                uip_icmp6_send
                0x0000000000018c47                uip_icmp6_echo_reply_callback_add
                0x0000000000018c78                uip_icmp6_echo_reply_callback_rm
                0x0000000000018c94                uip_icmp6_init
 .text          0x0000000000018cb4      0x568 obj_cooja/mtype105.a(frame802154.o)
                0x0000000000018dab                frame802154_hdrlen
                0x0000000000018df3                frame802154_create
                0x0000000000018f83                frame802154_parse
 .text          0x000000000001921c      0x186 obj_cooja/mtype105.a(mac-sequence.o)
                0x0000000000019253                mac_sequence_is_duplicate
                0x00000000000192d7                mac_sequence_register_seqno
 *fill*         0x00000000000193a2        0xe 90909090
 .text          0x00000000000193b0       0x38 /usr/lib/gcc/i686-linux-gnu/4.6/crtendS.o
 .text          0x00000000000193e8        0x0 /usr/lib/gcc/i686-linux-gnu/4.6/../../../i386-linux-gnu/crtn.o
 *(.gnu.warning)

.fini           0x00000000000193e8       0x1a
 *(.fini)
 .fini          0x00000000000193e8       0x10 /usr/lib/gcc/i686-linux-gnu/4.6/../../../i386-linux-gnu/crti.o
                0x00000000000193e8                _fini
 .fini          0x00000000000193f8        0x5 /usr/lib/gcc/i686-linux-gnu/4.6/crtbeginS.o
 .fini          0x00000000000193fd        0x5 /usr/lib/gcc/i686-linux-gnu/4.6/../../../i386-linux-gnu/crtn.o
                0x0000000000019402                PROVIDE (__etext, .)
                0x0000000000019402                PROVIDE (_etext, .)
                0x0000000000019402                PROVIDE (etext, .)

.rodata         0x0000000000019420      0xf3c
 *(.rodata .rodata.* .gnu.linkonce.r.*)
 .rodata        0x0000000000019420       0x2a hello-world.co
                0x0000000000019434                autostart_processes
 *fill*         0x000000000001944a        0x2 00
 .rodata        0x000000000001944c      0x123 obj_cooja/mtype105.o
 *fill*         0x000000000001956f        0x1 00
 .rodata        0x0000000000019570        0x8 obj_cooja/mtype105.a(beep.o)
                0x0000000000019570                beep_interface
 .rodata        0x0000000000019578       0x20 obj_cooja/mtype105.a(button-sensor.o)
                0x0000000000019578                button_interface
                0x0000000000019588                button_sensor
 .rodata        0x0000000000019598        0x8 obj_cooja/mtype105.a(leds-arch.o)
                0x0000000000019598                leds_interface
 .rodata        0x00000000000195a0        0x8 obj_cooja/mtype105.a(moteid.o)
                0x00000000000195a0                moteid_interface
 .rodata        0x00000000000195a8       0x1c obj_cooja/mtype105.a(pir-sensor.o)
                0x00000000000195a8                pir_interface
                0x00000000000195b4                pir_sensor
 .rodata        0x00000000000195c4        0xe obj_cooja/mtype105.a(rs232.o)
                0x00000000000195c4                rs232_interface
 *fill*         0x00000000000195d2        0x2 00
 .rodata        0x00000000000195d4       0x24 obj_cooja/mtype105.a(vib-sensor.o)
                0x00000000000195d4                vib_interface
                0x00000000000195e8                vib_sensor
 .rodata        0x00000000000195f8        0x8 obj_cooja/mtype105.a(clock.o)
                0x00000000000195f8                clock_interface
 .rodata        0x0000000000019600        0x8 obj_cooja/mtype105.a(log.o)
                0x0000000000019600                simlog_interface
 .rodata        0x0000000000019608       0x2f obj_cooja/mtype105.a(cfs-cooja.o)
                0x0000000000019608                cfs_interface
 *fill*         0x0000000000019637        0x9 00
 .rodata        0x0000000000019640       0x58 obj_cooja/mtype105.a(cooja-radio.o)
                0x0000000000019640                radio_interface
                0x0000000000019660                cooja_radio_driver
 .rodata        0x0000000000019698        0x8 obj_cooja/mtype105.a(eeprom.o)
                0x0000000000019698                eeprom_interface
 .rodata        0x00000000000196a0        0x8 obj_cooja/mtype105.a(sensors.o)
 .rodata        0x00000000000196a8        0xf obj_cooja/mtype105.a(ctimer.o)
 .rodata        0x00000000000196b7        0xc obj_cooja/mtype105.a(etimer.o)
 .rodata        0x00000000000196c3        0xe obj_cooja/mtype105.a(serial-line.o)
 .rodata        0x00000000000196d1        0x8 obj_cooja/mtype105.a(linkaddr.o)
                0x00000000000196d1                linkaddr_null
 *fill*         0x00000000000196d9        0x3 00
 .rodata        0x00000000000196dc       0x9a obj_cooja/mtype105.a(tcpip.o)
 *fill*         0x0000000000019776        0x2 00
 .rodata        0x0000000000019778       0x2c obj_cooja/mtype105.a(sicslowpan.o)
                0x0000000000019778                unc_llconf
                0x000000000001977c                unc_ctxconf
                0x0000000000019780                unc_mxconf
                0x0000000000019784                llprefix
                0x0000000000019798                sicslowpan_driver
 .rodata        0x00000000000197a4      0x47c obj_cooja/mtype105.a(uip-ds6-route.o)
 .rodata        0x0000000000019c20       0xc1 obj_cooja/mtype105.a(uip-ds6.o)
 *fill*         0x0000000000019ce1        0x3 00
 .rodata        0x0000000000019ce4      0x24b obj_cooja/mtype105.a(uip-nd6.o)
 *fill*         0x0000000000019f2f        0x1 00
 .rodata        0x0000000000019f30      0x378 obj_cooja/mtype105.a(uip6.o)
 .rodata        0x000000000001a2a8       0x24 obj_cooja/mtype105.a(csma.o)
                0x000000000001a2b0                csma_driver
 .rodata        0x000000000001a2cc       0x14 obj_cooja/mtype105.a(framer-802154.o)
                0x000000000001a2d0                framer_802154
 .rodata        0x000000000001a2e0       0x40 obj_cooja/mtype105.a(nullrdc.o)
                0x000000000001a300                nullrdc_driver
 .rodata        0x000000000001a320       0x20 obj_cooja/mtype105.a(nullsec.o)
                0x000000000001a328                nullsec_driver
 .rodata        0x000000000001a340       0x1c obj_cooja/mtype105.a(uip-debug.o)

.rodata1
 *(.rodata1)

.eh_frame_hdr   0x000000000001a35c      0xe84
 *(.eh_frame_hdr)
 .eh_frame_hdr  0x000000000001a35c      0xe84 /usr/lib/gcc/i686-linux-gnu/4.6/../../../i386-linux-gnu/crti.o

.eh_frame       0x000000000001b1e0     0x3b3c
 *(.eh_frame)
 .eh_frame      0x000000000001b1e0       0x3c /usr/lib/gcc/i686-linux-gnu/4.6/../../../i386-linux-gnu/crti.o
                                         0x40 (size before relaxing)
 .eh_frame      0x000000000001b21c       0x20 hello-world.co
                                         0x38 (size before relaxing)
 .eh_frame      0x000000000001b23c      0x148 obj_cooja/mtype105.o
                                        0x160 (size before relaxing)
 .eh_frame      0x000000000001b384       0x40 obj_cooja/mtype105.a(simEnvChange.o)
                                         0x58 (size before relaxing)
 .eh_frame      0x000000000001b3c4       0xc0 obj_cooja/mtype105.a(cooja_mt.o)
                                         0xd8 (size before relaxing)
 .eh_frame      0x000000000001b484      0x128 obj_cooja/mtype105.a(cooja_mtarch.o)
                                        0x140 (size before relaxing)
 .eh_frame      0x000000000001b5ac       0xc0 obj_cooja/mtype105.a(rtimer-arch.o)
                                         0xd8 (size before relaxing)
 .eh_frame      0x000000000001b66c      0x160 obj_cooja/mtype105.a(beep.o)
                                        0x178 (size before relaxing)
 .eh_frame      0x000000000001b7cc       0xa0 obj_cooja/mtype105.a(button-sensor.o)
                                         0xb8 (size before relaxing)
 .eh_frame      0x000000000001b86c       0xa0 obj_cooja/mtype105.a(leds-arch.o)
                                         0xb8 (size before relaxing)
 .eh_frame      0x000000000001b90c       0x40 obj_cooja/mtype105.a(moteid.o)
                                         0x58 (size before relaxing)
 .eh_frame      0x000000000001b94c       0xa0 obj_cooja/mtype105.a(pir-sensor.o)
                                         0xb8 (size before relaxing)
 .eh_frame      0x000000000001b9ec      0x100 obj_cooja/mtype105.a(rs232.o)
                                        0x118 (size before relaxing)
 .eh_frame      0x000000000001baec       0xa0 obj_cooja/mtype105.a(vib-sensor.o)
                                         0xb8 (size before relaxing)
 .eh_frame      0x000000000001bb8c       0xc0 obj_cooja/mtype105.a(clock.o)
                                         0xd8 (size before relaxing)
 .eh_frame      0x000000000001bc4c      0x128 obj_cooja/mtype105.a(log.o)
                                        0x140 (size before relaxing)
 .eh_frame      0x000000000001bd74      0x168 obj_cooja/mtype105.a(cfs-cooja.o)
                                        0x180 (size before relaxing)
 .eh_frame      0x000000000001bedc      0x2e0 obj_cooja/mtype105.a(cooja-radio.o)
                                        0x2f8 (size before relaxing)
 .eh_frame      0x000000000001c1bc       0xa0 obj_cooja/mtype105.a(eeprom.o)
                                         0xb8 (size before relaxing)
 .eh_frame      0x000000000001c25c       0x40 obj_cooja/mtype105.a(random.o)
                                         0x58 (size before relaxing)
 .eh_frame      0x000000000001c29c       0xc4 obj_cooja/mtype105.a(sensors.o)
                                         0xdc (size before relaxing)
 .eh_frame      0x000000000001c360       0x40 obj_cooja/mtype105.a(autostart.o)
                                         0x58 (size before relaxing)
 .eh_frame      0x000000000001c3a0       0xe0 obj_cooja/mtype105.a(ctimer.o)
                                         0xf8 (size before relaxing)
 .eh_frame      0x000000000001c480      0x1c0 obj_cooja/mtype105.a(etimer.o)
                                        0x1d8 (size before relaxing)
 .eh_frame      0x000000000001c640      0x1c8 obj_cooja/mtype105.a(process.o)
                                        0x1e0 (size before relaxing)
 .eh_frame      0x000000000001c808       0x60 obj_cooja/mtype105.a(rtimer.o)
                                         0x78 (size before relaxing)
 .eh_frame      0x000000000001c868       0xa4 obj_cooja/mtype105.a(timer.o)
                                         0xbc (size before relaxing)
 .eh_frame      0x000000000001c90c       0x60 obj_cooja/mtype105.a(serial-line.o)
                                         0x78 (size before relaxing)
 .eh_frame      0x000000000001c96c      0x180 obj_cooja/mtype105.a(list.o)
                                        0x198 (size before relaxing)
 .eh_frame      0x000000000001caec       0xa0 obj_cooja/mtype105.a(ringbuf.o)
                                         0xb8 (size before relaxing)
 .eh_frame      0x000000000001cb8c       0x60 obj_cooja/mtype105.a(linkaddr.o)
                                         0x78 (size before relaxing)
 .eh_frame      0x000000000001cbec       0x20 obj_cooja/mtype105.a(netstack.o)
                                         0x38 (size before relaxing)
 .eh_frame      0x000000000001cc0c      0x2b4 obj_cooja/mtype105.a(packetbuf.o)
                                        0x2cc (size before relaxing)
 .eh_frame      0x000000000001cec0      0x188 obj_cooja/mtype105.a(queuebuf.o)
                                        0x1a0 (size before relaxing)
 .eh_frame      0x000000000001d048      0x1c8 obj_cooja/mtype105.a(tcpip.o)
                                        0x1e0 (size before relaxing)
 .eh_frame      0x000000000001d210       0xe0 obj_cooja/mtype105.a(uip-packetqueue)
                                         0xf8 (size before relaxing)
 .eh_frame      0x000000000001d2f0      0x2b4 obj_cooja/mtype105.a(sicslowpan.o)
                                        0x2cc (size before relaxing)
 .eh_frame      0x000000000001d5a4      0x1c8 obj_cooja/mtype105.a(uip-ds6-nbr.o)
                                        0x1e0 (size before relaxing)
 .eh_frame      0x000000000001d76c      0x2a0 obj_cooja/mtype105.a(uip-ds6-route.o)
                                        0x2b8 (size before relaxing)
 .eh_frame      0x000000000001da0c      0x33c obj_cooja/mtype105.a(uip-ds6.o)
                                        0x354 (size before relaxing)
 .eh_frame      0x000000000001dd48      0x19c obj_cooja/mtype105.a(uip-nd6.o)
                                        0x1b4 (size before relaxing)
 .eh_frame      0x000000000001dee4      0x1b0 obj_cooja/mtype105.a(uip6.o)
                                        0x1c8 (size before relaxing)
 .eh_frame      0x000000000001e094      0x1c8 obj_cooja/mtype105.a(csma.o)
                                        0x1e0 (size before relaxing)
 .eh_frame      0x000000000001e25c      0x134 obj_cooja/mtype105.a(framer-802154.o)
                                        0x14c (size before relaxing)
 .eh_frame      0x000000000001e390       0x20 obj_cooja/mtype105.a(framer.o)
                                         0x38 (size before relaxing)
 .eh_frame      0x000000000001e3b0       0x20 obj_cooja/mtype105.a(mac.o)
                                         0x38 (size before relaxing)
 .eh_frame      0x000000000001e3d0      0x16c obj_cooja/mtype105.a(nullrdc.o)
                                        0x184 (size before relaxing)
 .eh_frame      0x000000000001e53c       0xc0 obj_cooja/mtype105.a(nullsec.o)
                                         0xd8 (size before relaxing)
 .eh_frame      0x000000000001e5fc       0xa0 obj_cooja/mtype105.a(watchdog.o)
                                         0xb8 (size before relaxing)
 .eh_frame      0x000000000001e69c       0xc4 obj_cooja/mtype105.a(stimer.o)
                                         0xdc (size before relaxing)
 .eh_frame      0x000000000001e760       0x80 obj_cooja/mtype105.a(memb.o)
                                         0x98 (size before relaxing)
 .eh_frame      0x000000000001e7e0      0x270 obj_cooja/mtype105.a(nbr-table.o)
                                        0x288 (size before relaxing)
 .eh_frame      0x000000000001ea50       0x40 obj_cooja/mtype105.a(uip-debug.o)
                                         0x58 (size before relaxing)
 .eh_frame      0x000000000001ea90      0x160 obj_cooja/mtype105.a(uip-icmp6.o)
                                        0x178 (size before relaxing)
 .eh_frame      0x000000000001ebf0       0xa0 obj_cooja/mtype105.a(frame802154.o)
                                         0xb8 (size before relaxing)
 .eh_frame      0x000000000001ec90       0x88 obj_cooja/mtype105.a(mac-sequence.o)
                                         0xa0 (size before relaxing)
 .eh_frame      0x000000000001ed18        0x4 /usr/lib/gcc/i686-linux-gnu/4.6/crtendS.o

.gcc_except_table
 *(.gcc_except_table .gcc_except_table.*)

.exception_ranges
 *(.exception_ranges .exception_ranges*)
                0x000000000001ed1c                . = (ALIGN (0x1000) - ((0x1000 - .) & 0xfff))
                0x000000000001ff0c                . = DATA_SEGMENT_ALIGN (0x1000, 0x1000)

.eh_frame
 *(.eh_frame)

.gcc_except_table
 *(.gcc_except_table .gcc_except_table.*)

.exception_ranges
 *(.exception_ranges .exception_ranges*)

.tdata
 *(.tdata .tdata.* .gnu.linkonce.td.*)

.tbss
 *(.tbss .tbss.* .gnu.linkonce.tb.*)
 *(.tcommon)

.preinit_array
 *(.preinit_array)

.init_array
 *(SORT(.init_array.*) SORT(.ctors.*))
 *(.init_array)
 *(EXCLUDE_FILE(*crtend?.o *crtend.o *crtbegin?.o *crtbegin.o) .ctors)

.fini_array
 *(SORT(.fini_array.*) SORT(.dtors.*))
 *(.fini_array)
 *(EXCLUDE_FILE(*crtend?.o *crtend.o *crtbegin?.o *crtbegin.o) .dtors)

.ctors          0x000000000001ff0c        0x8
 *crtbegin.o(.ctors)
 *crtbegin?.o(.ctors)
 .ctors         0x000000000001ff0c        0x4 /usr/lib/gcc/i686-linux-gnu/4.6/crtbeginS.o
 *(EXCLUDE_FILE(*crtend?.o *crtend.o) .ctors)
 *(SORT(.ctors.*))
 *(.ctors)
 .ctors         0x000000000001ff10        0x4 /usr/lib/gcc/i686-linux-gnu/4.6/crtendS.o

.dtors          0x000000000001ff14        0x8
 *crtbegin.o(.dtors)
 *crtbegin?.o(.dtors)
 .dtors         0x000000000001ff14        0x4 /usr/lib/gcc/i686-linux-gnu/4.6/crtbeginS.o
 *(EXCLUDE_FILE(*crtend?.o *crtend.o) .dtors)
 *(SORT(.dtors.*))
 *(.dtors)
 .dtors         0x000000000001ff18        0x4 /usr/lib/gcc/i686-linux-gnu/4.6/crtendS.o
                0x000000000001ff18                __DTOR_END__

.jcr            0x000000000001ff1c        0x4
 *(.jcr)
 .jcr           0x000000000001ff1c        0x0 /usr/lib/gcc/i686-linux-gnu/4.6/crtbeginS.o
 .jcr           0x000000000001ff1c        0x4 /usr/lib/gcc/i686-linux-gnu/4.6/crtendS.o

.data.rel.ro
 *(.data.rel.ro.local* .gnu.linkonce.d.rel.ro.local.*)
 *(.data.rel.ro* .gnu.linkonce.d.rel.ro.*)

.dynamic        0x000000000001ff20       0xc8
 *(.dynamic)
 .dynamic       0x000000000001ff20       0xc8 /usr/lib/gcc/i686-linux-gnu/4.6/../../../i386-linux-gnu/crti.o
                0x000000000001ff20                _DYNAMIC

.got            0x000000000001ffe8        0xc
 *(.got)
 .got           0x000000000001ffe8        0xc /usr/lib/gcc/i686-linux-gnu/4.6/../../../i386-linux-gnu/crti.o
 *(.igot)
                0x000000000001fff4                . = DATA_SEGMENT_RELRO_END (., 0xc)

.got.plt        0x000000000001fff4       0x14
 *(.got.plt)
 .got.plt       0x000000000001fff4       0x14 /usr/lib/gcc/i686-linux-gnu/4.6/../../../i386-linux-gnu/crti.o
                0x000000000001fff4                _GLOBAL_OFFSET_TABLE_
 *(.igot.plt)

.data           0x0000000000020020      0x1e8
 *(.data .data.* .gnu.linkonce.d.*)
 .data          0x0000000000020020        0x0 /usr/lib/gcc/i686-linux-gnu/4.6/../../../i386-linux-gnu/crti.o
 .data          0x0000000000020020        0x0 /usr/lib/gcc/i686-linux-gnu/4.6/crtbeginS.o
 .data.rel      0x0000000000020020        0x4 /usr/lib/gcc/i686-linux-gnu/4.6/crtbeginS.o
                0x0000000000020020                __dso_handle
 .data          0x0000000000020024       0x10 hello-world.co
                0x0000000000020024                hello_world_process
 *fill*         0x0000000000020034        0xc 00
 .data          0x0000000000020040       0x44 obj_cooja/mtype105.o
                0x0000000000020040                simInterfaces
                0x0000000000020074                sensors
 .data          0x0000000000020084        0x0 obj_cooja/mtype105.a(simEnvChange.o)
 .data          0x0000000000020084        0x0 obj_cooja/mtype105.a(cooja_mt.o)
 .data          0x0000000000020084        0x0 obj_cooja/mtype105.a(cooja_mtarch.o)
 .data          0x0000000000020084        0x0 obj_cooja/mtype105.a(rtimer-arch.o)
 .data          0x0000000000020084        0x0 obj_cooja/mtype105.a(beep.o)
 .data          0x0000000000020084        0x0 obj_cooja/mtype105.a(button-sensor.o)
 .data          0x0000000000020084        0x0 obj_cooja/mtype105.a(leds-arch.o)
 .data          0x0000000000020084        0x0 obj_cooja/mtype105.a(moteid.o)
 .data          0x0000000000020084        0x0 obj_cooja/mtype105.a(pir-sensor.o)
 .data          0x0000000000020084        0x0 obj_cooja/mtype105.a(rs232.o)
 .data          0x0000000000020084        0x0 obj_cooja/mtype105.a(vib-sensor.o)
 .data          0x0000000000020084        0x0 obj_cooja/mtype105.a(clock.o)
 .data          0x0000000000020084        0x0 obj_cooja/mtype105.a(log.o)
 .data          0x0000000000020084        0x0 obj_cooja/mtype105.a(cfs-cooja.o)
 .data          0x0000000000020084       0x28 obj_cooja/mtype105.a(cooja-radio.o)
                0x0000000000020084                simRadioHWOn
                0x0000000000020088                simSignalStrength
                0x000000000002008c                simLastSignalStrength
                0x0000000000020090                simPower
                0x0000000000020094                simRadioChannel
                0x0000000000020098                simLQI
                0x000000000002009c                cooja_radio_process
 .data          0x00000000000200ac        0x0 obj_cooja/mtype105.a(eeprom.o)
 .data          0x00000000000200ac        0x0 obj_cooja/mtype105.a(random.o)
 .data          0x00000000000200ac       0x10 obj_cooja/mtype105.a(sensors.o)
                0x00000000000200ac                sensors_process
 .data          0x00000000000200bc        0x0 obj_cooja/mtype105.a(autostart.o)
 .data          0x00000000000200bc       0x14 obj_cooja/mtype105.a(ctimer.o)
                0x00000000000200c0                ctimer_process
 .data          0x00000000000200d0       0x10 obj_cooja/mtype105.a(etimer.o)
                0x00000000000200d0                etimer_process
 .data          0x00000000000200e0        0x0 obj_cooja/mtype105.a(process.o)
 .data          0x00000000000200e0        0x0 obj_cooja/mtype105.a(rtimer.o)
 .data          0x00000000000200e0        0x0 obj_cooja/mtype105.a(timer.o)
 .data          0x00000000000200e0       0x10 obj_cooja/mtype105.a(serial-line.o)
                0x00000000000200e0                serial_line_process
 .data          0x00000000000200f0        0x0 obj_cooja/mtype105.a(list.o)
 .data          0x00000000000200f0        0x0 obj_cooja/mtype105.a(ringbuf.o)
 .data          0x00000000000200f0        0x0 obj_cooja/mtype105.a(linkaddr.o)
 .data          0x00000000000200f0        0x0 obj_cooja/mtype105.a(netstack.o)
 .data          0x00000000000200f0        0x4 obj_cooja/mtype105.a(packetbuf.o)
 .data          0x00000000000200f4       0x24 obj_cooja/mtype105.a(queuebuf.o)
 .data          0x0000000000020118       0x10 obj_cooja/mtype105.a(tcpip.o)
                0x0000000000020118                tcpip_process
 .data          0x0000000000020128        0xc obj_cooja/mtype105.a(uip-packetqueue)
 .data          0x0000000000020134        0x0 obj_cooja/mtype105.a(sicslowpan.o)
 .data          0x0000000000020134       0x14 obj_cooja/mtype105.a(uip-ds6-nbr.o)
                0x0000000000020144                ds6_neighbors
 .data          0x0000000000020148       0x44 obj_cooja/mtype105.a(uip-ds6-route.o)
 .data          0x000000000002018c        0x0 obj_cooja/mtype105.a(uip-ds6.o)
 .data          0x000000000002018c       0x24 obj_cooja/mtype105.a(uip-nd6.o)
 .data          0x00000000000201b0        0x0 obj_cooja/mtype105.a(uip6.o)
 .data          0x00000000000201b0       0x28 obj_cooja/mtype105.a(csma.o)
 .data          0x00000000000201d8        0x0 obj_cooja/mtype105.a(framer-802154.o)
 .data          0x00000000000201d8        0x0 obj_cooja/mtype105.a(framer.o)
 .data          0x00000000000201d8        0x0 obj_cooja/mtype105.a(mac.o)
 .data          0x00000000000201d8        0x0 obj_cooja/mtype105.a(nullrdc.o)
 .data          0x00000000000201d8        0x0 obj_cooja/mtype105.a(nullsec.o)
 .data          0x00000000000201d8        0x0 obj_cooja/mtype105.a(watchdog.o)
 .data          0x00000000000201d8        0x0 obj_cooja/mtype105.a(rimestats.o)
 .data          0x00000000000201d8        0x0 obj_cooja/mtype105.a(stimer.o)
 .data          0x00000000000201d8        0x0 obj_cooja/mtype105.a(memb.o)
 .data          0x00000000000201d8       0x10 obj_cooja/mtype105.a(nbr-table.o)
 .data          0x00000000000201e8        0x0 obj_cooja/mtype105.a(uip-debug.o)
 .data          0x00000000000201e8       0x20 obj_cooja/mtype105.a(uip-icmp6.o)
 .data          0x0000000000020208        0x0 obj_cooja/mtype105.a(frame802154.o)
 .data          0x0000000000020208        0x0 obj_cooja/mtype105.a(mac-sequence.o)
 .data          0x0000000000020208        0x0 /usr/lib/gcc/i686-linux-gnu/4.6/crtendS.o
 .data          0x0000000000020208        0x0 /usr/lib/gcc/i686-linux-gnu/4.6/../../../i386-linux-gnu/crtn.o

.data1
 *(.data1)
                0x0000000000020208                _edata = .
                0x0000000000020208                PROVIDE (edata, .)
                0x0000000000020208                __bss_start = .

.bss            0x0000000000020220     0xebc8
 *(.dynbss)
 .dynbss        0x0000000000000000        0x0 /usr/lib/gcc/i686-linux-gnu/4.6/../../../i386-linux-gnu/crti.o
 *(.bss .bss.* .gnu.linkonce.b.*)
 .bss           0x0000000000020220        0x0 /usr/lib/gcc/i686-linux-gnu/4.6/../../../i386-linux-gnu/crti.o
 .bss           0x0000000000020220        0x8 /usr/lib/gcc/i686-linux-gnu/4.6/crtbeginS.o
 .bss           0x0000000000020228        0x0 hello-world.co
 *fill*         0x0000000000020228       0x18 00
 .bss           0x0000000000020240     0x2030 obj_cooja/mtype105.o
 .bss           0x0000000000022270        0x1 obj_cooja/mtype105.a(simEnvChange.o)
                0x0000000000022270                simDontFallAsleep
 *fill*         0x0000000000022271        0x3 00
 .bss           0x0000000000022274        0x4 obj_cooja/mtype105.a(cooja_mt.o)
 .bss           0x0000000000022278        0x4 obj_cooja/mtype105.a(cooja_mtarch.o)
 .bss           0x000000000002227c        0xc obj_cooja/mtype105.a(rtimer-arch.o)
 .bss           0x0000000000022288        0x0 obj_cooja/mtype105.a(beep.o)
 .bss           0x0000000000022288        0x8 obj_cooja/mtype105.a(button-sensor.o)
 .bss           0x0000000000022290        0x0 obj_cooja/mtype105.a(leds-arch.o)
 .bss           0x0000000000022290        0x0 obj_cooja/mtype105.a(moteid.o)
 .bss           0x0000000000022290        0x1 obj_cooja/mtype105.a(pir-sensor.o)
                0x0000000000022290                simPirValue
 *fill*         0x0000000000022291        0x3 00
 .bss           0x0000000000022294        0x4 obj_cooja/mtype105.a(rs232.o)
 .bss           0x0000000000022298        0x1 obj_cooja/mtype105.a(vib-sensor.o)
                0x0000000000022298                simVibValue
 *fill*         0x0000000000022299        0x3 00
 .bss           0x000000000002229c        0x0 obj_cooja/mtype105.a(clock.o)
 *fill*         0x000000000002229c        0x4 00
 .bss           0x00000000000222a0      0x421 obj_cooja/mtype105.a(log.o)
 *fill*         0x00000000000226c1       0x1f 00
 .bss           0x00000000000226e0      0xfbc obj_cooja/mtype105.a(cfs-cooja.o)
                0x00000000000226e0                simCFSData
                0x0000000000023680                simCFSChanged
                0x0000000000023684                simCFSRead
                0x0000000000023688                simCFSWritten
 .bss           0x000000000002369c       0x10 obj_cooja/mtype105.a(cooja-radio.o)
                0x000000000002369c                simReceiving
                0x00000000000236a0                simInSize
                0x00000000000236a4                simOutSize
 .bss           0x00000000000236ac        0xc obj_cooja/mtype105.a(eeprom.o)
                0x00000000000236ac                simEEPROMChanged
                0x00000000000236b0                simEEPROMRead
                0x00000000000236b4                simEEPROMWritten
 .bss           0x00000000000236b8        0x0 obj_cooja/mtype105.a(random.o)
 .bss           0x00000000000236b8        0xc obj_cooja/mtype105.a(sensors.o)
 .bss           0x00000000000236c4        0x0 obj_cooja/mtype105.a(autostart.o)
 .bss           0x00000000000236c4        0x5 obj_cooja/mtype105.a(ctimer.o)
 *fill*         0x00000000000236c9        0x3 00
 .bss           0x00000000000236cc        0x8 obj_cooja/mtype105.a(etimer.o)
 *fill*         0x00000000000236d4        0xc 00
 .bss           0x00000000000236e0      0x1b0 obj_cooja/mtype105.a(process.o)
                0x00000000000236e0                process_list
                0x00000000000236e4                process_current
 .bss           0x0000000000023890        0x4 obj_cooja/mtype105.a(rtimer.o)
 .bss           0x0000000000023894        0x0 obj_cooja/mtype105.a(timer.o)
 *fill*         0x0000000000023894        0xc 00
 .bss           0x00000000000238a0      0x141 obj_cooja/mtype105.a(serial-line.o)
 *fill*         0x00000000000239e1        0x3 00
 .bss           0x00000000000239e4        0x0 obj_cooja/mtype105.a(list.o)
 .bss           0x00000000000239e4        0x0 obj_cooja/mtype105.a(ringbuf.o)
 .bss           0x00000000000239e4        0x0 obj_cooja/mtype105.a(linkaddr.o)
 .bss           0x00000000000239e4        0x0 obj_cooja/mtype105.a(netstack.o)
 *fill*         0x00000000000239e4       0x1c 00
 .bss           0x0000000000023a00       0xd8 obj_cooja/mtype105.a(packetbuf.o)
 *fill*         0x0000000000023ad8        0x8 00
 .bss           0x0000000000023ae0      0xe80 obj_cooja/mtype105.a(queuebuf.o)
 .bss           0x0000000000024960       0x16 obj_cooja/mtype105.a(tcpip.o)
 *fill*         0x0000000000024976        0xa 00
 .bss           0x0000000000024980      0x258 obj_cooja/mtype105.a(uip-packetqueue)
 *fill*         0x0000000000024bd8        0x8 00
 .bss           0x0000000000024be0      0x144 obj_cooja/mtype105.a(sicslowpan.o)
 *fill*         0x0000000000024d24       0x1c 00
 .bss           0x0000000000024d40     0x3390 obj_cooja/mtype105.a(uip-ds6-nbr.o)
 *fill*         0x00000000000280d0       0x10 00
 .bss           0x00000000000280e0     0x44a8 obj_cooja/mtype105.a(uip-ds6-route.o)
 .bss           0x000000000002c588       0x24 obj_cooja/mtype105.a(uip-ds6.o)
 .bss           0x000000000002c5ac       0x30 obj_cooja/mtype105.a(uip-nd6.o)
 .bss           0x000000000002c5dc        0x6 obj_cooja/mtype105.a(uip6.o)
                0x000000000002c5dc                uip_ext_bitmap
                0x000000000002c5dd                uip_ext_len
                0x000000000002c5de                uip_ext_opt_offset
 *fill*         0x000000000002c5e2       0x1e 00
 .bss           0x000000000002c600      0x248 obj_cooja/mtype105.a(csma.o)
 .bss           0x000000000002c848        0x2 obj_cooja/mtype105.a(framer-802154.o)
 *fill*         0x000000000002c84a        0x2 00
 .bss           0x000000000002c84c        0x0 obj_cooja/mtype105.a(framer.o)
 .bss           0x000000000002c84c        0x0 obj_cooja/mtype105.a(mac.o)
 .bss           0x000000000002c84c        0x0 obj_cooja/mtype105.a(nullrdc.o)
 .bss           0x000000000002c84c        0x0 obj_cooja/mtype105.a(nullsec.o)
 .bss           0x000000000002c84c        0x0 obj_cooja/mtype105.a(watchdog.o)
 .bss           0x000000000002c84c        0x0 obj_cooja/mtype105.a(rimestats.o)
 .bss           0x000000000002c84c        0x0 obj_cooja/mtype105.a(stimer.o)
 .bss           0x000000000002c84c        0x0 obj_cooja/mtype105.a(memb.o)
 *fill*         0x000000000002c84c       0x14 00
 .bss           0x000000000002c860     0x1214 obj_cooja/mtype105.a(nbr-table.o)
 .bss           0x000000000002da74        0x0 obj_cooja/mtype105.a(uip-debug.o)
 .bss           0x000000000002da74       0x18 obj_cooja/mtype105.a(uip-icmp6.o)
 .bss           0x000000000002da8c        0x0 obj_cooja/mtype105.a(frame802154.o)
 *fill*         0x000000000002da8c       0x14 00
 .bss           0x000000000002daa0       0x90 obj_cooja/mtype105.a(mac-sequence.o)
 .bss           0x000000000002db30        0x0 /usr/lib/gcc/i686-linux-gnu/4.6/crtendS.o
 .bss           0x000000000002db30        0x0 /usr/lib/gcc/i686-linux-gnu/4.6/../../../i386-linux-gnu/crtn.o
 *(COMMON)
 COMMON         0x000000000002db30        0x8 obj_cooja/mtype105.o
                0x000000000002db30                referenceVar
                0x000000000002db34                sensors_flags
 COMMON         0x000000000002db38        0xc obj_cooja/mtype105.a(simEnvChange.o)
                0x000000000002db38                simEtimerPending
                0x000000000002db3c                simProcessRunValue
                0x000000000002db40                simNextExpirationTime
 COMMON         0x000000000002db44        0x1 obj_cooja/mtype105.a(beep.o)
                0x000000000002db44                simBeeped
 COMMON         0x000000000002db45        0x3 obj_cooja/mtype105.a(button-sensor.o)
                0x000000000002db45                simButtonIsActive
                0x000000000002db46                simButtonIsDown
                0x000000000002db47                simButtonChanged
 COMMON         0x000000000002db48        0x1 obj_cooja/mtype105.a(leds-arch.o)
                0x000000000002db48                simLedsValue
 *fill*         0x000000000002db49        0x3 00
 COMMON         0x000000000002db4c        0xc obj_cooja/mtype105.a(moteid.o)
                0x000000000002db4c                simRandomSeed
                0x000000000002db50                simMoteIDChanged
                0x000000000002db54                simMoteID
 COMMON         0x000000000002db58        0x2 obj_cooja/mtype105.a(pir-sensor.o)
                0x000000000002db58                simPirIsActive
                0x000000000002db59                simPirChanged
 *fill*         0x000000000002db5a        0x6 00
 COMMON         0x000000000002db60      0x420 obj_cooja/mtype105.a(rs232.o)
                0x000000000002db60                simSerialReceivingFlag
                0x000000000002db64                simSerialReceivingLength
                0x000000000002db80                simSerialReceivingData
 COMMON         0x000000000002df80        0x2 obj_cooja/mtype105.a(vib-sensor.o)
                0x000000000002df80                simVibChanged
                0x000000000002df81                simVibIsActive
 *fill*         0x000000000002df82        0x2 00
 COMMON         0x000000000002df84        0x4 obj_cooja/mtype105.a(clock.o)
                0x000000000002df84                simCurrentTime
 *fill*         0x000000000002df88       0x18 00
 COMMON         0x000000000002dfa0      0x420 obj_cooja/mtype105.a(log.o)
                0x000000000002dfa0                simLoggedLength
                0x000000000002dfa4                simLoggedFlag
                0x000000000002dfc0                simLoggedData
 COMMON         0x000000000002e3c0      0x100 obj_cooja/mtype105.a(cooja-radio.o)
                0x000000000002e3c0                simOutDataBuffer
                0x000000000002e440                simInDataBuffer
 COMMON         0x000000000002e4c0      0x400 obj_cooja/mtype105.a(eeprom.o)
                0x000000000002e4c0                simEEPROMData
 COMMON         0x000000000002e8c0        0x1 obj_cooja/mtype105.a(sensors.o)
                0x000000000002e8c0                sensors_event
 COMMON         0x000000000002e8c1        0x1 obj_cooja/mtype105.a(serial-line.o)
                0x000000000002e8c1                serial_line_event_message
 COMMON         0x000000000002e8c2        0x8 obj_cooja/mtype105.a(linkaddr.o)
                0x000000000002e8c2                linkaddr_node_addr
 *fill*         0x000000000002e8ca       0x16 00
 COMMON         0x000000000002e8e0       0x60 obj_cooja/mtype105.a(packetbuf.o)
                0x000000000002e8e0                packetbuf_attrs
                0x000000000002e920                packetbuf_addrs
 COMMON         0x000000000002e940        0x1 obj_cooja/mtype105.a(tcpip.o)
                0x000000000002e940                tcpip_event
 COMMON         0x000000000002e941        0x8 obj_cooja/mtype105.a(sicslowpan.o)
                0x000000000002e941                frag_sender
 *fill*         0x000000000002e949       0x17 00
 COMMON         0x000000000002e960      0x161 obj_cooja/mtype105.a(uip-ds6.o)
                0x000000000002e960                uip_ds6_prefix_list
                0x000000000002e9c0                ra_solicited_addr
                0x000000000002e9d0                uip_ds6_timer_periodic
                0x000000000002e9e0                replyRA
                0x000000000002e9e4                uip_ds6_timer_rs
                0x000000000002e9f4                uip_ds6_netif_addr_list_offset
                0x000000000002ea00                uip_ds6_if
                0x000000000002eac0                uip_ds6_addr_size
 *fill*         0x000000000002eac1       0x1f 00
 COMMON         0x000000000002eae0      0x2ac obj_cooja/mtype105.a(uip6.o)
                0x000000000002eae0                uip_slen
                0x000000000002eae2                uip_lladdr
                0x000000000002eaec                uip_appdata
                0x000000000002eaf0                uip_flags
                0x000000000002eb00                uip_aligned_buf
                0x000000000002ebf0                uip_len
                0x000000000002ebf4                uip_sappdata
                0x000000000002ec00                uip_udp_conns
                0x000000000002ed80                uip_udp_conn
                0x000000000002ed84                uip_next_hdr
                0x000000000002ed88                uip_conn
 *fill*         0x000000000002ed8c       0x14 00
 COMMON         0x000000000002eda0       0x48 obj_cooja/mtype105.a(rimestats.o)
                0x000000000002eda0                rimestats
                0x000000000002ede8                . = ALIGN ((. != 0x0)?0x4:0x1)
                0x000000000002ede8                . = ALIGN (0x4)
                0x000000000002ede8                . = ALIGN (0x4)
                0x000000000002ede8                _end = .
                0x000000000002ede8                PROVIDE (end, .)
                0x000000000002ede8                . = DATA_SEGMENT_END (.)

.stab
 *(.stab)

.stabstr
 *(.stabstr)

.stab.excl
 *(.stab.excl)

.stab.exclstr
 *(.stab.exclstr)

.stab.index
 *(.stab.index)

.stab.indexstr
 *(.stab.indexstr)

.comment        0x0000000000000000       0x2a
 *(.comment)
 .comment       0x0000000000000000       0x2a /usr/lib/gcc/i686-linux-gnu/4.6/crtbeginS.o
                                         0x2b (size before relaxing)
 .comment       0x0000000000000000       0x2b hello-world.co
 .comment       0x0000000000000000       0x2b obj_cooja/mtype105.o
 .comment       0x0000000000000000       0x2b obj_cooja/mtype105.a(simEnvChange.o)
 .comment       0x0000000000000000       0x2b obj_cooja/mtype105.a(cooja_mt.o)
 .comment       0x0000000000000000       0x2b obj_cooja/mtype105.a(cooja_mtarch.o)
 .comment       0x0000000000000000       0x2b obj_cooja/mtype105.a(rtimer-arch.o)
 .comment       0x0000000000000000       0x2b obj_cooja/mtype105.a(beep.o)
 .comment       0x0000000000000000       0x2b obj_cooja/mtype105.a(button-sensor.o)
 .comment       0x0000000000000000       0x2b obj_cooja/mtype105.a(leds-arch.o)
 .comment       0x0000000000000000       0x2b obj_cooja/mtype105.a(moteid.o)
 .comment       0x0000000000000000       0x2b obj_cooja/mtype105.a(pir-sensor.o)
 .comment       0x0000000000000000       0x2b obj_cooja/mtype105.a(rs232.o)
 .comment       0x0000000000000000       0x2b obj_cooja/mtype105.a(vib-sensor.o)
 .comment       0x0000000000000000       0x2b obj_cooja/mtype105.a(clock.o)
 .comment       0x0000000000000000       0x2b obj_cooja/mtype105.a(log.o)
 .comment       0x0000000000000000       0x2b obj_cooja/mtype105.a(cfs-cooja.o)
 .comment       0x0000000000000000       0x2b obj_cooja/mtype105.a(cooja-radio.o)
 .comment       0x0000000000000000       0x2b obj_cooja/mtype105.a(eeprom.o)
 .comment       0x0000000000000000       0x2b obj_cooja/mtype105.a(random.o)
 .comment       0x0000000000000000       0x2b obj_cooja/mtype105.a(sensors.o)
 .comment       0x0000000000000000       0x2b obj_cooja/mtype105.a(autostart.o)
 .comment       0x0000000000000000       0x2b obj_cooja/mtype105.a(ctimer.o)
 .comment       0x0000000000000000       0x2b obj_cooja/mtype105.a(etimer.o)
 .comment       0x0000000000000000       0x2b obj_cooja/mtype105.a(process.o)
 .comment       0x0000000000000000       0x2b obj_cooja/mtype105.a(rtimer.o)
 .comment       0x0000000000000000       0x2b obj_cooja/mtype105.a(timer.o)
 .comment       0x0000000000000000       0x2b obj_cooja/mtype105.a(serial-line.o)
 .comment       0x0000000000000000       0x2b obj_cooja/mtype105.a(list.o)
 .comment       0x0000000000000000       0x2b obj_cooja/mtype105.a(ringbuf.o)
 .comment       0x0000000000000000       0x2b obj_cooja/mtype105.a(linkaddr.o)
 .comment       0x0000000000000000       0x2b obj_cooja/mtype105.a(netstack.o)
 .comment       0x0000000000000000       0x2b obj_cooja/mtype105.a(packetbuf.o)
 .comment       0x0000000000000000       0x2b obj_cooja/mtype105.a(queuebuf.o)
 .comment       0x0000000000000000       0x2b obj_cooja/mtype105.a(tcpip.o)
 .comment       0x0000000000000000       0x2b obj_cooja/mtype105.a(uip-packetqueue)
 .comment       0x0000000000000000       0x2b obj_cooja/mtype105.a(sicslowpan.o)
 .comment       0x0000000000000000       0x2b obj_cooja/mtype105.a(uip-ds6-nbr.o)
 .comment       0x0000000000000000       0x2b obj_cooja/mtype105.a(uip-ds6-route.o)
 .comment       0x0000000000000000       0x2b obj_cooja/mtype105.a(uip-ds6.o)
 .comment       0x0000000000000000       0x2b obj_cooja/mtype105.a(uip-nd6.o)
 .comment       0x0000000000000000       0x2b obj_cooja/mtype105.a(uip6.o)
 .comment       0x0000000000000000       0x2b obj_cooja/mtype105.a(csma.o)
 .comment       0x0000000000000000       0x2b obj_cooja/mtype105.a(framer-802154.o)
 .comment       0x0000000000000000       0x2b obj_cooja/mtype105.a(framer.o)
 .comment       0x0000000000000000       0x2b obj_cooja/mtype105.a(mac.o)
 .comment       0x0000000000000000       0x2b obj_cooja/mtype105.a(nullrdc.o)
 .comment       0x0000000000000000       0x2b obj_cooja/mtype105.a(nullsec.o)
 .comment       0x0000000000000000       0x2b obj_cooja/mtype105.a(watchdog.o)
 .comment       0x0000000000000000       0x2b obj_cooja/mtype105.a(rimestats.o)
 .comment       0x0000000000000000       0x2b obj_cooja/mtype105.a(stimer.o)
 .comment       0x0000000000000000       0x2b obj_cooja/mtype105.a(memb.o)
 .comment       0x0000000000000000       0x2b obj_cooja/mtype105.a(nbr-table.o)
 .comment       0x0000000000000000       0x2b obj_cooja/mtype105.a(uip-debug.o)
 .comment       0x0000000000000000       0x2b obj_cooja/mtype105.a(uip-icmp6.o)
 .comment       0x0000000000000000       0x2b obj_cooja/mtype105.a(frame802154.o)
 .comment       0x0000000000000000       0x2b obj_cooja/mtype105.a(mac-sequence.o)
 .comment       0x0000000000000000       0x2b /usr/lib/gcc/i686-linux-gnu/4.6/crtendS.o

.debug
 *(.debug)

.line
 *(.line)

.debug_srcinfo
 *(.debug_srcinfo)

.debug_sfnames
 *(.debug_sfnames)

.debug_aranges  0x0000000000000000      0x6e0
 *(.debug_aranges)
 .debug_aranges
                0x0000000000000000       0x20 hello-world.co
 .debug_aranges
                0x0000000000000020       0x20 obj_cooja/mtype105.o
 .debug_aranges
                0x0000000000000040       0x20 obj_cooja/mtype105.a(simEnvChange.o)
 .debug_aranges
                0x0000000000000060       0x20 obj_cooja/mtype105.a(cooja_mt.o)
 .debug_aranges
                0x0000000000000080       0x20 obj_cooja/mtype105.a(cooja_mtarch.o)
 .debug_aranges
                0x00000000000000a0       0x20 obj_cooja/mtype105.a(rtimer-arch.o)
 .debug_aranges
                0x00000000000000c0       0x20 obj_cooja/mtype105.a(beep.o)
 .debug_aranges
                0x00000000000000e0       0x20 obj_cooja/mtype105.a(button-sensor.o)
 .debug_aranges
                0x0000000000000100       0x20 obj_cooja/mtype105.a(leds-arch.o)
 .debug_aranges
                0x0000000000000120       0x20 obj_cooja/mtype105.a(moteid.o)
 .debug_aranges
                0x0000000000000140       0x20 obj_cooja/mtype105.a(pir-sensor.o)
 .debug_aranges
                0x0000000000000160       0x20 obj_cooja/mtype105.a(rs232.o)
 .debug_aranges
                0x0000000000000180       0x20 obj_cooja/mtype105.a(vib-sensor.o)
 .debug_aranges
                0x00000000000001a0       0x20 obj_cooja/mtype105.a(clock.o)
 .debug_aranges
                0x00000000000001c0       0x20 obj_cooja/mtype105.a(log.o)
 .debug_aranges
                0x00000000000001e0       0x20 obj_cooja/mtype105.a(cfs-cooja.o)
 .debug_aranges
                0x0000000000000200       0x20 obj_cooja/mtype105.a(cooja-radio.o)
 .debug_aranges
                0x0000000000000220       0x20 obj_cooja/mtype105.a(eeprom.o)
 .debug_aranges
                0x0000000000000240       0x20 obj_cooja/mtype105.a(random.o)
 .debug_aranges
                0x0000000000000260       0x20 obj_cooja/mtype105.a(sensors.o)
 .debug_aranges
                0x0000000000000280       0x20 obj_cooja/mtype105.a(autostart.o)
 .debug_aranges
                0x00000000000002a0       0x20 obj_cooja/mtype105.a(ctimer.o)
 .debug_aranges
                0x00000000000002c0       0x20 obj_cooja/mtype105.a(etimer.o)
 .debug_aranges
                0x00000000000002e0       0x20 obj_cooja/mtype105.a(process.o)
 .debug_aranges
                0x0000000000000300       0x20 obj_cooja/mtype105.a(rtimer.o)
 .debug_aranges
                0x0000000000000320       0x20 obj_cooja/mtype105.a(timer.o)
 .debug_aranges
                0x0000000000000340       0x20 obj_cooja/mtype105.a(serial-line.o)
 .debug_aranges
                0x0000000000000360       0x20 obj_cooja/mtype105.a(list.o)
 .debug_aranges
                0x0000000000000380       0x20 obj_cooja/mtype105.a(ringbuf.o)
 .debug_aranges
                0x00000000000003a0       0x20 obj_cooja/mtype105.a(linkaddr.o)
 .debug_aranges
                0x00000000000003c0       0x20 obj_cooja/mtype105.a(netstack.o)
 .debug_aranges
                0x00000000000003e0       0x20 obj_cooja/mtype105.a(packetbuf.o)
 .debug_aranges
                0x0000000000000400       0x20 obj_cooja/mtype105.a(queuebuf.o)
 .debug_aranges
                0x0000000000000420       0x20 obj_cooja/mtype105.a(tcpip.o)
 .debug_aranges
                0x0000000000000440       0x20 obj_cooja/mtype105.a(uip-packetqueue)
 .debug_aranges
                0x0000000000000460       0x20 obj_cooja/mtype105.a(sicslowpan.o)
 .debug_aranges
                0x0000000000000480       0x20 obj_cooja/mtype105.a(uip-ds6-nbr.o)
 .debug_aranges
                0x00000000000004a0       0x20 obj_cooja/mtype105.a(uip-ds6-route.o)
 .debug_aranges
                0x00000000000004c0       0x20 obj_cooja/mtype105.a(uip-ds6.o)
 .debug_aranges
                0x00000000000004e0       0x20 obj_cooja/mtype105.a(uip-nd6.o)
 .debug_aranges
                0x0000000000000500       0x20 obj_cooja/mtype105.a(uip6.o)
 .debug_aranges
                0x0000000000000520       0x20 obj_cooja/mtype105.a(csma.o)
 .debug_aranges
                0x0000000000000540       0x20 obj_cooja/mtype105.a(framer-802154.o)
 .debug_aranges
                0x0000000000000560       0x20 obj_cooja/mtype105.a(framer.o)
 .debug_aranges
                0x0000000000000580       0x20 obj_cooja/mtype105.a(mac.o)
 .debug_aranges
                0x00000000000005a0       0x20 obj_cooja/mtype105.a(nullrdc.o)
 .debug_aranges
                0x00000000000005c0       0x20 obj_cooja/mtype105.a(nullsec.o)
 .debug_aranges
                0x00000000000005e0       0x20 obj_cooja/mtype105.a(watchdog.o)
 .debug_aranges
                0x0000000000000600       0x20 obj_cooja/mtype105.a(stimer.o)
 .debug_aranges
                0x0000000000000620       0x20 obj_cooja/mtype105.a(memb.o)
 .debug_aranges
                0x0000000000000640       0x20 obj_cooja/mtype105.a(nbr-table.o)
 .debug_aranges
                0x0000000000000660       0x20 obj_cooja/mtype105.a(uip-debug.o)
 .debug_aranges
                0x0000000000000680       0x20 obj_cooja/mtype105.a(uip-icmp6.o)
 .debug_aranges
                0x00000000000006a0       0x20 obj_cooja/mtype105.a(frame802154.o)
 .debug_aranges
                0x00000000000006c0       0x20 obj_cooja/mtype105.a(mac-sequence.o)

.debug_pubnames
 *(.debug_pubnames)

.debug_info     0x0000000000000000    0x144a9
 *(.debug_info .gnu.linkonce.wi.*)
 .debug_info    0x0000000000000000      0x1e4 hello-world.co
 .debug_info    0x00000000000001e4     0x3ae9 obj_cooja/mtype105.o
 .debug_info    0x0000000000003ccd      0x164 obj_cooja/mtype105.a(simEnvChange.o)
 .debug_info    0x0000000000003e31      0x1f9 obj_cooja/mtype105.a(cooja_mt.o)
 .debug_info    0x000000000000402a      0x327 obj_cooja/mtype105.a(cooja_mtarch.o)
 .debug_info    0x0000000000004351      0x182 obj_cooja/mtype105.a(rtimer-arch.o)
 .debug_info    0x00000000000044d3      0x21d obj_cooja/mtype105.a(beep.o)
 .debug_info    0x00000000000046f0      0x277 obj_cooja/mtype105.a(button-sensor.o)
 .debug_info    0x0000000000004967      0x144 obj_cooja/mtype105.a(leds-arch.o)
 .debug_info    0x0000000000004aab      0x112 obj_cooja/mtype105.a(moteid.o)
 .debug_info    0x0000000000004bbd      0x232 obj_cooja/mtype105.a(pir-sensor.o)
 .debug_info    0x0000000000004def      0x24e obj_cooja/mtype105.a(rs232.o)
 .debug_info    0x000000000000503d      0x232 obj_cooja/mtype105.a(vib-sensor.o)
 .debug_info    0x000000000000526f      0x168 obj_cooja/mtype105.a(clock.o)
 .debug_info    0x00000000000053d7      0x2df obj_cooja/mtype105.a(log.o)
 .debug_info    0x00000000000056b6      0x412 obj_cooja/mtype105.a(cfs-cooja.o)
 .debug_info    0x0000000000005ac8      0xccd obj_cooja/mtype105.a(cooja-radio.o)
 .debug_info    0x0000000000006795      0x228 obj_cooja/mtype105.a(eeprom.o)
 .debug_info    0x00000000000069bd       0xb4 obj_cooja/mtype105.a(random.o)
 .debug_info    0x0000000000006a71      0x394 obj_cooja/mtype105.a(sensors.o)
 .debug_info    0x0000000000006e05      0x1b5 obj_cooja/mtype105.a(autostart.o)
 .debug_info    0x0000000000006fba      0x453 obj_cooja/mtype105.a(ctimer.o)
 .debug_info    0x000000000000740d      0x4b1 obj_cooja/mtype105.a(etimer.o)
 .debug_info    0x00000000000078be      0x4fe obj_cooja/mtype105.a(process.o)
 .debug_info    0x0000000000007dbc      0x1b7 obj_cooja/mtype105.a(rtimer.o)
 .debug_info    0x0000000000007f73      0x17d obj_cooja/mtype105.a(timer.o)
 .debug_info    0x00000000000080f0      0x2f2 obj_cooja/mtype105.a(serial-line.o)
 .debug_info    0x00000000000083e2      0x31f obj_cooja/mtype105.a(list.o)
 .debug_info    0x0000000000008701      0x1bf obj_cooja/mtype105.a(ringbuf.o)
 .debug_info    0x00000000000088c0      0x165 obj_cooja/mtype105.a(linkaddr.o)
 .debug_info    0x0000000000008a25      0x4bb obj_cooja/mtype105.a(netstack.o)
 .debug_info    0x0000000000008ee0      0x5d6 obj_cooja/mtype105.a(packetbuf.o)
 .debug_info    0x00000000000094b6      0x6df obj_cooja/mtype105.a(queuebuf.o)
 .debug_info    0x0000000000009b95      0xcbd obj_cooja/mtype105.a(tcpip.o)
 .debug_info    0x000000000000a852      0x4bc obj_cooja/mtype105.a(uip-packetqueue)
 .debug_info    0x000000000000ad0e      0xf21 obj_cooja/mtype105.a(sicslowpan.o)
 .debug_info    0x000000000000bc2f      0xb9b obj_cooja/mtype105.a(uip-ds6-nbr.o)
 .debug_info    0x000000000000c7ca      0xda8 obj_cooja/mtype105.a(uip-ds6-route.o)
 .debug_info    0x000000000000d572      0xbe2 obj_cooja/mtype105.a(uip-ds6.o)
 .debug_info    0x000000000000e154      0xf83 obj_cooja/mtype105.a(uip-nd6.o)
 .debug_info    0x000000000000f0d7      0xca6 obj_cooja/mtype105.a(uip6.o)
 .debug_info    0x000000000000fd7d      0xbe1 obj_cooja/mtype105.a(csma.o)
 .debug_info    0x000000000001095e      0x6ef obj_cooja/mtype105.a(framer-802154.o)
 .debug_info    0x000000000001104d      0x2a1 obj_cooja/mtype105.a(framer.o)
 .debug_info    0x00000000000112ee      0x110 obj_cooja/mtype105.a(mac.o)
 .debug_info    0x00000000000113fe      0xd43 obj_cooja/mtype105.a(nullrdc.o)
 .debug_info    0x0000000000012141      0x4b3 obj_cooja/mtype105.a(nullsec.o)
 .debug_info    0x00000000000125f4       0x8f obj_cooja/mtype105.a(watchdog.o)
 .debug_info    0x0000000000012683      0x146 obj_cooja/mtype105.a(rimestats.o)
 .debug_info    0x00000000000127c9      0x18e obj_cooja/mtype105.a(stimer.o)
 .debug_info    0x0000000000012957      0x1a1 obj_cooja/mtype105.a(memb.o)
 .debug_info    0x0000000000012af8      0x855 obj_cooja/mtype105.a(nbr-table.o)
 .debug_info    0x000000000001334d      0x1b8 obj_cooja/mtype105.a(uip-debug.o)
 .debug_info    0x0000000000013505      0x7cd obj_cooja/mtype105.a(uip-icmp6.o)
 .debug_info    0x0000000000013cd2      0x4e0 obj_cooja/mtype105.a(frame802154.o)
 .debug_info    0x00000000000141b2      0x2f7 obj_cooja/mtype105.a(mac-sequence.o)

.debug_abbrev   0x0000000000000000     0x4e8b
 *(.debug_abbrev)
 .debug_abbrev  0x0000000000000000      0x11b hello-world.co
 .debug_abbrev  0x000000000000011b      0x29e obj_cooja/mtype105.o
 .debug_abbrev  0x00000000000003b9       0xc0 obj_cooja/mtype105.a(simEnvChange.o)
 .debug_abbrev  0x0000000000000479       0xe0 obj_cooja/mtype105.a(cooja_mt.o)
 .debug_abbrev  0x0000000000000559      0x126 obj_cooja/mtype105.a(cooja_mtarch.o)
 .debug_abbrev  0x000000000000067f       0xa9 obj_cooja/mtype105.a(rtimer-arch.o)
 .debug_abbrev  0x0000000000000728       0xda obj_cooja/mtype105.a(beep.o)
 .debug_abbrev  0x0000000000000802       0xe6 obj_cooja/mtype105.a(button-sensor.o)
 .debug_abbrev  0x00000000000008e8       0xd5 obj_cooja/mtype105.a(leds-arch.o)
 .debug_abbrev  0x00000000000009bd       0x83 obj_cooja/mtype105.a(moteid.o)
 .debug_abbrev  0x0000000000000a40       0xca obj_cooja/mtype105.a(pir-sensor.o)
 .debug_abbrev  0x0000000000000b0a      0x13a obj_cooja/mtype105.a(rs232.o)
 .debug_abbrev  0x0000000000000c44       0xca obj_cooja/mtype105.a(vib-sensor.o)
 .debug_abbrev  0x0000000000000d0e       0xe2 obj_cooja/mtype105.a(clock.o)
 .debug_abbrev  0x0000000000000df0      0x11e obj_cooja/mtype105.a(log.o)
 .debug_abbrev  0x0000000000000f0e      0x133 obj_cooja/mtype105.a(cfs-cooja.o)
 .debug_abbrev  0x0000000000001041      0x291 obj_cooja/mtype105.a(cooja-radio.o)
 .debug_abbrev  0x00000000000012d2      0x112 obj_cooja/mtype105.a(eeprom.o)
 .debug_abbrev  0x00000000000013e4       0x67 obj_cooja/mtype105.a(random.o)
 .debug_abbrev  0x000000000000144b      0x19c obj_cooja/mtype105.a(sensors.o)
 .debug_abbrev  0x00000000000015e7       0xf5 obj_cooja/mtype105.a(autostart.o)
 .debug_abbrev  0x00000000000016dc      0x195 obj_cooja/mtype105.a(ctimer.o)
 .debug_abbrev  0x0000000000001871      0x1cc obj_cooja/mtype105.a(etimer.o)
 .debug_abbrev  0x0000000000001a3d      0x1fb obj_cooja/mtype105.a(process.o)
 .debug_abbrev  0x0000000000001c38      0x11b obj_cooja/mtype105.a(rtimer.o)
 .debug_abbrev  0x0000000000001d53       0xd2 obj_cooja/mtype105.a(timer.o)
 .debug_abbrev  0x0000000000001e25      0x18e obj_cooja/mtype105.a(serial-line.o)
 .debug_abbrev  0x0000000000001fb3      0x11c obj_cooja/mtype105.a(list.o)
 .debug_abbrev  0x00000000000020cf       0xd2 obj_cooja/mtype105.a(ringbuf.o)
 .debug_abbrev  0x00000000000021a1       0xd2 obj_cooja/mtype105.a(linkaddr.o)
 .debug_abbrev  0x0000000000002273       0xff obj_cooja/mtype105.a(netstack.o)
 .debug_abbrev  0x0000000000002372      0x1d5 obj_cooja/mtype105.a(packetbuf.o)
 .debug_abbrev  0x0000000000002547      0x1b6 obj_cooja/mtype105.a(queuebuf.o)
 .debug_abbrev  0x00000000000026fd      0x2c0 obj_cooja/mtype105.a(tcpip.o)
 .debug_abbrev  0x00000000000029bd      0x17d obj_cooja/mtype105.a(uip-packetqueue)
 .debug_abbrev  0x0000000000002b3a      0x28f obj_cooja/mtype105.a(sicslowpan.o)
 .debug_abbrev  0x0000000000002dc9      0x2a5 obj_cooja/mtype105.a(uip-ds6-nbr.o)
 .debug_abbrev  0x000000000000306e      0x287 obj_cooja/mtype105.a(uip-ds6-route.o)
 .debug_abbrev  0x00000000000032f5      0x20e obj_cooja/mtype105.a(uip-ds6.o)
 .debug_abbrev  0x0000000000003503      0x28b obj_cooja/mtype105.a(uip-nd6.o)
 .debug_abbrev  0x000000000000378e      0x253 obj_cooja/mtype105.a(uip6.o)
 .debug_abbrev  0x00000000000039e1      0x2b3 obj_cooja/mtype105.a(csma.o)
 .debug_abbrev  0x0000000000003c94      0x1cc obj_cooja/mtype105.a(framer-802154.o)
 .debug_abbrev  0x0000000000003e60      0x141 obj_cooja/mtype105.a(framer.o)
 .debug_abbrev  0x0000000000003fa1       0xa0 obj_cooja/mtype105.a(mac.o)
 .debug_abbrev  0x0000000000004041      0x2c8 obj_cooja/mtype105.a(nullrdc.o)
 .debug_abbrev  0x0000000000004309      0x1ea obj_cooja/mtype105.a(nullsec.o)
 .debug_abbrev  0x00000000000044f3       0x29 obj_cooja/mtype105.a(watchdog.o)
 .debug_abbrev  0x000000000000451c       0x5d obj_cooja/mtype105.a(rimestats.o)
 .debug_abbrev  0x0000000000004579       0xb6 obj_cooja/mtype105.a(stimer.o)
 .debug_abbrev  0x000000000000462f       0xdb obj_cooja/mtype105.a(memb.o)
 .debug_abbrev  0x000000000000470a      0x1ac obj_cooja/mtype105.a(nbr-table.o)
 .debug_abbrev  0x00000000000048b6       0xc8 obj_cooja/mtype105.a(uip-debug.o)
 .debug_abbrev  0x000000000000497e      0x22c obj_cooja/mtype105.a(uip-icmp6.o)
 .debug_abbrev  0x0000000000004baa      0x176 obj_cooja/mtype105.a(frame802154.o)
 .debug_abbrev  0x0000000000004d20      0x16b obj_cooja/mtype105.a(mac-sequence.o)

.debug_line     0x0000000000000000     0x50c2
 *(.debug_line)
 .debug_line    0x0000000000000000       0x78 hello-world.co
 .debug_line    0x0000000000000078      0x46b obj_cooja/mtype105.o
 .debug_line    0x00000000000004e3       0xd4 obj_cooja/mtype105.a(simEnvChange.o)
 .debug_line    0x00000000000005b7       0xc6 obj_cooja/mtype105.a(cooja_mt.o)
 .debug_line    0x000000000000067d       0xf9 obj_cooja/mtype105.a(cooja_mtarch.o)
 .debug_line    0x0000000000000776       0xb0 obj_cooja/mtype105.a(rtimer-arch.o)
 .debug_line    0x0000000000000826       0xc3 obj_cooja/mtype105.a(beep.o)
 .debug_line    0x00000000000008e9      0x12a obj_cooja/mtype105.a(button-sensor.o)
 .debug_line    0x0000000000000a13       0x8e obj_cooja/mtype105.a(leds-arch.o)
 .debug_line    0x0000000000000aa1       0x84 obj_cooja/mtype105.a(moteid.o)
 .debug_line    0x0000000000000b25       0xbf obj_cooja/mtype105.a(pir-sensor.o)
 .debug_line    0x0000000000000be4       0xc6 obj_cooja/mtype105.a(rs232.o)
 .debug_line    0x0000000000000caa       0xbf obj_cooja/mtype105.a(vib-sensor.o)
 .debug_line    0x0000000000000d69       0xb4 obj_cooja/mtype105.a(clock.o)
 .debug_line    0x0000000000000e1d      0x113 obj_cooja/mtype105.a(log.o)
 .debug_line    0x0000000000000f30       0xfb obj_cooja/mtype105.a(cfs-cooja.o)
 .debug_line    0x000000000000102b      0x260 obj_cooja/mtype105.a(cooja-radio.o)
 .debug_line    0x000000000000128b       0xcc obj_cooja/mtype105.a(eeprom.o)
 .debug_line    0x0000000000001357       0x4c obj_cooja/mtype105.a(random.o)
 .debug_line    0x00000000000013a3      0x11f obj_cooja/mtype105.a(sensors.o)
 .debug_line    0x00000000000014c2       0xa8 obj_cooja/mtype105.a(autostart.o)
 .debug_line    0x000000000000156a      0x16e obj_cooja/mtype105.a(ctimer.o)
 .debug_line    0x00000000000016d8      0x186 obj_cooja/mtype105.a(etimer.o)
 .debug_line    0x000000000000185e      0x175 obj_cooja/mtype105.a(process.o)
 .debug_line    0x00000000000019d3       0xa9 obj_cooja/mtype105.a(rtimer.o)
 .debug_line    0x0000000000001a7c       0xa7 obj_cooja/mtype105.a(timer.o)
 .debug_line    0x0000000000001b23      0x113 obj_cooja/mtype105.a(serial-line.o)
 .debug_line    0x0000000000001c36      0x105 obj_cooja/mtype105.a(list.o)
 .debug_line    0x0000000000001d3b       0xa6 obj_cooja/mtype105.a(ringbuf.o)
 .debug_line    0x0000000000001de1       0x73 obj_cooja/mtype105.a(linkaddr.o)
 .debug_line    0x0000000000001e54       0xe4 obj_cooja/mtype105.a(netstack.o)
 .debug_line    0x0000000000001f38      0x152 obj_cooja/mtype105.a(packetbuf.o)
 .debug_line    0x000000000000208a      0x117 obj_cooja/mtype105.a(queuebuf.o)
 .debug_line    0x00000000000021a1      0x2db obj_cooja/mtype105.a(tcpip.o)
 .debug_line    0x000000000000247c      0x176 obj_cooja/mtype105.a(uip-packetqueue)
 .debug_line    0x00000000000025f2      0x6af obj_cooja/mtype105.a(sicslowpan.o)
 .debug_line    0x0000000000002ca1      0x282 obj_cooja/mtype105.a(uip-ds6-nbr.o)
 .debug_line    0x0000000000002f23      0x363 obj_cooja/mtype105.a(uip-ds6-route.o)
 .debug_line    0x0000000000003286      0x366 obj_cooja/mtype105.a(uip-ds6.o)
 .debug_line    0x00000000000035ec      0x53b obj_cooja/mtype105.a(uip-nd6.o)
 .debug_line    0x0000000000003b27      0x36c obj_cooja/mtype105.a(uip6.o)
 .debug_line    0x0000000000003e93      0x285 obj_cooja/mtype105.a(csma.o)
 .debug_line    0x0000000000004118      0x16c obj_cooja/mtype105.a(framer-802154.o)
 .debug_line    0x0000000000004284       0xf3 obj_cooja/mtype105.a(framer.o)
 .debug_line    0x0000000000004377       0x72 obj_cooja/mtype105.a(mac.o)
 .debug_line    0x00000000000043e9      0x274 obj_cooja/mtype105.a(nullrdc.o)
 .debug_line    0x000000000000465d       0xff obj_cooja/mtype105.a(nullsec.o)
 .debug_line    0x000000000000475c       0x5c obj_cooja/mtype105.a(watchdog.o)
 .debug_line    0x00000000000047b8       0x65 obj_cooja/mtype105.a(rimestats.o)
 .debug_line    0x000000000000481d       0x84 obj_cooja/mtype105.a(stimer.o)
 .debug_line    0x00000000000048a1       0xae obj_cooja/mtype105.a(memb.o)
 .debug_line    0x000000000000494f      0x21c obj_cooja/mtype105.a(nbr-table.o)
 .debug_line    0x0000000000004b6b       0xbf obj_cooja/mtype105.a(uip-debug.o)
 .debug_line    0x0000000000004c2a      0x215 obj_cooja/mtype105.a(uip-icmp6.o)
 .debug_line    0x0000000000004e3f      0x1a0 obj_cooja/mtype105.a(frame802154.o)
 .debug_line    0x0000000000004fdf       0xe3 obj_cooja/mtype105.a(mac-sequence.o)

.debug_frame
 *(.debug_frame)

.debug_str      0x0000000000000000     0x56e7
 *(.debug_str)
 .debug_str     0x0000000000000000      0x124 hello-world.co
                                        0x190 (size before relaxing)
 .debug_str     0x0000000000000124     0x18cf obj_cooja/mtype105.o
                                       0x1ae8 (size before relaxing)
 .debug_str     0x00000000000019f3       0x28 obj_cooja/mtype105.a(simEnvChange.o)
                                        0x18f (size before relaxing)
 .debug_str     0x0000000000001a1b       0x85 obj_cooja/mtype105.a(cooja_mt.o)
                                        0x1b9 (size before relaxing)
 .debug_str     0x0000000000001aa0       0xf5 obj_cooja/mtype105.a(cooja_mtarch.o)
                                        0x23f (size before relaxing)
 .debug_str     0x0000000000001b95       0xbd obj_cooja/mtype105.a(rtimer-arch.o)
                                        0x1dd (size before relaxing)
 .debug_str     0x0000000000001c52       0xbe obj_cooja/mtype105.a(beep.o)
                                        0x1d6 (size before relaxing)
 .debug_str     0x0000000000001d10       0x6a obj_cooja/mtype105.a(button-sensor.o)
                                        0x206 (size before relaxing)
 .debug_str     0x0000000000001d7a       0x62 obj_cooja/mtype105.a(leds-arch.o)
                                        0x1a1 (size before relaxing)
 .debug_str     0x0000000000001ddc       0x41 obj_cooja/mtype105.a(moteid.o)
                                        0x18c (size before relaxing)
 .debug_str     0x0000000000001e1d       0x4f obj_cooja/mtype105.a(pir-sensor.o)
                                        0x1c3 (size before relaxing)
 .debug_str     0x0000000000001e6c       0xc7 obj_cooja/mtype105.a(rs232.o)
                                        0x22c (size before relaxing)
 .debug_str     0x0000000000001f33       0x4f obj_cooja/mtype105.a(vib-sensor.o)
                                        0x1c3 (size before relaxing)
 .debug_str     0x0000000000001f82       0x5c obj_cooja/mtype105.a(clock.o)
                                        0x1b8 (size before relaxing)
 .debug_str     0x0000000000001fde       0xbf obj_cooja/mtype105.a(log.o)
                                        0x246 (size before relaxing)
 .debug_str     0x000000000000209d      0x10c obj_cooja/mtype105.a(cfs-cooja.o)
                                        0x264 (size before relaxing)
 .debug_str     0x00000000000021a9      0x686 obj_cooja/mtype105.a(cooja-radio.o)
                                        0x9af (size before relaxing)
 .debug_str     0x000000000000282f       0x8e obj_cooja/mtype105.a(eeprom.o)
                                        0x1e0 (size before relaxing)
 .debug_str     0x00000000000028bd       0x35 obj_cooja/mtype105.a(random.o)
                                        0x101 (size before relaxing)
 .debug_str     0x00000000000028f2       0x9b obj_cooja/mtype105.a(sensors.o)
                                        0x228 (size before relaxing)
 .debug_str     0x000000000000298d       0x3a obj_cooja/mtype105.a(autostart.o)
                                        0x154 (size before relaxing)
 .debug_str     0x00000000000029c7       0xd7 obj_cooja/mtype105.a(ctimer.o)